// Validating benchmarks:
// ***** BenchmarkRunner: Start   *****
// ***** Found 22 benchmark(s) in total *****
// ***** Building 1 exe(s) in Parallel: Start   *****
// start dotnet  restore --nodeReuse:false /p:UseSharedCompilation=false /p:Deterministic=true /p:Optimize=true /p:ArtifactsPath="/home/user/CSharp_LinearAlgebra/bench/Tensile.Benchmarks/bin/Release/net10.0/Tensile.Benchmarks-Dry-1/" /p:OutDir="/home/user/CSharp_LinearAlgebra/bench/Tensile.Benchmarks/bin/Release/net10.0/Tensile.Benchmarks-Dry-1/bin/Release/net10.0/" /p:OutputPath="/home/user/CSharp_LinearAlgebra/bench/Tensile.Benchmarks/bin/Release/net10.0/Tensile.Benchmarks-Dry-1/bin/Release/net10.0/" /p:PublishDir="/home/user/CSharp_LinearAlgebra/bench/Tensile.Benchmarks/bin/Release/net10.0/Tensile.Benchmarks-Dry-1/publish/" in /home/user/CSharp_LinearAlgebra/bench/Tensile.Benchmarks/bin/Release/net10.0/Tensile.Benchmarks-Dry-1
// command took 2.01 sec and exited with 0
// start dotnet  build -c Release --no-restore --nodeReuse:false /p:UseSharedCompilation=false /p:Deterministic=true /p:Optimize=true /p:ArtifactsPath="/home/user/CSharp_LinearAlgebra/bench/Tensile.Benchmarks/bin/Release/net10.0/Tensile.Benchmarks-Dry-1/" /p:OutDir="/home/user/CSharp_LinearAlgebra/bench/Tensile.Benchmarks/bin/Release/net10.0/Tensile.Benchmarks-Dry-1/bin/Release/net10.0/" /p:OutputPath="/home/user/CSharp_LinearAlgebra/bench/Tensile.Benchmarks/bin/Release/net10.0/Tensile.Benchmarks-Dry-1/bin/Release/net10.0/" /p:PublishDir="/home/user/CSharp_LinearAlgebra/bench/Tensile.Benchmarks/bin/Release/net10.0/Tensile.Benchmarks-Dry-1/publish/" --output "/home/user/CSharp_LinearAlgebra/bench/Tensile.Benchmarks/bin/Release/net10.0/Tensile.Benchmarks-Dry-1/bin/Release/net10.0/" in /home/user/CSharp_LinearAlgebra/bench/Tensile.Benchmarks/bin/Release/net10.0/Tensile.Benchmarks-Dry-1
// command took 18.97 sec and exited with 0
// ***** Done, took 00:00:21 (21.05 sec)   *****
// Found 22 benchmarks:
//   ParallelCrossoverBenchmarks.Serial: Dry(IterationCount=1, LaunchCount=1, RunStrategy=ColdStart, UnrollFactor=1, WarmupCount=1) [Shape=1024x64]
//   ParallelCrossoverBenchmarks.Threaded: Dry(IterationCount=1, LaunchCount=1, RunStrategy=ColdStart, UnrollFactor=1, WarmupCount=1) [Shape=1024x64]
//   ParallelCrossoverBenchmarks.Serial: Dry(IterationCount=1, LaunchCount=1, RunStrategy=ColdStart, UnrollFactor=1, WarmupCount=1) [Shape=128]
//   ParallelCrossoverBenchmarks.Threaded: Dry(IterationCount=1, LaunchCount=1, RunStrategy=ColdStart, UnrollFactor=1, WarmupCount=1) [Shape=128]
//   ParallelCrossoverBenchmarks.Serial: Dry(IterationCount=1, LaunchCount=1, RunStrategy=ColdStart, UnrollFactor=1, WarmupCount=1) [Shape=160]
//   ParallelCrossoverBenchmarks.Threaded: Dry(IterationCount=1, LaunchCount=1, RunStrategy=ColdStart, UnrollFactor=1, WarmupCount=1) [Shape=160]
//   ParallelCrossoverBenchmarks.Serial: Dry(IterationCount=1, LaunchCount=1, RunStrategy=ColdStart, UnrollFactor=1, WarmupCount=1) [Shape=192]
//   ParallelCrossoverBenchmarks.Threaded: Dry(IterationCount=1, LaunchCount=1, RunStrategy=ColdStart, UnrollFactor=1, WarmupCount=1) [Shape=192]
//   ParallelCrossoverBenchmarks.Serial: Dry(IterationCount=1, LaunchCount=1, RunStrategy=ColdStart, UnrollFactor=1, WarmupCount=1) [Shape=2048x64]
//   ParallelCrossoverBenchmarks.Threaded: Dry(IterationCount=1, LaunchCount=1, RunStrategy=ColdStart, UnrollFactor=1, WarmupCount=1) [Shape=2048x64]
//   ParallelCrossoverBenchmarks.Serial: Dry(IterationCount=1, LaunchCount=1, RunStrategy=ColdStart, UnrollFactor=1, WarmupCount=1) [Shape=256]
//   ParallelCrossoverBenchmarks.Threaded: Dry(IterationCount=1, LaunchCount=1, RunStrategy=ColdStart, UnrollFactor=1, WarmupCount=1) [Shape=256]
//   ParallelCrossoverBenchmarks.Serial: Dry(IterationCount=1, LaunchCount=1, RunStrategy=ColdStart, UnrollFactor=1, WarmupCount=1) [Shape=256x64]
//   ParallelCrossoverBenchmarks.Threaded: Dry(IterationCount=1, LaunchCount=1, RunStrategy=ColdStart, UnrollFactor=1, WarmupCount=1) [Shape=256x64]
//   ParallelCrossoverBenchmarks.Serial: Dry(IterationCount=1, LaunchCount=1, RunStrategy=ColdStart, UnrollFactor=1, WarmupCount=1) [Shape=384]
//   ParallelCrossoverBenchmarks.Threaded: Dry(IterationCount=1, LaunchCount=1, RunStrategy=ColdStart, UnrollFactor=1, WarmupCount=1) [Shape=384]
//   ParallelCrossoverBenchmarks.Serial: Dry(IterationCount=1, LaunchCount=1, RunStrategy=ColdStart, UnrollFactor=1, WarmupCount=1) [Shape=512x64]
//   ParallelCrossoverBenchmarks.Threaded: Dry(IterationCount=1, LaunchCount=1, RunStrategy=ColdStart, UnrollFactor=1, WarmupCount=1) [Shape=512x64]
//   ParallelCrossoverBenchmarks.Serial: Dry(IterationCount=1, LaunchCount=1, RunStrategy=ColdStart, UnrollFactor=1, WarmupCount=1) [Shape=64]
//   ParallelCrossoverBenchmarks.Threaded: Dry(IterationCount=1, LaunchCount=1, RunStrategy=ColdStart, UnrollFactor=1, WarmupCount=1) [Shape=64]
//   ParallelCrossoverBenchmarks.Serial: Dry(IterationCount=1, LaunchCount=1, RunStrategy=ColdStart, UnrollFactor=1, WarmupCount=1) [Shape=96]
//   ParallelCrossoverBenchmarks.Threaded: Dry(IterationCount=1, LaunchCount=1, RunStrategy=ColdStart, UnrollFactor=1, WarmupCount=1) [Shape=96]

// **************************
// Benchmark: ParallelCrossoverBenchmarks.Serial: Dry(IterationCount=1, LaunchCount=1, RunStrategy=ColdStart, UnrollFactor=1, WarmupCount=1) [Shape=1024x64]
// *** Execute ***
// Launch: 1 / 1
// Execute: dotnet Tensile.Benchmarks-Dry-1.dll --anonymousPipes 118 119 --benchmarkName "Tensile.Benchmarks.ParallelCrossoverBenchmarks.Serial(Shape: \"1024x64\")" --job Dry --benchmarkId 0 in /home/user/CSharp_LinearAlgebra/bench/Tensile.Benchmarks/bin/Release/net10.0/Tensile.Benchmarks-Dry-1/bin/Release/net10.0
// BeforeAnythingElse

// Benchmark Process Environment Information:
// BenchmarkDotNet v0.15.8
// Runtime=.NET 10.0.12 (10.0.12, 10.0.1226.42308), X64 RyuJIT x86-64-v4
// GC=Concurrent Server
// HardwareIntrinsics=AVX512 F+BW+CD+DQ+VL,AVX2+BMI1+BMI2+F16C+FMA+LZCNT+MOVBE,AVX,SSE3+SSSE3+SSE4.1+SSE4.2+POPCNT,X86Base+SSE+SSE2,AES+PCLMUL VectorSize=256
// Job: Dry(IterationCount=1, LaunchCount=1, RunStrategy=ColdStart, UnrollFactor=1, WarmupCount=1)

// BeforeActualRun
WorkloadActual   1: 1 op, 9155117.00 ns, 9.1551 ms/op

// AfterActualRun
WorkloadResult   1: 1 op, 9155117.00 ns, 9.1551 ms/op

// AfterAll
// Benchmark Process 4796 has exited with code 0.

Mean = 9.155 ms, StdErr = 0.000 ms (0.00%), N = 1, StdDev = 0.000 ms
Min = 9.155 ms, Q1 = 9.155 ms, Median = 9.155 ms, Q3 = 9.155 ms, Max = 9.155 ms
IQR = 0.000 ms, LowerFence = 9.155 ms, UpperFence = 9.155 ms
ConfidenceInterval = [NaN ms; NaN ms] (CI 99.9%), Margin = NaN ms (NaN% of Mean)
Skewness = NaN, Kurtosis = NaN, MValue = 2

// ** Remained 21 (95.5 %) benchmark(s) to run. Estimated finish 2026-09-19 17:16 (0h 0m from now) **
// **************************
// Benchmark: ParallelCrossoverBenchmarks.Threaded: Dry(IterationCount=1, LaunchCount=1, RunStrategy=ColdStart, UnrollFactor=1, WarmupCount=1) [Shape=1024x64]
// *** Execute ***
// Launch: 1 / 1
// Execute: dotnet Tensile.Benchmarks-Dry-1.dll --anonymousPipes 118 119 --benchmarkName "Tensile.Benchmarks.ParallelCrossoverBenchmarks.Threaded(Shape: \"1024x64\")" --job Dry --benchmarkId 1 in /home/user/CSharp_LinearAlgebra/bench/Tensile.Benchmarks/bin/Release/net10.0/Tensile.Benchmarks-Dry-1/bin/Release/net10.0
// BeforeAnythingElse

// Benchmark Process Environment Information:
// BenchmarkDotNet v0.15.8
// Runtime=.NET 10.0.12 (10.0.12, 10.0.1226.42308), X64 RyuJIT x86-64-v4
// GC=Concurrent Server
// HardwareIntrinsics=AVX512 F+BW+CD+DQ+VL,AVX2+BMI1+BMI2+F16C+FMA+LZCNT+MOVBE,AVX,SSE3+SSSE3+SSE4.1+SSE4.2+POPCNT,X86Base+SSE+SSE2,AES+PCLMUL VectorSize=256
// Job: Dry(IterationCount=1, LaunchCount=1, RunStrategy=ColdStart, UnrollFactor=1, WarmupCount=1)

// BeforeActualRun
WorkloadActual   1: 1 op, 19133136.00 ns, 19.1331 ms/op

// AfterActualRun
WorkloadResult   1: 1 op, 19133136.00 ns, 19.1331 ms/op

// AfterAll
// Benchmark Process 4810 has exited with code 0.

Mean = 19.133 ms, StdErr = 0.000 ms (0.00%), N = 1, StdDev = 0.000 ms
Min = 19.133 ms, Q1 = 19.133 ms, Median = 19.133 ms, Q3 = 19.133 ms, Max = 19.133 ms
IQR = 0.000 ms, LowerFence = 19.133 ms, UpperFence = 19.133 ms
ConfidenceInterval = [NaN ms; NaN ms] (CI 99.9%), Margin = NaN ms (NaN% of Mean)
Skewness = NaN, Kurtosis = NaN, MValue = 2

// ** Remained 20 (90.9 %) benchmark(s) to run. Estimated finish 2026-09-19 17:16 (0h 0m from now) **
// **************************
// Benchmark: ParallelCrossoverBenchmarks.Serial: Dry(IterationCount=1, LaunchCount=1, RunStrategy=ColdStart, UnrollFactor=1, WarmupCount=1) [Shape=128]
// *** Execute ***
// Launch: 1 / 1
// Execute: dotnet Tensile.Benchmarks-Dry-1.dll --anonymousPipes 118 119 --benchmarkName "Tensile.Benchmarks.ParallelCrossoverBenchmarks.Serial(Shape: \"128\")" --job Dry --benchmarkId 2 in /home/user/CSharp_LinearAlgebra/bench/Tensile.Benchmarks/bin/Release/net10.0/Tensile.Benchmarks-Dry-1/bin/Release/net10.0
// BeforeAnythingElse

// Benchmark Process Environment Information:
// BenchmarkDotNet v0.15.8
// Runtime=.NET 10.0.12 (10.0.12, 10.0.1226.42308), X64 RyuJIT x86-64-v4
// GC=Concurrent Server
// HardwareIntrinsics=AVX512 F+BW+CD+DQ+VL,AVX2+BMI1+BMI2+F16C+FMA+LZCNT+MOVBE,AVX,SSE3+SSSE3+SSE4.1+SSE4.2+POPCNT,X86Base+SSE+SSE2,AES+PCLMUL VectorSize=256
// Job: Dry(IterationCount=1, LaunchCount=1, RunStrategy=ColdStart, UnrollFactor=1, WarmupCount=1)

// BeforeActualRun
WorkloadActual   1: 1 op, 6359180.00 ns, 6.3592 ms/op

// AfterActualRun
WorkloadResult   1: 1 op, 6359180.00 ns, 6.3592 ms/op

// AfterAll
// Benchmark Process 4828 has exited with code 0.

Mean = 6.359 ms, StdErr = 0.000 ms (0.00%), N = 1, StdDev = 0.000 ms
Min = 6.359 ms, Q1 = 6.359 ms, Median = 6.359 ms, Q3 = 6.359 ms, Max = 6.359 ms
IQR = 0.000 ms, LowerFence = 6.359 ms, UpperFence = 6.359 ms
ConfidenceInterval = [NaN ms; NaN ms] (CI 99.9%), Margin = NaN ms (NaN% of Mean)
Skewness = NaN, Kurtosis = NaN, MValue = 2

// ** Remained 19 (86.4 %) benchmark(s) to run. Estimated finish 2026-09-19 17:16 (0h 0m from now) **
// **************************
// Benchmark: ParallelCrossoverBenchmarks.Threaded: Dry(IterationCount=1, LaunchCount=1, RunStrategy=ColdStart, UnrollFactor=1, WarmupCount=1) [Shape=128]
// *** Execute ***
// Launch: 1 / 1
// Execute: dotnet Tensile.Benchmarks-Dry-1.dll --anonymousPipes 118 119 --benchmarkName "Tensile.Benchmarks.ParallelCrossoverBenchmarks.Threaded(Shape: \"128\")" --job Dry --benchmarkId 3 in /home/user/CSharp_LinearAlgebra/bench/Tensile.Benchmarks/bin/Release/net10.0/Tensile.Benchmarks-Dry-1/bin/Release/net10.0
// BeforeAnythingElse

// Benchmark Process Environment Information:
// BenchmarkDotNet v0.15.8
// Runtime=.NET 10.0.12 (10.0.12, 10.0.1226.42308), X64 RyuJIT x86-64-v4
// GC=Concurrent Server
// HardwareIntrinsics=AVX512 F+BW+CD+DQ+VL,AVX2+BMI1+BMI2+F16C+FMA+LZCNT+MOVBE,AVX,SSE3+SSSE3+SSE4.1+SSE4.2+POPCNT,X86Base+SSE+SSE2,AES+PCLMUL VectorSize=256
// Job: Dry(IterationCount=1, LaunchCount=1, RunStrategy=ColdStart, UnrollFactor=1, WarmupCount=1)

// BeforeActualRun
WorkloadActual   1: 1 op, 13507723.00 ns, 13.5077 ms/op

// AfterActualRun
WorkloadResult   1: 1 op, 13507723.00 ns, 13.5077 ms/op

// AfterAll
// Benchmark Process 4841 has exited with code 0.

Mean = 13.508 ms, StdErr = 0.000 ms (0.00%), N = 1, StdDev = 0.000 ms
Min = 13.508 ms, Q1 = 13.508 ms, Median = 13.508 ms, Q3 = 13.508 ms, Max = 13.508 ms
IQR = 0.000 ms, LowerFence = 13.508 ms, UpperFence = 13.508 ms
ConfidenceInterval = [NaN ms; NaN ms] (CI 99.9%), Margin = NaN ms (NaN% of Mean)
Skewness = NaN, Kurtosis = NaN, MValue = 2

// ** Remained 18 (81.8 %) benchmark(s) to run. Estimated finish 2026-09-19 17:16 (0h 0m from now) **
// **************************
// Benchmark: ParallelCrossoverBenchmarks.Serial: Dry(IterationCount=1, LaunchCount=1, RunStrategy=ColdStart, UnrollFactor=1, WarmupCount=1) [Shape=160]
// *** Execute ***
// Launch: 1 / 1
// Execute: dotnet Tensile.Benchmarks-Dry-1.dll --anonymousPipes 118 119 --benchmarkName "Tensile.Benchmarks.ParallelCrossoverBenchmarks.Serial(Shape: \"160\")" --job Dry --benchmarkId 4 in /home/user/CSharp_LinearAlgebra/bench/Tensile.Benchmarks/bin/Release/net10.0/Tensile.Benchmarks-Dry-1/bin/Release/net10.0
// BeforeAnythingElse

// Benchmark Process Environment Information:
// BenchmarkDotNet v0.15.8
// Runtime=.NET 10.0.12 (10.0.12, 10.0.1226.42308), X64 RyuJIT x86-64-v4
// GC=Concurrent Server
// HardwareIntrinsics=AVX512 F+BW+CD+DQ+VL,AVX2+BMI1+BMI2+F16C+FMA+LZCNT+MOVBE,AVX,SSE3+SSSE3+SSE4.1+SSE4.2+POPCNT,X86Base+SSE+SSE2,AES+PCLMUL VectorSize=256
// Job: Dry(IterationCount=1, LaunchCount=1, RunStrategy=ColdStart, UnrollFactor=1, WarmupCount=1)

// BeforeActualRun
WorkloadActual   1: 1 op, 9143191.00 ns, 9.1432 ms/op

// AfterActualRun
WorkloadResult   1: 1 op, 9143191.00 ns, 9.1432 ms/op

// AfterAll
// Benchmark Process 4854 has exited with code 0.

Mean = 9.143 ms, StdErr = 0.000 ms (0.00%), N = 1, StdDev = 0.000 ms
Min = 9.143 ms, Q1 = 9.143 ms, Median = 9.143 ms, Q3 = 9.143 ms, Max = 9.143 ms
IQR = 0.000 ms, LowerFence = 9.143 ms, UpperFence = 9.143 ms
ConfidenceInterval = [NaN ms; NaN ms] (CI 99.9%), Margin = NaN ms (NaN% of Mean)
Skewness = NaN, Kurtosis = NaN, MValue = 2

// ** Remained 17 (77.3 %) benchmark(s) to run. Estimated finish 2026-09-19 17:16 (0h 0m from now) **
// **************************
// Benchmark: ParallelCrossoverBenchmarks.Threaded: Dry(IterationCount=1, LaunchCount=1, RunStrategy=ColdStart, UnrollFactor=1, WarmupCount=1) [Shape=160]
// *** Execute ***
// Launch: 1 / 1
// Execute: dotnet Tensile.Benchmarks-Dry-1.dll --anonymousPipes 118 119 --benchmarkName "Tensile.Benchmarks.ParallelCrossoverBenchmarks.Threaded(Shape: \"160\")" --job Dry --benchmarkId 5 in /home/user/CSharp_LinearAlgebra/bench/Tensile.Benchmarks/bin/Release/net10.0/Tensile.Benchmarks-Dry-1/bin/Release/net10.0
// BeforeAnythingElse

// Benchmark Process Environment Information:
// BenchmarkDotNet v0.15.8
// Runtime=.NET 10.0.12 (10.0.12, 10.0.1226.42308), X64 RyuJIT x86-64-v4
// GC=Concurrent Server
// HardwareIntrinsics=AVX512 F+BW+CD+DQ+VL,AVX2+BMI1+BMI2+F16C+FMA+LZCNT+MOVBE,AVX,SSE3+SSSE3+SSE4.1+SSE4.2+POPCNT,X86Base+SSE+SSE2,AES+PCLMUL VectorSize=256
// Job: Dry(IterationCount=1, LaunchCount=1, RunStrategy=ColdStart, UnrollFactor=1, WarmupCount=1)

// BeforeActualRun
WorkloadActual   1: 1 op, 13874616.00 ns, 13.8746 ms/op

// AfterActualRun
WorkloadResult   1: 1 op, 13874616.00 ns, 13.8746 ms/op

// AfterAll
// Benchmark Process 4867 has exited with code 0.

Mean = 13.875 ms, StdErr = 0.000 ms (0.00%), N = 1, StdDev = 0.000 ms
Min = 13.875 ms, Q1 = 13.875 ms, Median = 13.875 ms, Q3 = 13.875 ms, Max = 13.875 ms
IQR = 0.000 ms, LowerFence = 13.875 ms, UpperFence = 13.875 ms
ConfidenceInterval = [NaN ms; NaN ms] (CI 99.9%), Margin = NaN ms (NaN% of Mean)
Skewness = NaN, Kurtosis = NaN, MValue = 2

// ** Remained 16 (72.7 %) benchmark(s) to run. Estimated finish 2026-09-19 17:16 (0h 0m from now) **
// **************************
// Benchmark: ParallelCrossoverBenchmarks.Serial: Dry(IterationCount=1, LaunchCount=1, RunStrategy=ColdStart, UnrollFactor=1, WarmupCount=1) [Shape=192]
// *** Execute ***
// Launch: 1 / 1
// Execute: dotnet Tensile.Benchmarks-Dry-1.dll --anonymousPipes 118 119 --benchmarkName "Tensile.Benchmarks.ParallelCrossoverBenchmarks.Serial(Shape: \"192\")" --job Dry --benchmarkId 6 in /home/user/CSharp_LinearAlgebra/bench/Tensile.Benchmarks/bin/Release/net10.0/Tensile.Benchmarks-Dry-1/bin/Release/net10.0
// BeforeAnythingElse

// Benchmark Process Environment Information:
// BenchmarkDotNet v0.15.8
// Runtime=.NET 10.0.12 (10.0.12, 10.0.1226.42308), X64 RyuJIT x86-64-v4
// GC=Concurrent Server
// HardwareIntrinsics=AVX512 F+BW+CD+DQ+VL,AVX2+BMI1+BMI2+F16C+FMA+LZCNT+MOVBE,AVX,SSE3+SSSE3+SSE4.1+SSE4.2+POPCNT,X86Base+SSE+SSE2,AES+PCLMUL VectorSize=256
// Job: Dry(IterationCount=1, LaunchCount=1, RunStrategy=ColdStart, UnrollFactor=1, WarmupCount=1)

// BeforeActualRun
WorkloadActual   1: 1 op, 6212234.00 ns, 6.2122 ms/op

// AfterActualRun
WorkloadResult   1: 1 op, 6212234.00 ns, 6.2122 ms/op

// AfterAll
// Benchmark Process 4880 has exited with code 0.

Mean = 6.212 ms, StdErr = 0.000 ms (0.00%), N = 1, StdDev = 0.000 ms
Min = 6.212 ms, Q1 = 6.212 ms, Median = 6.212 ms, Q3 = 6.212 ms, Max = 6.212 ms
IQR = 0.000 ms, LowerFence = 6.212 ms, UpperFence = 6.212 ms
ConfidenceInterval = [NaN ms; NaN ms] (CI 99.9%), Margin = NaN ms (NaN% of Mean)
Skewness = NaN, Kurtosis = NaN, MValue = 2

// ** Remained 15 (68.2 %) benchmark(s) to run. Estimated finish 2026-09-19 17:16 (0h 0m from now) **
// **************************
// Benchmark: ParallelCrossoverBenchmarks.Threaded: Dry(IterationCount=1, LaunchCount=1, RunStrategy=ColdStart, UnrollFactor=1, WarmupCount=1) [Shape=192]
// *** Execute ***
// Launch: 1 / 1
// Execute: dotnet Tensile.Benchmarks-Dry-1.dll --anonymousPipes 118 119 --benchmarkName "Tensile.Benchmarks.ParallelCrossoverBenchmarks.Threaded(Shape: \"192\")" --job Dry --benchmarkId 7 in /home/user/CSharp_LinearAlgebra/bench/Tensile.Benchmarks/bin/Release/net10.0/Tensile.Benchmarks-Dry-1/bin/Release/net10.0
// BeforeAnythingElse

// Benchmark Process Environment Information:
// BenchmarkDotNet v0.15.8
// Runtime=.NET 10.0.12 (10.0.12, 10.0.1226.42308), X64 RyuJIT x86-64-v4
// GC=Concurrent Server
// HardwareIntrinsics=AVX512 F+BW+CD+DQ+VL,AVX2+BMI1+BMI2+F16C+FMA+LZCNT+MOVBE,AVX,SSE3+SSSE3+SSE4.1+SSE4.2+POPCNT,X86Base+SSE+SSE2,AES+PCLMUL VectorSize=256
// Job: Dry(IterationCount=1, LaunchCount=1, RunStrategy=ColdStart, UnrollFactor=1, WarmupCount=1)

// BeforeActualRun
WorkloadActual   1: 1 op, 14663824.00 ns, 14.6638 ms/op

// AfterActualRun
WorkloadResult   1: 1 op, 14663824.00 ns, 14.6638 ms/op

// AfterAll
// Benchmark Process 4893 has exited with code 0.

Mean = 14.664 ms, StdErr = 0.000 ms (0.00%), N = 1, StdDev = 0.000 ms
Min = 14.664 ms, Q1 = 14.664 ms, Median = 14.664 ms, Q3 = 14.664 ms, Max = 14.664 ms
IQR = 0.000 ms, LowerFence = 14.664 ms, UpperFence = 14.664 ms
ConfidenceInterval = [NaN ms; NaN ms] (CI 99.9%), Margin = NaN ms (NaN% of Mean)
Skewness = NaN, Kurtosis = NaN, MValue = 2

// ** Remained 14 (63.6 %) benchmark(s) to run. Estimated finish 2026-09-19 17:16 (0h 0m from now) **
// **************************
// Benchmark: ParallelCrossoverBenchmarks.Serial: Dry(IterationCount=1, LaunchCount=1, RunStrategy=ColdStart, UnrollFactor=1, WarmupCount=1) [Shape=2048x64]
// *** Execute ***
// Launch: 1 / 1
// Execute: dotnet Tensile.Benchmarks-Dry-1.dll --anonymousPipes 118 119 --benchmarkName "Tensile.Benchmarks.ParallelCrossoverBenchmarks.Serial(Shape: \"2048x64\")" --job Dry --benchmarkId 8 in /home/user/CSharp_LinearAlgebra/bench/Tensile.Benchmarks/bin/Release/net10.0/Tensile.Benchmarks-Dry-1/bin/Release/net10.0
// BeforeAnythingElse

// Benchmark Process Environment Information:
// BenchmarkDotNet v0.15.8
// Runtime=.NET 10.0.12 (10.0.12, 10.0.1226.42308), X64 RyuJIT x86-64-v4
// GC=Concurrent Server
// HardwareIntrinsics=AVX512 F+BW+CD+DQ+VL,AVX2+BMI1+BMI2+F16C+FMA+LZCNT+MOVBE,AVX,SSE3+SSSE3+SSE4.1+SSE4.2+POPCNT,X86Base+SSE+SSE2,AES+PCLMUL VectorSize=256
// Job: Dry(IterationCount=1, LaunchCount=1, RunStrategy=ColdStart, UnrollFactor=1, WarmupCount=1)

// BeforeActualRun
WorkloadActual   1: 1 op, 20539731.00 ns, 20.5397 ms/op

// AfterActualRun
WorkloadResult   1: 1 op, 20539731.00 ns, 20.5397 ms/op

// AfterAll
// Benchmark Process 4906 has exited with code 0.

Mean = 20.540 ms, StdErr = 0.000 ms (0.00%), N = 1, StdDev = 0.000 ms
Min = 20.540 ms, Q1 = 20.540 ms, Median = 20.540 ms, Q3 = 20.540 ms, Max = 20.540 ms
IQR = 0.000 ms, LowerFence = 20.540 ms, UpperFence = 20.540 ms
ConfidenceInterval = [NaN ms; NaN ms] (CI 99.9%), Margin = NaN ms (NaN% of Mean)
Skewness = NaN, Kurtosis = NaN, MValue = 2

// ** Remained 13 (59.1 %) benchmark(s) to run. Estimated finish 2026-09-19 17:16 (0h 0m from now) **
// **************************
// Benchmark: ParallelCrossoverBenchmarks.Threaded: Dry(IterationCount=1, LaunchCount=1, RunStrategy=ColdStart, UnrollFactor=1, WarmupCount=1) [Shape=2048x64]
// *** Execute ***
// Launch: 1 / 1
// Execute: dotnet Tensile.Benchmarks-Dry-1.dll --anonymousPipes 118 119 --benchmarkName "Tensile.Benchmarks.ParallelCrossoverBenchmarks.Threaded(Shape: \"2048x64\")" --job Dry --benchmarkId 9 in /home/user/CSharp_LinearAlgebra/bench/Tensile.Benchmarks/bin/Release/net10.0/Tensile.Benchmarks-Dry-1/bin/Release/net10.0
// BeforeAnythingElse

// Benchmark Process Environment Information:
// BenchmarkDotNet v0.15.8
// Runtime=.NET 10.0.12 (10.0.12, 10.0.1226.42308), X64 RyuJIT x86-64-v4
// GC=Concurrent Server
// HardwareIntrinsics=AVX512 F+BW+CD+DQ+VL,AVX2+BMI1+BMI2+F16C+FMA+LZCNT+MOVBE,AVX,SSE3+SSSE3+SSE4.1+SSE4.2+POPCNT,X86Base+SSE+SSE2,AES+PCLMUL VectorSize=256
// Job: Dry(IterationCount=1, LaunchCount=1, RunStrategy=ColdStart, UnrollFactor=1, WarmupCount=1)

// BeforeActualRun
WorkloadActual   1: 1 op, 25851546.00 ns, 25.8515 ms/op

// AfterActualRun
WorkloadResult   1: 1 op, 25851546.00 ns, 25.8515 ms/op

// AfterAll
// Benchmark Process 4919 has exited with code 0.

Mean = 25.852 ms, StdErr = 0.000 ms (0.00%), N = 1, StdDev = 0.000 ms
Min = 25.852 ms, Q1 = 25.852 ms, Median = 25.852 ms, Q3 = 25.852 ms, Max = 25.852 ms
IQR = 0.000 ms, LowerFence = 25.852 ms, UpperFence = 25.852 ms
ConfidenceInterval = [NaN ms; NaN ms] (CI 99.9%), Margin = NaN ms (NaN% of Mean)
Skewness = NaN, Kurtosis = NaN, MValue = 2

// ** Remained 12 (54.5 %) benchmark(s) to run. Estimated finish 2026-09-19 17:16 (0h 0m from now) **
// **************************
// Benchmark: ParallelCrossoverBenchmarks.Serial: Dry(IterationCount=1, LaunchCount=1, RunStrategy=ColdStart, UnrollFactor=1, WarmupCount=1) [Shape=256]
// *** Execute ***
// Launch: 1 / 1
// Execute: dotnet Tensile.Benchmarks-Dry-1.dll --anonymousPipes 118 119 --benchmarkName "Tensile.Benchmarks.ParallelCrossoverBenchmarks.Serial(Shape: \"256\")" --job Dry --benchmarkId 10 in /home/user/CSharp_LinearAlgebra/bench/Tensile.Benchmarks/bin/Release/net10.0/Tensile.Benchmarks-Dry-1/bin/Release/net10.0
// BeforeAnythingElse

// Benchmark Process Environment Information:
// BenchmarkDotNet v0.15.8
// Runtime=.NET 10.0.12 (10.0.12, 10.0.1226.42308), X64 RyuJIT x86-64-v4
// GC=Concurrent Server
// HardwareIntrinsics=AVX512 F+BW+CD+DQ+VL,AVX2+BMI1+BMI2+F16C+FMA+LZCNT+MOVBE,AVX,SSE3+SSSE3+SSE4.1+SSE4.2+POPCNT,X86Base+SSE+SSE2,AES+PCLMUL VectorSize=256
// Job: Dry(IterationCount=1, LaunchCount=1, RunStrategy=ColdStart, UnrollFactor=1, WarmupCount=1)

// BeforeActualRun
WorkloadActual   1: 1 op, 6758834.00 ns, 6.7588 ms/op

// AfterActualRun
WorkloadResult   1: 1 op, 6758834.00 ns, 6.7588 ms/op

// AfterAll
// Benchmark Process 4937 has exited with code 0.

Mean = 6.759 ms, StdErr = 0.000 ms (0.00%), N = 1, StdDev = 0.000 ms
Min = 6.759 ms, Q1 = 6.759 ms, Median = 6.759 ms, Q3 = 6.759 ms, Max = 6.759 ms
IQR = 0.000 ms, LowerFence = 6.759 ms, UpperFence = 6.759 ms
ConfidenceInterval = [NaN ms; NaN ms] (CI 99.9%), Margin = NaN ms (NaN% of Mean)
Skewness = NaN, Kurtosis = NaN, MValue = 2

// ** Remained 11 (50.0 %) benchmark(s) to run. Estimated finish 2026-09-19 17:16 (0h 0m from now) **
// **************************
// Benchmark: ParallelCrossoverBenchmarks.Threaded: Dry(IterationCount=1, LaunchCount=1, RunStrategy=ColdStart, UnrollFactor=1, WarmupCount=1) [Shape=256]
// *** Execute ***
// Launch: 1 / 1
// Execute: dotnet Tensile.Benchmarks-Dry-1.dll --anonymousPipes 118 119 --benchmarkName "Tensile.Benchmarks.ParallelCrossoverBenchmarks.Threaded(Shape: \"256\")" --job Dry --benchmarkId 11 in /home/user/CSharp_LinearAlgebra/bench/Tensile.Benchmarks/bin/Release/net10.0/Tensile.Benchmarks-Dry-1/bin/Release/net10.0
// BeforeAnythingElse

// Benchmark Process Environment Information:
// BenchmarkDotNet v0.15.8
// Runtime=.NET 10.0.12 (10.0.12, 10.0.1226.42308), X64 RyuJIT x86-64-v4
// GC=Concurrent Server
// HardwareIntrinsics=AVX512 F+BW+CD+DQ+VL,AVX2+BMI1+BMI2+F16C+FMA+LZCNT+MOVBE,AVX,SSE3+SSSE3+SSE4.1+SSE4.2+POPCNT,X86Base+SSE+SSE2,AES+PCLMUL VectorSize=256
// Job: Dry(IterationCount=1, LaunchCount=1, RunStrategy=ColdStart, UnrollFactor=1, WarmupCount=1)

// BeforeActualRun
WorkloadActual   1: 1 op, 17080448.00 ns, 17.0804 ms/op

// AfterActualRun
WorkloadResult   1: 1 op, 17080448.00 ns, 17.0804 ms/op

// AfterAll
// Benchmark Process 4950 has exited with code 0.

Mean = 17.080 ms, StdErr = 0.000 ms (0.00%), N = 1, StdDev = 0.000 ms
Min = 17.080 ms, Q1 = 17.080 ms, Median = 17.080 ms, Q3 = 17.080 ms, Max = 17.080 ms
IQR = 0.000 ms, LowerFence = 17.080 ms, UpperFence = 17.080 ms
ConfidenceInterval = [NaN ms; NaN ms] (CI 99.9%), Margin = NaN ms (NaN% of Mean)
Skewness = NaN, Kurtosis = NaN, MValue = 2

// ** Remained 10 (45.5 %) benchmark(s) to run. Estimated finish 2026-09-19 17:16 (0h 0m from now) **
// **************************
// Benchmark: ParallelCrossoverBenchmarks.Serial: Dry(IterationCount=1, LaunchCount=1, RunStrategy=ColdStart, UnrollFactor=1, WarmupCount=1) [Shape=256x64]
// *** Execute ***
// Launch: 1 / 1
// Execute: dotnet Tensile.Benchmarks-Dry-1.dll --anonymousPipes 118 119 --benchmarkName "Tensile.Benchmarks.ParallelCrossoverBenchmarks.Serial(Shape: \"256x64\")" --job Dry --benchmarkId 12 in /home/user/CSharp_LinearAlgebra/bench/Tensile.Benchmarks/bin/Release/net10.0/Tensile.Benchmarks-Dry-1/bin/Release/net10.0
// BeforeAnythingElse

// Benchmark Process Environment Information:
// BenchmarkDotNet v0.15.8
// Runtime=.NET 10.0.12 (10.0.12, 10.0.1226.42308), X64 RyuJIT x86-64-v4
// GC=Concurrent Server
// HardwareIntrinsics=AVX512 F+BW+CD+DQ+VL,AVX2+BMI1+BMI2+F16C+FMA+LZCNT+MOVBE,AVX,SSE3+SSSE3+SSE4.1+SSE4.2+POPCNT,X86Base+SSE+SSE2,AES+PCLMUL VectorSize=256
// Job: Dry(IterationCount=1, LaunchCount=1, RunStrategy=ColdStart, UnrollFactor=1, WarmupCount=1)

// BeforeActualRun
WorkloadActual   1: 1 op, 5769273.00 ns, 5.7693 ms/op

// AfterActualRun
WorkloadResult   1: 1 op, 5769273.00 ns, 5.7693 ms/op

// AfterAll
// Benchmark Process 4966 has exited with code 0.

Mean = 5.769 ms, StdErr = 0.000 ms (0.00%), N = 1, StdDev = 0.000 ms
Min = 5.769 ms, Q1 = 5.769 ms, Median = 5.769 ms, Q3 = 5.769 ms, Max = 5.769 ms
IQR = 0.000 ms, LowerFence = 5.769 ms, UpperFence = 5.769 ms
ConfidenceInterval = [NaN ms; NaN ms] (CI 99.9%), Margin = NaN ms (NaN% of Mean)
Skewness = NaN, Kurtosis = NaN, MValue = 2

// ** Remained 9 (40.9 %) benchmark(s) to run. Estimated finish 2026-09-19 17:16 (0h 0m from now) **
// **************************
// Benchmark: ParallelCrossoverBenchmarks.Threaded: Dry(IterationCount=1, LaunchCount=1, RunStrategy=ColdStart, UnrollFactor=1, WarmupCount=1) [Shape=256x64]
// *** Execute ***
// Launch: 1 / 1
// Execute: dotnet Tensile.Benchmarks-Dry-1.dll --anonymousPipes 118 119 --benchmarkName "Tensile.Benchmarks.ParallelCrossoverBenchmarks.Threaded(Shape: \"256x64\")" --job Dry --benchmarkId 13 in /home/user/CSharp_LinearAlgebra/bench/Tensile.Benchmarks/bin/Release/net10.0/Tensile.Benchmarks-Dry-1/bin/Release/net10.0
// BeforeAnythingElse

// Benchmark Process Environment Information:
// BenchmarkDotNet v0.15.8
// Runtime=.NET 10.0.12 (10.0.12, 10.0.1226.42308), X64 RyuJIT x86-64-v4
// GC=Concurrent Server
// HardwareIntrinsics=AVX512 F+BW+CD+DQ+VL,AVX2+BMI1+BMI2+F16C+FMA+LZCNT+MOVBE,AVX,SSE3+SSSE3+SSE4.1+SSE4.2+POPCNT,X86Base+SSE+SSE2,AES+PCLMUL VectorSize=256
// Job: Dry(IterationCount=1, LaunchCount=1, RunStrategy=ColdStart, UnrollFactor=1, WarmupCount=1)

// BeforeActualRun
WorkloadActual   1: 1 op, 13473265.00 ns, 13.4733 ms/op

// AfterActualRun
WorkloadResult   1: 1 op, 13473265.00 ns, 13.4733 ms/op

// AfterAll
// Benchmark Process 4979 has exited with code 0.

Mean = 13.473 ms, StdErr = 0.000 ms (0.00%), N = 1, StdDev = 0.000 ms
Min = 13.473 ms, Q1 = 13.473 ms, Median = 13.473 ms, Q3 = 13.473 ms, Max = 13.473 ms
IQR = 0.000 ms, LowerFence = 13.473 ms, UpperFence = 13.473 ms
ConfidenceInterval = [NaN ms; NaN ms] (CI 99.9%), Margin = NaN ms (NaN% of Mean)
Skewness = NaN, Kurtosis = NaN, MValue = 2

// ** Remained 8 (36.4 %) benchmark(s) to run. Estimated finish 2026-09-19 17:16 (0h 0m from now) **
// **************************
// Benchmark: ParallelCrossoverBenchmarks.Serial: Dry(IterationCount=1, LaunchCount=1, RunStrategy=ColdStart, UnrollFactor=1, WarmupCount=1) [Shape=384]
// *** Execute ***
// Launch: 1 / 1
// Execute: dotnet Tensile.Benchmarks-Dry-1.dll --anonymousPipes 118 119 --benchmarkName "Tensile.Benchmarks.ParallelCrossoverBenchmarks.Serial(Shape: \"384\")" --job Dry --benchmarkId 14 in /home/user/CSharp_LinearAlgebra/bench/Tensile.Benchmarks/bin/Release/net10.0/Tensile.Benchmarks-Dry-1/bin/Release/net10.0
// BeforeAnythingElse

// Benchmark Process Environment Information:
// BenchmarkDotNet v0.15.8
// Runtime=.NET 10.0.12 (10.0.12, 10.0.1226.42308), X64 RyuJIT x86-64-v4
// GC=Concurrent Server
// HardwareIntrinsics=AVX512 F+BW+CD+DQ+VL,AVX2+BMI1+BMI2+F16C+FMA+LZCNT+MOVBE,AVX,SSE3+SSSE3+SSE4.1+SSE4.2+POPCNT,X86Base+SSE+SSE2,AES+PCLMUL VectorSize=256
// Job: Dry(IterationCount=1, LaunchCount=1, RunStrategy=ColdStart, UnrollFactor=1, WarmupCount=1)

// BeforeActualRun
WorkloadActual   1: 1 op, 9316628.00 ns, 9.3166 ms/op

// AfterActualRun
WorkloadResult   1: 1 op, 9316628.00 ns, 9.3166 ms/op

// AfterAll
// Benchmark Process 4992 has exited with code 0.

Mean = 9.317 ms, StdErr = 0.000 ms (0.00%), N = 1, StdDev = 0.000 ms
Min = 9.317 ms, Q1 = 9.317 ms, Median = 9.317 ms, Q3 = 9.317 ms, Max = 9.317 ms
IQR = 0.000 ms, LowerFence = 9.317 ms, UpperFence = 9.317 ms
ConfidenceInterval = [NaN ms; NaN ms] (CI 99.9%), Margin = NaN ms (NaN% of Mean)
Skewness = NaN, Kurtosis = NaN, MValue = 2

// ** Remained 7 (31.8 %) benchmark(s) to run. Estimated finish 2026-09-19 17:16 (0h 0m from now) **
// **************************
// Benchmark: ParallelCrossoverBenchmarks.Threaded: Dry(IterationCount=1, LaunchCount=1, RunStrategy=ColdStart, UnrollFactor=1, WarmupCount=1) [Shape=384]
// *** Execute ***
// Launch: 1 / 1
// Execute: dotnet Tensile.Benchmarks-Dry-1.dll --anonymousPipes 118 119 --benchmarkName "Tensile.Benchmarks.ParallelCrossoverBenchmarks.Threaded(Shape: \"384\")" --job Dry --benchmarkId 15 in /home/user/CSharp_LinearAlgebra/bench/Tensile.Benchmarks/bin/Release/net10.0/Tensile.Benchmarks-Dry-1/bin/Release/net10.0
// BeforeAnythingElse

// Benchmark Process Environment Information:
// BenchmarkDotNet v0.15.8
// Runtime=.NET 10.0.12 (10.0.12, 10.0.1226.42308), X64 RyuJIT x86-64-v4
// GC=Concurrent Server
// HardwareIntrinsics=AVX512 F+BW+CD+DQ+VL,AVX2+BMI1+BMI2+F16C+FMA+LZCNT+MOVBE,AVX,SSE3+SSSE3+SSE4.1+SSE4.2+POPCNT,X86Base+SSE+SSE2,AES+PCLMUL VectorSize=256
// Job: Dry(IterationCount=1, LaunchCount=1, RunStrategy=ColdStart, UnrollFactor=1, WarmupCount=1)

// BeforeActualRun
WorkloadActual   1: 1 op, 20296534.00 ns, 20.2965 ms/op

// AfterActualRun
WorkloadResult   1: 1 op, 20296534.00 ns, 20.2965 ms/op

// AfterAll
// Benchmark Process 5005 has exited with code 0.

Mean = 20.297 ms, StdErr = 0.000 ms (0.00%), N = 1, StdDev = 0.000 ms
Min = 20.297 ms, Q1 = 20.297 ms, Median = 20.297 ms, Q3 = 20.297 ms, Max = 20.297 ms
IQR = 0.000 ms, LowerFence = 20.297 ms, UpperFence = 20.297 ms
ConfidenceInterval = [NaN ms; NaN ms] (CI 99.9%), Margin = NaN ms (NaN% of Mean)
Skewness = NaN, Kurtosis = NaN, MValue = 2

// ** Remained 6 (27.3 %) benchmark(s) to run. Estimated finish 2026-09-19 17:16 (0h 0m from now) **
// **************************
// Benchmark: ParallelCrossoverBenchmarks.Serial: Dry(IterationCount=1, LaunchCount=1, RunStrategy=ColdStart, UnrollFactor=1, WarmupCount=1) [Shape=512x64]
// *** Execute ***
// Launch: 1 / 1
// Execute: dotnet Tensile.Benchmarks-Dry-1.dll --anonymousPipes 118 119 --benchmarkName "Tensile.Benchmarks.ParallelCrossoverBenchmarks.Serial(Shape: \"512x64\")" --job Dry --benchmarkId 16 in /home/user/CSharp_LinearAlgebra/bench/Tensile.Benchmarks/bin/Release/net10.0/Tensile.Benchmarks-Dry-1/bin/Release/net10.0
// BeforeAnythingElse

// Benchmark Process Environment Information:
// BenchmarkDotNet v0.15.8
// Runtime=.NET 10.0.12 (10.0.12, 10.0.1226.42308), X64 RyuJIT x86-64-v4
// GC=Concurrent Server
// HardwareIntrinsics=AVX512 F+BW+CD+DQ+VL,AVX2+BMI1+BMI2+F16C+FMA+LZCNT+MOVBE,AVX,SSE3+SSSE3+SSE4.1+SSE4.2+POPCNT,X86Base+SSE+SSE2,AES+PCLMUL VectorSize=256
// Job: Dry(IterationCount=1, LaunchCount=1, RunStrategy=ColdStart, UnrollFactor=1, WarmupCount=1)

// BeforeActualRun
WorkloadActual   1: 1 op, 6609367.00 ns, 6.6094 ms/op

// AfterActualRun
WorkloadResult   1: 1 op, 6609367.00 ns, 6.6094 ms/op

// AfterAll
// Benchmark Process 5023 has exited with code 0.

Mean = 6.609 ms, StdErr = 0.000 ms (0.00%), N = 1, StdDev = 0.000 ms
Min = 6.609 ms, Q1 = 6.609 ms, Median = 6.609 ms, Q3 = 6.609 ms, Max = 6.609 ms
IQR = 0.000 ms, LowerFence = 6.609 ms, UpperFence = 6.609 ms
ConfidenceInterval = [NaN ms; NaN ms] (CI 99.9%), Margin = NaN ms (NaN% of Mean)
Skewness = NaN, Kurtosis = NaN, MValue = 2

// ** Remained 5 (22.7 %) benchmark(s) to run. Estimated finish 2026-09-19 17:16 (0h 0m from now) **
// **************************
// Benchmark: ParallelCrossoverBenchmarks.Threaded: Dry(IterationCount=1, LaunchCount=1, RunStrategy=ColdStart, UnrollFactor=1, WarmupCount=1) [Shape=512x64]
// *** Execute ***
// Launch: 1 / 1
// Execute: dotnet Tensile.Benchmarks-Dry-1.dll --anonymousPipes 118 119 --benchmarkName "Tensile.Benchmarks.ParallelCrossoverBenchmarks.Threaded(Shape: \"512x64\")" --job Dry --benchmarkId 17 in /home/user/CSharp_LinearAlgebra/bench/Tensile.Benchmarks/bin/Release/net10.0/Tensile.Benchmarks-Dry-1/bin/Release/net10.0
// BeforeAnythingElse

// Benchmark Process Environment Information:
// BenchmarkDotNet v0.15.8
// Runtime=.NET 10.0.12 (10.0.12, 10.0.1226.42308), X64 RyuJIT x86-64-v4
// GC=Concurrent Server
// HardwareIntrinsics=AVX512 F+BW+CD+DQ+VL,AVX2+BMI1+BMI2+F16C+FMA+LZCNT+MOVBE,AVX,SSE3+SSSE3+SSE4.1+SSE4.2+POPCNT,X86Base+SSE+SSE2,AES+PCLMUL VectorSize=256
// Job: Dry(IterationCount=1, LaunchCount=1, RunStrategy=ColdStart, UnrollFactor=1, WarmupCount=1)

// BeforeActualRun
WorkloadActual   1: 1 op, 17252232.00 ns, 17.2522 ms/op

// AfterActualRun
WorkloadResult   1: 1 op, 17252232.00 ns, 17.2522 ms/op

// AfterAll
// Benchmark Process 5036 has exited with code 0.

Mean = 17.252 ms, StdErr = 0.000 ms (0.00%), N = 1, StdDev = 0.000 ms
Min = 17.252 ms, Q1 = 17.252 ms, Median = 17.252 ms, Q3 = 17.252 ms, Max = 17.252 ms
IQR = 0.000 ms, LowerFence = 17.252 ms, UpperFence = 17.252 ms
ConfidenceInterval = [NaN ms; NaN ms] (CI 99.9%), Margin = NaN ms (NaN% of Mean)
Skewness = NaN, Kurtosis = NaN, MValue = 2

// ** Remained 4 (18.2 %) benchmark(s) to run. Estimated finish 2026-09-19 17:16 (0h 0m from now) **
// **************************
// Benchmark: ParallelCrossoverBenchmarks.Serial: Dry(IterationCount=1, LaunchCount=1, RunStrategy=ColdStart, UnrollFactor=1, WarmupCount=1) [Shape=64]
// *** Execute ***
// Launch: 1 / 1
// Execute: dotnet Tensile.Benchmarks-Dry-1.dll --anonymousPipes 118 119 --benchmarkName "Tensile.Benchmarks.ParallelCrossoverBenchmarks.Serial(Shape: \"64\")" --job Dry --benchmarkId 18 in /home/user/CSharp_LinearAlgebra/bench/Tensile.Benchmarks/bin/Release/net10.0/Tensile.Benchmarks-Dry-1/bin/Release/net10.0
// BeforeAnythingElse

// Benchmark Process Environment Information:
// BenchmarkDotNet v0.15.8
// Runtime=.NET 10.0.12 (10.0.12, 10.0.1226.42308), X64 RyuJIT x86-64-v4
// GC=Concurrent Server
// HardwareIntrinsics=AVX512 F+BW+CD+DQ+VL,AVX2+BMI1+BMI2+F16C+FMA+LZCNT+MOVBE,AVX,SSE3+SSSE3+SSE4.1+SSE4.2+POPCNT,X86Base+SSE+SSE2,AES+PCLMUL VectorSize=256
// Job: Dry(IterationCount=1, LaunchCount=1, RunStrategy=ColdStart, UnrollFactor=1, WarmupCount=1)

// BeforeActualRun
WorkloadActual   1: 1 op, 4371573.00 ns, 4.3716 ms/op

// AfterActualRun
WorkloadResult   1: 1 op, 4371573.00 ns, 4.3716 ms/op

// AfterAll
// Benchmark Process 5052 has exited with code 0.

Mean = 4.372 ms, StdErr = 0.000 ms (0.00%), N = 1, StdDev = 0.000 ms
Min = 4.372 ms, Q1 = 4.372 ms, Median = 4.372 ms, Q3 = 4.372 ms, Max = 4.372 ms
IQR = 0.000 ms, LowerFence = 4.372 ms, UpperFence = 4.372 ms
ConfidenceInterval = [NaN ms; NaN ms] (CI 99.9%), Margin = NaN ms (NaN% of Mean)
Skewness = NaN, Kurtosis = NaN, MValue = 2

// ** Remained 3 (13.6 %) benchmark(s) to run. Estimated finish 2026-09-19 17:16 (0h 0m from now) **
// **************************
// Benchmark: ParallelCrossoverBenchmarks.Threaded: Dry(IterationCount=1, LaunchCount=1, RunStrategy=ColdStart, UnrollFactor=1, WarmupCount=1) [Shape=64]
// *** Execute ***
// Launch: 1 / 1
// Execute: dotnet Tensile.Benchmarks-Dry-1.dll --anonymousPipes 118 119 --benchmarkName "Tensile.Benchmarks.ParallelCrossoverBenchmarks.Threaded(Shape: \"64\")" --job Dry --benchmarkId 19 in /home/user/CSharp_LinearAlgebra/bench/Tensile.Benchmarks/bin/Release/net10.0/Tensile.Benchmarks-Dry-1/bin/Release/net10.0
// BeforeAnythingElse

// Benchmark Process Environment Information:
// BenchmarkDotNet v0.15.8
// Runtime=.NET 10.0.12 (10.0.12, 10.0.1226.42308), X64 RyuJIT x86-64-v4
// GC=Concurrent Server
// HardwareIntrinsics=AVX512 F+BW+CD+DQ+VL,AVX2+BMI1+BMI2+F16C+FMA+LZCNT+MOVBE,AVX,SSE3+SSSE3+SSE4.1+SSE4.2+POPCNT,X86Base+SSE+SSE2,AES+PCLMUL VectorSize=256
// Job: Dry(IterationCount=1, LaunchCount=1, RunStrategy=ColdStart, UnrollFactor=1, WarmupCount=1)

// BeforeActualRun
WorkloadActual   1: 1 op, 12188342.00 ns, 12.1883 ms/op

// AfterActualRun
WorkloadResult   1: 1 op, 12188342.00 ns, 12.1883 ms/op

// AfterAll
// Benchmark Process 5065 has exited with code 0.

Mean = 12.188 ms, StdErr = 0.000 ms (0.00%), N = 1, StdDev = 0.000 ms
Min = 12.188 ms, Q1 = 12.188 ms, Median = 12.188 ms, Q3 = 12.188 ms, Max = 12.188 ms
IQR = 0.000 ms, LowerFence = 12.188 ms, UpperFence = 12.188 ms
ConfidenceInterval = [NaN ms; NaN ms] (CI 99.9%), Margin = NaN ms (NaN% of Mean)
Skewness = NaN, Kurtosis = NaN, MValue = 2

// ** Remained 2 (9.1 %) benchmark(s) to run. Estimated finish 2026-09-19 17:16 (0h 0m from now) **
// **************************
// Benchmark: ParallelCrossoverBenchmarks.Serial: Dry(IterationCount=1, LaunchCount=1, RunStrategy=ColdStart, UnrollFactor=1, WarmupCount=1) [Shape=96]
// *** Execute ***
// Launch: 1 / 1
// Execute: dotnet Tensile.Benchmarks-Dry-1.dll --anonymousPipes 118 119 --benchmarkName "Tensile.Benchmarks.ParallelCrossoverBenchmarks.Serial(Shape: \"96\")" --job Dry --benchmarkId 20 in /home/user/CSharp_LinearAlgebra/bench/Tensile.Benchmarks/bin/Release/net10.0/Tensile.Benchmarks-Dry-1/bin/Release/net10.0
// BeforeAnythingElse

// Benchmark Process Environment Information:
// BenchmarkDotNet v0.15.8
// Runtime=.NET 10.0.12 (10.0.12, 10.0.1226.42308), X64 RyuJIT x86-64-v4
// GC=Concurrent Server
// HardwareIntrinsics=AVX512 F+BW+CD+DQ+VL,AVX2+BMI1+BMI2+F16C+FMA+LZCNT+MOVBE,AVX,SSE3+SSSE3+SSE4.1+SSE4.2+POPCNT,X86Base+SSE+SSE2,AES+PCLMUL VectorSize=256
// Job: Dry(IterationCount=1, LaunchCount=1, RunStrategy=ColdStart, UnrollFactor=1, WarmupCount=1)

// BeforeActualRun
WorkloadActual   1: 1 op, 5082698.00 ns, 5.0827 ms/op

// AfterActualRun
WorkloadResult   1: 1 op, 5082698.00 ns, 5.0827 ms/op

// AfterAll
// Benchmark Process 5078 has exited with code 0.

Mean = 5.083 ms, StdErr = 0.000 ms (0.00%), N = 1, StdDev = 0.000 ms
Min = 5.083 ms, Q1 = 5.083 ms, Median = 5.083 ms, Q3 = 5.083 ms, Max = 5.083 ms
IQR = 0.000 ms, LowerFence = 5.083 ms, UpperFence = 5.083 ms
ConfidenceInterval = [NaN ms; NaN ms] (CI 99.9%), Margin = NaN ms (NaN% of Mean)
Skewness = NaN, Kurtosis = NaN, MValue = 2

// ** Remained 1 (4.5 %) benchmark(s) to run. Estimated finish 2026-09-19 17:16 (0h 0m from now) **
// **************************
// Benchmark: ParallelCrossoverBenchmarks.Threaded: Dry(IterationCount=1, LaunchCount=1, RunStrategy=ColdStart, UnrollFactor=1, WarmupCount=1) [Shape=96]
// *** Execute ***
// Launch: 1 / 1
// Execute: dotnet Tensile.Benchmarks-Dry-1.dll --anonymousPipes 118 119 --benchmarkName "Tensile.Benchmarks.ParallelCrossoverBenchmarks.Threaded(Shape: \"96\")" --job Dry --benchmarkId 21 in /home/user/CSharp_LinearAlgebra/bench/Tensile.Benchmarks/bin/Release/net10.0/Tensile.Benchmarks-Dry-1/bin/Release/net10.0
// BeforeAnythingElse

// Benchmark Process Environment Information:
// BenchmarkDotNet v0.15.8
// Runtime=.NET 10.0.12 (10.0.12, 10.0.1226.42308), X64 RyuJIT x86-64-v4
// GC=Concurrent Server
// HardwareIntrinsics=AVX512 F+BW+CD+DQ+VL,AVX2+BMI1+BMI2+F16C+FMA+LZCNT+MOVBE,AVX,SSE3+SSSE3+SSE4.1+SSE4.2+POPCNT,X86Base+SSE+SSE2,AES+PCLMUL VectorSize=256
// Job: Dry(IterationCount=1, LaunchCount=1, RunStrategy=ColdStart, UnrollFactor=1, WarmupCount=1)

// BeforeActualRun
WorkloadActual   1: 1 op, 12906838.00 ns, 12.9068 ms/op

// AfterActualRun
WorkloadResult   1: 1 op, 12906838.00 ns, 12.9068 ms/op

// AfterAll
// Benchmark Process 5091 has exited with code 0.

Mean = 12.907 ms, StdErr = 0.000 ms (0.00%), N = 1, StdDev = 0.000 ms
Min = 12.907 ms, Q1 = 12.907 ms, Median = 12.907 ms, Q3 = 12.907 ms, Max = 12.907 ms
IQR = 0.000 ms, LowerFence = 12.907 ms, UpperFence = 12.907 ms
ConfidenceInterval = [NaN ms; NaN ms] (CI 99.9%), Margin = NaN ms (NaN% of Mean)
Skewness = NaN, Kurtosis = NaN, MValue = 2

// ** Remained 0 (0.0 %) benchmark(s) to run. Estimated finish 2026-09-19 17:16 (0h 0m from now) **
// ***** BenchmarkRunner: Finish  *****

// * Export *
  BenchmarkDotNet.Artifacts/results/Tensile.Benchmarks.ParallelCrossoverBenchmarks-report.csv
  BenchmarkDotNet.Artifacts/results/Tensile.Benchmarks.ParallelCrossoverBenchmarks-report-github.md
  BenchmarkDotNet.Artifacts/results/Tensile.Benchmarks.ParallelCrossoverBenchmarks-report.html

// * Detailed results *
ParallelCrossoverBenchmarks.Serial: Dry(IterationCount=1, LaunchCount=1, RunStrategy=ColdStart, UnrollFactor=1, WarmupCount=1) [Shape=1024x64]
Runtime = .NET 10.0.12 (10.0.12, 10.0.1226.42308), X64 RyuJIT x86-64-v4; GC = Concurrent Server
Mean = 9.155 ms, StdErr = 0.000 ms (0.00%), N = 1, StdDev = 0.000 ms
Min = 9.155 ms, Q1 = 9.155 ms, Median = 9.155 ms, Q3 = 9.155 ms, Max = 9.155 ms
IQR = 0.000 ms, LowerFence = 9.155 ms, UpperFence = 9.155 ms
ConfidenceInterval = [NaN ms; NaN ms] (CI 99.9%), Margin = NaN ms (NaN% of Mean)
Skewness = NaN, Kurtosis = NaN, MValue = 2
-------------------- Histogram --------------------
[9.155 ms ; 9.155 ms) | @
---------------------------------------------------

ParallelCrossoverBenchmarks.Threaded: Dry(IterationCount=1, LaunchCount=1, RunStrategy=ColdStart, UnrollFactor=1, WarmupCount=1) [Shape=1024x64]
Runtime = .NET 10.0.12 (10.0.12, 10.0.1226.42308), X64 RyuJIT x86-64-v4; GC = Concurrent Server
Mean = 19.133 ms, StdErr = 0.000 ms (0.00%), N = 1, StdDev = 0.000 ms
Min = 19.133 ms, Q1 = 19.133 ms, Median = 19.133 ms, Q3 = 19.133 ms, Max = 19.133 ms
IQR = 0.000 ms, LowerFence = 19.133 ms, UpperFence = 19.133 ms
ConfidenceInterval = [NaN ms; NaN ms] (CI 99.9%), Margin = NaN ms (NaN% of Mean)
Skewness = NaN, Kurtosis = NaN, MValue = 2
-------------------- Histogram --------------------
[19.133 ms ; 19.133 ms) | @
---------------------------------------------------

ParallelCrossoverBenchmarks.Serial: Dry(IterationCount=1, LaunchCount=1, RunStrategy=ColdStart, UnrollFactor=1, WarmupCount=1) [Shape=128]
Runtime = .NET 10.0.12 (10.0.12, 10.0.1226.42308), X64 RyuJIT x86-64-v4; GC = Concurrent Server
Mean = 6.359 ms, StdErr = 0.000 ms (0.00%), N = 1, StdDev = 0.000 ms
Min = 6.359 ms, Q1 = 6.359 ms, Median = 6.359 ms, Q3 = 6.359 ms, Max = 6.359 ms
IQR = 0.000 ms, LowerFence = 6.359 ms, UpperFence = 6.359 ms
ConfidenceInterval = [NaN ms; NaN ms] (CI 99.9%), Margin = NaN ms (NaN% of Mean)
Skewness = NaN, Kurtosis = NaN, MValue = 2
-------------------- Histogram --------------------
[6.359 ms ; 6.359 ms) | @
---------------------------------------------------

ParallelCrossoverBenchmarks.Threaded: Dry(IterationCount=1, LaunchCount=1, RunStrategy=ColdStart, UnrollFactor=1, WarmupCount=1) [Shape=128]
Runtime = .NET 10.0.12 (10.0.12, 10.0.1226.42308), X64 RyuJIT x86-64-v4; GC = Concurrent Server
Mean = 13.508 ms, StdErr = 0.000 ms (0.00%), N = 1, StdDev = 0.000 ms
Min = 13.508 ms, Q1 = 13.508 ms, Median = 13.508 ms, Q3 = 13.508 ms, Max = 13.508 ms
IQR = 0.000 ms, LowerFence = 13.508 ms, UpperFence = 13.508 ms
ConfidenceInterval = [NaN ms; NaN ms] (CI 99.9%), Margin = NaN ms (NaN% of Mean)
Skewness = NaN, Kurtosis = NaN, MValue = 2
-------------------- Histogram --------------------
[13.508 ms ; 13.508 ms) | @
---------------------------------------------------

ParallelCrossoverBenchmarks.Serial: Dry(IterationCount=1, LaunchCount=1, RunStrategy=ColdStart, UnrollFactor=1, WarmupCount=1) [Shape=160]
Runtime = .NET 10.0.12 (10.0.12, 10.0.1226.42308), X64 RyuJIT x86-64-v4; GC = Concurrent Server
Mean = 9.143 ms, StdErr = 0.000 ms (0.00%), N = 1, StdDev = 0.000 ms
Min = 9.143 ms, Q1 = 9.143 ms, Median = 9.143 ms, Q3 = 9.143 ms, Max = 9.143 ms
IQR = 0.000 ms, LowerFence = 9.143 ms, UpperFence = 9.143 ms
ConfidenceInterval = [NaN ms; NaN ms] (CI 99.9%), Margin = NaN ms (NaN% of Mean)
Skewness = NaN, Kurtosis = NaN, MValue = 2
-------------------- Histogram --------------------
[9.143 ms ; 9.143 ms) | @
---------------------------------------------------

ParallelCrossoverBenchmarks.Threaded: Dry(IterationCount=1, LaunchCount=1, RunStrategy=ColdStart, UnrollFactor=1, WarmupCount=1) [Shape=160]
Runtime = .NET 10.0.12 (10.0.12, 10.0.1226.42308), X64 RyuJIT x86-64-v4; GC = Concurrent Server
Mean = 13.875 ms, StdErr = 0.000 ms (0.00%), N = 1, StdDev = 0.000 ms
Min = 13.875 ms, Q1 = 13.875 ms, Median = 13.875 ms, Q3 = 13.875 ms, Max = 13.875 ms
IQR = 0.000 ms, LowerFence = 13.875 ms, UpperFence = 13.875 ms
ConfidenceInterval = [NaN ms; NaN ms] (CI 99.9%), Margin = NaN ms (NaN% of Mean)
Skewness = NaN, Kurtosis = NaN, MValue = 2
-------------------- Histogram --------------------
[13.875 ms ; 13.875 ms) | @
---------------------------------------------------

ParallelCrossoverBenchmarks.Serial: Dry(IterationCount=1, LaunchCount=1, RunStrategy=ColdStart, UnrollFactor=1, WarmupCount=1) [Shape=192]
Runtime = .NET 10.0.12 (10.0.12, 10.0.1226.42308), X64 RyuJIT x86-64-v4; GC = Concurrent Server
Mean = 6.212 ms, StdErr = 0.000 ms (0.00%), N = 1, StdDev = 0.000 ms
Min = 6.212 ms, Q1 = 6.212 ms, Median = 6.212 ms, Q3 = 6.212 ms, Max = 6.212 ms
IQR = 0.000 ms, LowerFence = 6.212 ms, UpperFence = 6.212 ms
ConfidenceInterval = [NaN ms; NaN ms] (CI 99.9%), Margin = NaN ms (NaN% of Mean)
Skewness = NaN, Kurtosis = NaN, MValue = 2
-------------------- Histogram --------------------
[6.212 ms ; 6.212 ms) | @
---------------------------------------------------

ParallelCrossoverBenchmarks.Threaded: Dry(IterationCount=1, LaunchCount=1, RunStrategy=ColdStart, UnrollFactor=1, WarmupCount=1) [Shape=192]
Runtime = .NET 10.0.12 (10.0.12, 10.0.1226.42308), X64 RyuJIT x86-64-v4; GC = Concurrent Server
Mean = 14.664 ms, StdErr = 0.000 ms (0.00%), N = 1, StdDev = 0.000 ms
Min = 14.664 ms, Q1 = 14.664 ms, Median = 14.664 ms, Q3 = 14.664 ms, Max = 14.664 ms
IQR = 0.000 ms, LowerFence = 14.664 ms, UpperFence = 14.664 ms
ConfidenceInterval = [NaN ms; NaN ms] (CI 99.9%), Margin = NaN ms (NaN% of Mean)
Skewness = NaN, Kurtosis = NaN, MValue = 2
-------------------- Histogram --------------------
[14.664 ms ; 14.664 ms) | @
---------------------------------------------------

ParallelCrossoverBenchmarks.Serial: Dry(IterationCount=1, LaunchCount=1, RunStrategy=ColdStart, UnrollFactor=1, WarmupCount=1) [Shape=2048x64]
Runtime = .NET 10.0.12 (10.0.12, 10.0.1226.42308), X64 RyuJIT x86-64-v4; GC = Concurrent Server
Mean = 20.540 ms, StdErr = 0.000 ms (0.00%), N = 1, StdDev = 0.000 ms
Min = 20.540 ms, Q1 = 20.540 ms, Median = 20.540 ms, Q3 = 20.540 ms, Max = 20.540 ms
IQR = 0.000 ms, LowerFence = 20.540 ms, UpperFence = 20.540 ms
ConfidenceInterval = [NaN ms; NaN ms] (CI 99.9%), Margin = NaN ms (NaN% of Mean)
Skewness = NaN, Kurtosis = NaN, MValue = 2
-------------------- Histogram --------------------
[20.540 ms ; 20.540 ms) | @
---------------------------------------------------

ParallelCrossoverBenchmarks.Threaded: Dry(IterationCount=1, LaunchCount=1, RunStrategy=ColdStart, UnrollFactor=1, WarmupCount=1) [Shape=2048x64]
Runtime = .NET 10.0.12 (10.0.12, 10.0.1226.42308), X64 RyuJIT x86-64-v4; GC = Concurrent Server
Mean = 25.852 ms, StdErr = 0.000 ms (0.00%), N = 1, StdDev = 0.000 ms
Min = 25.852 ms, Q1 = 25.852 ms, Median = 25.852 ms, Q3 = 25.852 ms, Max = 25.852 ms
IQR = 0.000 ms, LowerFence = 25.852 ms, UpperFence = 25.852 ms
ConfidenceInterval = [NaN ms; NaN ms] (CI 99.9%), Margin = NaN ms (NaN% of Mean)
Skewness = NaN, Kurtosis = NaN, MValue = 2
-------------------- Histogram --------------------
[25.852 ms ; 25.852 ms) | @
---------------------------------------------------

ParallelCrossoverBenchmarks.Serial: Dry(IterationCount=1, LaunchCount=1, RunStrategy=ColdStart, UnrollFactor=1, WarmupCount=1) [Shape=256]
Runtime = .NET 10.0.12 (10.0.12, 10.0.1226.42308), X64 RyuJIT x86-64-v4; GC = Concurrent Server
Mean = 6.759 ms, StdErr = 0.000 ms (0.00%), N = 1, StdDev = 0.000 ms
Min = 6.759 ms, Q1 = 6.759 ms, Median = 6.759 ms, Q3 = 6.759 ms, Max = 6.759 ms
IQR = 0.000 ms, LowerFence = 6.759 ms, UpperFence = 6.759 ms
ConfidenceInterval = [NaN ms; NaN ms] (CI 99.9%), Margin = NaN ms (NaN% of Mean)
Skewness = NaN, Kurtosis = NaN, MValue = 2
-------------------- Histogram --------------------
[6.759 ms ; 6.759 ms) | @
---------------------------------------------------

ParallelCrossoverBenchmarks.Threaded: Dry(IterationCount=1, LaunchCount=1, RunStrategy=ColdStart, UnrollFactor=1, WarmupCount=1) [Shape=256]
Runtime = .NET 10.0.12 (10.0.12, 10.0.1226.42308), X64 RyuJIT x86-64-v4; GC = Concurrent Server
Mean = 17.080 ms, StdErr = 0.000 ms (0.00%), N = 1, StdDev = 0.000 ms
Min = 17.080 ms, Q1 = 17.080 ms, Median = 17.080 ms, Q3 = 17.080 ms, Max = 17.080 ms
IQR = 0.000 ms, LowerFence = 17.080 ms, UpperFence = 17.080 ms
ConfidenceInterval = [NaN ms; NaN ms] (CI 99.9%), Margin = NaN ms (NaN% of Mean)
Skewness = NaN, Kurtosis = NaN, MValue = 2
-------------------- Histogram --------------------
[17.080 ms ; 17.080 ms) | @
---------------------------------------------------

ParallelCrossoverBenchmarks.Serial: Dry(IterationCount=1, LaunchCount=1, RunStrategy=ColdStart, UnrollFactor=1, WarmupCount=1) [Shape=256x64]
Runtime = .NET 10.0.12 (10.0.12, 10.0.1226.42308), X64 RyuJIT x86-64-v4; GC = Concurrent Server
Mean = 5.769 ms, StdErr = 0.000 ms (0.00%), N = 1, StdDev = 0.000 ms
Min = 5.769 ms, Q1 = 5.769 ms, Median = 5.769 ms, Q3 = 5.769 ms, Max = 5.769 ms
IQR = 0.000 ms, LowerFence = 5.769 ms, UpperFence = 5.769 ms
ConfidenceInterval = [NaN ms; NaN ms] (CI 99.9%), Margin = NaN ms (NaN% of Mean)
Skewness = NaN, Kurtosis = NaN, MValue = 2
-------------------- Histogram --------------------
[5.769 ms ; 5.769 ms) | @
---------------------------------------------------

ParallelCrossoverBenchmarks.Threaded: Dry(IterationCount=1, LaunchCount=1, RunStrategy=ColdStart, UnrollFactor=1, WarmupCount=1) [Shape=256x64]
Runtime = .NET 10.0.12 (10.0.12, 10.0.1226.42308), X64 RyuJIT x86-64-v4; GC = Concurrent Server
Mean = 13.473 ms, StdErr = 0.000 ms (0.00%), N = 1, StdDev = 0.000 ms
Min = 13.473 ms, Q1 = 13.473 ms, Median = 13.473 ms, Q3 = 13.473 ms, Max = 13.473 ms
IQR = 0.000 ms, LowerFence = 13.473 ms, UpperFence = 13.473 ms
ConfidenceInterval = [NaN ms; NaN ms] (CI 99.9%), Margin = NaN ms (NaN% of Mean)
Skewness = NaN, Kurtosis = NaN, MValue = 2
-------------------- Histogram --------------------
[13.473 ms ; 13.473 ms) | @
---------------------------------------------------

ParallelCrossoverBenchmarks.Serial: Dry(IterationCount=1, LaunchCount=1, RunStrategy=ColdStart, UnrollFactor=1, WarmupCount=1) [Shape=384]
Runtime = .NET 10.0.12 (10.0.12, 10.0.1226.42308), X64 RyuJIT x86-64-v4; GC = Concurrent Server
Mean = 9.317 ms, StdErr = 0.000 ms (0.00%), N = 1, StdDev = 0.000 ms
Min = 9.317 ms, Q1 = 9.317 ms, Median = 9.317 ms, Q3 = 9.317 ms, Max = 9.317 ms
IQR = 0.000 ms, LowerFence = 9.317 ms, UpperFence = 9.317 ms
ConfidenceInterval = [NaN ms; NaN ms] (CI 99.9%), Margin = NaN ms (NaN% of Mean)
Skewness = NaN, Kurtosis = NaN, MValue = 2
-------------------- Histogram --------------------
[9.317 ms ; 9.317 ms) | @
---------------------------------------------------

ParallelCrossoverBenchmarks.Threaded: Dry(IterationCount=1, LaunchCount=1, RunStrategy=ColdStart, UnrollFactor=1, WarmupCount=1) [Shape=384]
Runtime = .NET 10.0.12 (10.0.12, 10.0.1226.42308), X64 RyuJIT x86-64-v4; GC = Concurrent Server
Mean = 20.297 ms, StdErr = 0.000 ms (0.00%), N = 1, StdDev = 0.000 ms
Min = 20.297 ms, Q1 = 20.297 ms, Median = 20.297 ms, Q3 = 20.297 ms, Max = 20.297 ms
IQR = 0.000 ms, LowerFence = 20.297 ms, UpperFence = 20.297 ms
ConfidenceInterval = [NaN ms; NaN ms] (CI 99.9%), Margin = NaN ms (NaN% of Mean)
Skewness = NaN, Kurtosis = NaN, MValue = 2
-------------------- Histogram --------------------
[20.297 ms ; 20.297 ms) | @
---------------------------------------------------

ParallelCrossoverBenchmarks.Serial: Dry(IterationCount=1, LaunchCount=1, RunStrategy=ColdStart, UnrollFactor=1, WarmupCount=1) [Shape=512x64]
Runtime = .NET 10.0.12 (10.0.12, 10.0.1226.42308), X64 RyuJIT x86-64-v4; GC = Concurrent Server
Mean = 6.609 ms, StdErr = 0.000 ms (0.00%), N = 1, StdDev = 0.000 ms
Min = 6.609 ms, Q1 = 6.609 ms, Median = 6.609 ms, Q3 = 6.609 ms, Max = 6.609 ms
IQR = 0.000 ms, LowerFence = 6.609 ms, UpperFence = 6.609 ms
ConfidenceInterval = [NaN ms; NaN ms] (CI 99.9%), Margin = NaN ms (NaN% of Mean)
Skewness = NaN, Kurtosis = NaN, MValue = 2
-------------------- Histogram --------------------
[6.609 ms ; 6.609 ms) | @
---------------------------------------------------

ParallelCrossoverBenchmarks.Threaded: Dry(IterationCount=1, LaunchCount=1, RunStrategy=ColdStart, UnrollFactor=1, WarmupCount=1) [Shape=512x64]
Runtime = .NET 10.0.12 (10.0.12, 10.0.1226.42308), X64 RyuJIT x86-64-v4; GC = Concurrent Server
Mean = 17.252 ms, StdErr = 0.000 ms (0.00%), N = 1, StdDev = 0.000 ms
Min = 17.252 ms, Q1 = 17.252 ms, Median = 17.252 ms, Q3 = 17.252 ms, Max = 17.252 ms
IQR = 0.000 ms, LowerFence = 17.252 ms, UpperFence = 17.252 ms
ConfidenceInterval = [NaN ms; NaN ms] (CI 99.9%), Margin = NaN ms (NaN% of Mean)
Skewness = NaN, Kurtosis = NaN, MValue = 2
-------------------- Histogram --------------------
[17.252 ms ; 17.252 ms) | @
---------------------------------------------------

ParallelCrossoverBenchmarks.Serial: Dry(IterationCount=1, LaunchCount=1, RunStrategy=ColdStart, UnrollFactor=1, WarmupCount=1) [Shape=64]
Runtime = .NET 10.0.12 (10.0.12, 10.0.1226.42308), X64 RyuJIT x86-64-v4; GC = Concurrent Server
Mean = 4.372 ms, StdErr = 0.000 ms (0.00%), N = 1, StdDev = 0.000 ms
Min = 4.372 ms, Q1 = 4.372 ms, Median = 4.372 ms, Q3 = 4.372 ms, Max = 4.372 ms
IQR = 0.000 ms, LowerFence = 4.372 ms, UpperFence = 4.372 ms
ConfidenceInterval = [NaN ms; NaN ms] (CI 99.9%), Margin = NaN ms (NaN% of Mean)
Skewness = NaN, Kurtosis = NaN, MValue = 2
-------------------- Histogram --------------------
[4.372 ms ; 4.372 ms) | @
---------------------------------------------------

ParallelCrossoverBenchmarks.Threaded: Dry(IterationCount=1, LaunchCount=1, RunStrategy=ColdStart, UnrollFactor=1, WarmupCount=1) [Shape=64]
Runtime = .NET 10.0.12 (10.0.12, 10.0.1226.42308), X64 RyuJIT x86-64-v4; GC = Concurrent Server
Mean = 12.188 ms, StdErr = 0.000 ms (0.00%), N = 1, StdDev = 0.000 ms
Min = 12.188 ms, Q1 = 12.188 ms, Median = 12.188 ms, Q3 = 12.188 ms, Max = 12.188 ms
IQR = 0.000 ms, LowerFence = 12.188 ms, UpperFence = 12.188 ms
ConfidenceInterval = [NaN ms; NaN ms] (CI 99.9%), Margin = NaN ms (NaN% of Mean)
Skewness = NaN, Kurtosis = NaN, MValue = 2
-------------------- Histogram --------------------
[12.188 ms ; 12.188 ms) | @
---------------------------------------------------

ParallelCrossoverBenchmarks.Serial: Dry(IterationCount=1, LaunchCount=1, RunStrategy=ColdStart, UnrollFactor=1, WarmupCount=1) [Shape=96]
Runtime = .NET 10.0.12 (10.0.12, 10.0.1226.42308), X64 RyuJIT x86-64-v4; GC = Concurrent Server
Mean = 5.083 ms, StdErr = 0.000 ms (0.00%), N = 1, StdDev = 0.000 ms
Min = 5.083 ms, Q1 = 5.083 ms, Median = 5.083 ms, Q3 = 5.083 ms, Max = 5.083 ms
IQR = 0.000 ms, LowerFence = 5.083 ms, UpperFence = 5.083 ms
ConfidenceInterval = [NaN ms; NaN ms] (CI 99.9%), Margin = NaN ms (NaN% of Mean)
Skewness = NaN, Kurtosis = NaN, MValue = 2
-------------------- Histogram --------------------
[5.083 ms ; 5.083 ms) | @
---------------------------------------------------

ParallelCrossoverBenchmarks.Threaded: Dry(IterationCount=1, LaunchCount=1, RunStrategy=ColdStart, UnrollFactor=1, WarmupCount=1) [Shape=96]
Runtime = .NET 10.0.12 (10.0.12, 10.0.1226.42308), X64 RyuJIT x86-64-v4; GC = Concurrent Server
Mean = 12.907 ms, StdErr = 0.000 ms (0.00%), N = 1, StdDev = 0.000 ms
Min = 12.907 ms, Q1 = 12.907 ms, Median = 12.907 ms, Q3 = 12.907 ms, Max = 12.907 ms
IQR = 0.000 ms, LowerFence = 12.907 ms, UpperFence = 12.907 ms
ConfidenceInterval = [NaN ms; NaN ms] (CI 99.9%), Margin = NaN ms (NaN% of Mean)
Skewness = NaN, Kurtosis = NaN, MValue = 2
-------------------- Histogram --------------------
[12.907 ms ; 12.907 ms) | @
---------------------------------------------------

// * Summary *

BenchmarkDotNet v0.15.8, Linux Ubuntu 24.04.4 LTS (Noble Numbat)
Intel Xeon Processor 2.80GHz, 1 CPU, 4 logical and 4 physical cores
.NET SDK 10.0.112
  [Host] : .NET 10.0.12 (10.0.12, 10.0.1226.42308), X64 RyuJIT x86-64-v4
  Dry    : .NET 10.0.12 (10.0.12, 10.0.1226.42308), X64 RyuJIT x86-64-v4

Job=Dry  IterationCount=1  LaunchCount=1  
RunStrategy=ColdStart  UnrollFactor=1  WarmupCount=1  

| Method   | Shape   | Mean      | Error | Ratio |
|--------- |-------- |----------:|------:|------:|
| Serial   | 1024x64 |  9.155 ms |    NA |  1.00 |
| Threaded | 1024x64 | 19.133 ms |    NA |  2.09 |
|          |         |           |       |       |
| Serial   | 128     |  6.359 ms |    NA |  1.00 |
| Threaded | 128     | 13.508 ms |    NA |  2.12 |
|          |         |           |       |       |
| Serial   | 160     |  9.143 ms |    NA |  1.00 |
| Threaded | 160     | 13.875 ms |    NA |  1.52 |
|          |         |           |       |       |
| Serial   | 192     |  6.212 ms |    NA |  1.00 |
| Threaded | 192     | 14.664 ms |    NA |  2.36 |
|          |         |           |       |       |
| Serial   | 2048x64 | 20.540 ms |    NA |  1.00 |
| Threaded | 2048x64 | 25.852 ms |    NA |  1.26 |
|          |         |           |       |       |
| Serial   | 256     |  6.759 ms |    NA |  1.00 |
| Threaded | 256     | 17.080 ms |    NA |  2.53 |
|          |         |           |       |       |
| Serial   | 256x64  |  5.769 ms |    NA |  1.00 |
| Threaded | 256x64  | 13.473 ms |    NA |  2.34 |
|          |         |           |       |       |
| Serial   | 384     |  9.317 ms |    NA |  1.00 |
| Threaded | 384     | 20.297 ms |    NA |  2.18 |
|          |         |           |       |       |
| Serial   | 512x64  |  6.609 ms |    NA |  1.00 |
| Threaded | 512x64  | 17.252 ms |    NA |  2.61 |
|          |         |           |       |       |
| Serial   | 64      |  4.372 ms |    NA |  1.00 |
| Threaded | 64      | 12.188 ms |    NA |  2.79 |
|          |         |           |       |       |
| Serial   | 96      |  5.083 ms |    NA |  1.00 |
| Threaded | 96      | 12.907 ms |    NA |  2.54 |

// * Warnings *
MinIterationTime
  ParallelCrossoverBenchmarks.Serial: Dry   -> The minimum observed iteration time is 9.155ms which is very small. It's recommended to increase it to at least 100ms using more operations.
  ParallelCrossoverBenchmarks.Threaded: Dry -> The minimum observed iteration time is 19.133ms which is very small. It's recommended to increase it to at least 100ms using more operations.
  ParallelCrossoverBenchmarks.Serial: Dry   -> The minimum observed iteration time is 6.359ms which is very small. It's recommended to increase it to at least 100ms using more operations.
  ParallelCrossoverBenchmarks.Threaded: Dry -> The minimum observed iteration time is 13.508ms which is very small. It's recommended to increase it to at least 100ms using more operations.
  ParallelCrossoverBenchmarks.Serial: Dry   -> The minimum observed iteration time is 9.143ms which is very small. It's recommended to increase it to at least 100ms using more operations.
  ParallelCrossoverBenchmarks.Threaded: Dry -> The minimum observed iteration time is 13.875ms which is very small. It's recommended to increase it to at least 100ms using more operations.
  ParallelCrossoverBenchmarks.Serial: Dry   -> The minimum observed iteration time is 6.212ms which is very small. It's recommended to increase it to at least 100ms using more operations.
  ParallelCrossoverBenchmarks.Threaded: Dry -> The minimum observed iteration time is 14.664ms which is very small. It's recommended to increase it to at least 100ms using more operations.
  ParallelCrossoverBenchmarks.Serial: Dry   -> The minimum observed iteration time is 20.54ms which is very small. It's recommended to increase it to at least 100ms using more operations.
  ParallelCrossoverBenchmarks.Threaded: Dry -> The minimum observed iteration time is 25.852ms which is very small. It's recommended to increase it to at least 100ms using more operations.
  ParallelCrossoverBenchmarks.Serial: Dry   -> The minimum observed iteration time is 6.759ms which is very small. It's recommended to increase it to at least 100ms using more operations.
  ParallelCrossoverBenchmarks.Threaded: Dry -> The minimum observed iteration time is 17.08ms which is very small. It's recommended to increase it to at least 100ms using more operations.
  ParallelCrossoverBenchmarks.Serial: Dry   -> The minimum observed iteration time is 5.769ms which is very small. It's recommended to increase it to at least 100ms using more operations.
  ParallelCrossoverBenchmarks.Threaded: Dry -> The minimum observed iteration time is 13.473ms which is very small. It's recommended to increase it to at least 100ms using more operations.
  ParallelCrossoverBenchmarks.Serial: Dry   -> The minimum observed iteration time is 9.317ms which is very small. It's recommended to increase it to at least 100ms using more operations.
  ParallelCrossoverBenchmarks.Threaded: Dry -> The minimum observed iteration time is 20.297ms which is very small. It's recommended to increase it to at least 100ms using more operations.
  ParallelCrossoverBenchmarks.Serial: Dry   -> The minimum observed iteration time is 6.609ms which is very small. It's recommended to increase it to at least 100ms using more operations.
  ParallelCrossoverBenchmarks.Threaded: Dry -> The minimum observed iteration time is 17.252ms which is very small. It's recommended to increase it to at least 100ms using more operations.
  ParallelCrossoverBenchmarks.Serial: Dry   -> The minimum observed iteration time is 4.372ms which is very small. It's recommended to increase it to at least 100ms using more operations.
  ParallelCrossoverBenchmarks.Threaded: Dry -> The minimum observed iteration time is 12.188ms which is very small. It's recommended to increase it to at least 100ms using more operations.
  ParallelCrossoverBenchmarks.Serial: Dry   -> The minimum observed iteration time is 5.083ms which is very small. It's recommended to increase it to at least 100ms using more operations.
  ParallelCrossoverBenchmarks.Threaded: Dry -> The minimum observed iteration time is 12.907ms which is very small. It's recommended to increase it to at least 100ms using more operations.

// * Legends *
  Shape : Value of the 'Shape' parameter
  Mean  : Arithmetic mean of all measurements
  Error : Half of 99.9% confidence interval
  Ratio : Mean of the ratio distribution ([Current]/[Baseline])
  1 ms  : 1 Millisecond (0.001 sec)

// ***** BenchmarkRunner: End *****
Run time: 00:00:04 (4 sec), executed benchmarks: 22

Global total time: 00:00:25 (25.2 sec), executed benchmarks: 22
// * Artifacts cleanup *
Artifacts cleanup is finished
