// Validating benchmarks:
// ***** BenchmarkRunner: Start   *****
// ***** Found 3 benchmark(s) in total *****
// ***** Building 1 exe(s) in Parallel: Start   *****
// start dotnet  restore --nodeReuse:false /p:UseSharedCompilation=false /p:Deterministic=true /p:Optimize=true /p:ArtifactsPath="/home/user/CSharp_LinearAlgebra/bench/Tensile.Benchmarks/bin/Release/net10.0/Tensile.Benchmarks-Dry-1/" /p:OutDir="/home/user/CSharp_LinearAlgebra/bench/Tensile.Benchmarks/bin/Release/net10.0/Tensile.Benchmarks-Dry-1/bin/Release/net10.0/" /p:OutputPath="/home/user/CSharp_LinearAlgebra/bench/Tensile.Benchmarks/bin/Release/net10.0/Tensile.Benchmarks-Dry-1/bin/Release/net10.0/" /p:PublishDir="/home/user/CSharp_LinearAlgebra/bench/Tensile.Benchmarks/bin/Release/net10.0/Tensile.Benchmarks-Dry-1/publish/" in /home/user/CSharp_LinearAlgebra/bench/Tensile.Benchmarks/bin/Release/net10.0/Tensile.Benchmarks-Dry-1
// command took 2.12 sec and exited with 0
// start dotnet  build -c Release --no-restore --nodeReuse:false /p:UseSharedCompilation=false /p:Deterministic=true /p:Optimize=true /p:ArtifactsPath="/home/user/CSharp_LinearAlgebra/bench/Tensile.Benchmarks/bin/Release/net10.0/Tensile.Benchmarks-Dry-1/" /p:OutDir="/home/user/CSharp_LinearAlgebra/bench/Tensile.Benchmarks/bin/Release/net10.0/Tensile.Benchmarks-Dry-1/bin/Release/net10.0/" /p:OutputPath="/home/user/CSharp_LinearAlgebra/bench/Tensile.Benchmarks/bin/Release/net10.0/Tensile.Benchmarks-Dry-1/bin/Release/net10.0/" /p:PublishDir="/home/user/CSharp_LinearAlgebra/bench/Tensile.Benchmarks/bin/Release/net10.0/Tensile.Benchmarks-Dry-1/publish/" --output "/home/user/CSharp_LinearAlgebra/bench/Tensile.Benchmarks/bin/Release/net10.0/Tensile.Benchmarks-Dry-1/bin/Release/net10.0/" in /home/user/CSharp_LinearAlgebra/bench/Tensile.Benchmarks/bin/Release/net10.0/Tensile.Benchmarks-Dry-1
// command took 11.66 sec and exited with 0
// ***** Done, took 00:00:13 (13.84 sec)   *****
// Found 3 benchmarks:
//   KernelCeilingBenchmarks.Ceiling: Dry(IterationCount=1, LaunchCount=1, RunStrategy=ColdStart, UnrollFactor=1, WarmupCount=1) [Kernel=AVX-512 16x8]
//   KernelCeilingBenchmarks.Ceiling: Dry(IterationCount=1, LaunchCount=1, RunStrategy=ColdStart, UnrollFactor=1, WarmupCount=1) [Kernel=AVX2/FMA 8x6]
//   KernelCeilingBenchmarks.Ceiling: Dry(IterationCount=1, LaunchCount=1, RunStrategy=ColdStart, UnrollFactor=1, WarmupCount=1) [Kernel=scalar 4x4]

// **************************
// Benchmark: KernelCeilingBenchmarks.Ceiling: Dry(IterationCount=1, LaunchCount=1, RunStrategy=ColdStart, UnrollFactor=1, WarmupCount=1) [Kernel=AVX-512 16x8]
// *** Execute ***
// Launch: 1 / 1
// Execute: dotnet Tensile.Benchmarks-Dry-1.dll --anonymousPipes 124 125 --benchmarkName "Tensile.Benchmarks.KernelCeilingBenchmarks.Ceiling(Kernel: \"AVX-512 16x8\")" --job Dry --benchmarkId 0 in /home/user/CSharp_LinearAlgebra/bench/Tensile.Benchmarks/bin/Release/net10.0/Tensile.Benchmarks-Dry-1/bin/Release/net10.0
// BeforeAnythingElse

// Benchmark Process Environment Information:
// BenchmarkDotNet v0.15.8
// Runtime=.NET 10.0.12 (10.0.12, 10.0.1226.42308), X64 RyuJIT x86-64-v4
// GC=Concurrent Server
// HardwareIntrinsics=AVX512 BITALG+VBMI2+VNNI+VPOPCNTDQ,AVX512 IFMA+VBMI,AVX512 F+BW+CD+DQ+VL,AVX2+BMI1+BMI2+F16C+FMA+LZCNT+MOVBE,AVX,SSE3+SSSE3+SSE4.1+SSE4.2+POPCNT,X86Base+SSE+SSE2,AES+PCLMUL,AvxVnni,SERIALIZE VectorSize=256
// Job: Dry(IterationCount=1, LaunchCount=1, RunStrategy=ColdStart, UnrollFactor=1, WarmupCount=1)

// BeforeActualRun
WorkloadActual   1: 1 op, 21102427.00 ns, 21.1024 ms/op

// AfterActualRun
WorkloadResult   1: 1 op, 21102427.00 ns, 21.1024 ms/op

// AfterAll
// Benchmark Process 1076 has exited with code 0.

Mean = 21.102 ms, StdErr = 0.000 ms (0.00%), N = 1, StdDev = 0.000 ms
Min = 21.102 ms, Q1 = 21.102 ms, Median = 21.102 ms, Q3 = 21.102 ms, Max = 21.102 ms
IQR = 0.000 ms, LowerFence = 21.102 ms, UpperFence = 21.102 ms
ConfidenceInterval = [NaN ms; NaN ms] (CI 99.9%), Margin = NaN ms (NaN% of Mean)
Skewness = NaN, Kurtosis = NaN, MValue = 2

// ** Remained 2 (66.7 %) benchmark(s) to run. Estimated finish 2026-09-17 1:11 (0h 0m from now) **
// **************************
// Benchmark: KernelCeilingBenchmarks.Ceiling: Dry(IterationCount=1, LaunchCount=1, RunStrategy=ColdStart, UnrollFactor=1, WarmupCount=1) [Kernel=AVX2/FMA 8x6]
// *** Execute ***
// Launch: 1 / 1
// Execute: dotnet Tensile.Benchmarks-Dry-1.dll --anonymousPipes 124 125 --benchmarkName "Tensile.Benchmarks.KernelCeilingBenchmarks.Ceiling(Kernel: \"AVX2/FMA 8x6\")" --job Dry --benchmarkId 1 in /home/user/CSharp_LinearAlgebra/bench/Tensile.Benchmarks/bin/Release/net10.0/Tensile.Benchmarks-Dry-1/bin/Release/net10.0
// BeforeAnythingElse

// Benchmark Process Environment Information:
// BenchmarkDotNet v0.15.8
// Runtime=.NET 10.0.12 (10.0.12, 10.0.1226.42308), X64 RyuJIT x86-64-v4
// GC=Concurrent Server
// HardwareIntrinsics=AVX512 BITALG+VBMI2+VNNI+VPOPCNTDQ,AVX512 IFMA+VBMI,AVX512 F+BW+CD+DQ+VL,AVX2+BMI1+BMI2+F16C+FMA+LZCNT+MOVBE,AVX,SSE3+SSSE3+SSE4.1+SSE4.2+POPCNT,X86Base+SSE+SSE2,AES+PCLMUL,AvxVnni,SERIALIZE VectorSize=256
// Job: Dry(IterationCount=1, LaunchCount=1, RunStrategy=ColdStart, UnrollFactor=1, WarmupCount=1)

// BeforeActualRun
WorkloadActual   1: 1 op, 13504296.00 ns, 13.5043 ms/op

// AfterActualRun
WorkloadResult   1: 1 op, 13504296.00 ns, 13.5043 ms/op

// AfterAll
// Benchmark Process 1090 has exited with code 0.

Mean = 13.504 ms, StdErr = 0.000 ms (0.00%), N = 1, StdDev = 0.000 ms
Min = 13.504 ms, Q1 = 13.504 ms, Median = 13.504 ms, Q3 = 13.504 ms, Max = 13.504 ms
IQR = 0.000 ms, LowerFence = 13.504 ms, UpperFence = 13.504 ms
ConfidenceInterval = [NaN ms; NaN ms] (CI 99.9%), Margin = NaN ms (NaN% of Mean)
Skewness = NaN, Kurtosis = NaN, MValue = 2

// ** Remained 1 (33.3 %) benchmark(s) to run. Estimated finish 2026-09-17 1:11 (0h 0m from now) **
// **************************
// Benchmark: KernelCeilingBenchmarks.Ceiling: Dry(IterationCount=1, LaunchCount=1, RunStrategy=ColdStart, UnrollFactor=1, WarmupCount=1) [Kernel=scalar 4x4]
// *** Execute ***
// Launch: 1 / 1
// Execute: dotnet Tensile.Benchmarks-Dry-1.dll --anonymousPipes 124 125 --benchmarkName "Tensile.Benchmarks.KernelCeilingBenchmarks.Ceiling(Kernel: \"scalar 4x4\")" --job Dry --benchmarkId 2 in /home/user/CSharp_LinearAlgebra/bench/Tensile.Benchmarks/bin/Release/net10.0/Tensile.Benchmarks-Dry-1/bin/Release/net10.0
// BeforeAnythingElse

// Benchmark Process Environment Information:
// BenchmarkDotNet v0.15.8
// Runtime=.NET 10.0.12 (10.0.12, 10.0.1226.42308), X64 RyuJIT x86-64-v4
// GC=Concurrent Server
// HardwareIntrinsics=AVX512 BITALG+VBMI2+VNNI+VPOPCNTDQ,AVX512 IFMA+VBMI,AVX512 F+BW+CD+DQ+VL,AVX2+BMI1+BMI2+F16C+FMA+LZCNT+MOVBE,AVX,SSE3+SSSE3+SSE4.1+SSE4.2+POPCNT,X86Base+SSE+SSE2,AES+PCLMUL,AvxVnni,SERIALIZE VectorSize=256
// Job: Dry(IterationCount=1, LaunchCount=1, RunStrategy=ColdStart, UnrollFactor=1, WarmupCount=1)

// BeforeActualRun
WorkloadActual   1: 1 op, 20990889.00 ns, 20.9909 ms/op

// AfterActualRun
WorkloadResult   1: 1 op, 20990889.00 ns, 20.9909 ms/op

// AfterAll
// Benchmark Process 1103 has exited with code 0.

Mean = 20.991 ms, StdErr = 0.000 ms (0.00%), N = 1, StdDev = 0.000 ms
Min = 20.991 ms, Q1 = 20.991 ms, Median = 20.991 ms, Q3 = 20.991 ms, Max = 20.991 ms
IQR = 0.000 ms, LowerFence = 20.991 ms, UpperFence = 20.991 ms
ConfidenceInterval = [NaN ms; NaN ms] (CI 99.9%), Margin = NaN ms (NaN% of Mean)
Skewness = NaN, Kurtosis = NaN, MValue = 2

// ** Remained 0 (0.0 %) benchmark(s) to run. Estimated finish 2026-09-17 1:11 (0h 0m from now) **
// ***** BenchmarkRunner: Finish  *****

// * Export *
  BenchmarkDotNet.Artifacts/results/Tensile.Benchmarks.KernelCeilingBenchmarks-report.csv
  BenchmarkDotNet.Artifacts/results/Tensile.Benchmarks.KernelCeilingBenchmarks-report-github.md
  BenchmarkDotNet.Artifacts/results/Tensile.Benchmarks.KernelCeilingBenchmarks-report.html

// * Detailed results *
KernelCeilingBenchmarks.Ceiling: Dry(IterationCount=1, LaunchCount=1, RunStrategy=ColdStart, UnrollFactor=1, WarmupCount=1) [Kernel=AVX-512 16x8]
Runtime = .NET 10.0.12 (10.0.12, 10.0.1226.42308), X64 RyuJIT x86-64-v4; GC = Concurrent Server
Mean = 21.102 ms, StdErr = 0.000 ms (0.00%), N = 1, StdDev = 0.000 ms
Min = 21.102 ms, Q1 = 21.102 ms, Median = 21.102 ms, Q3 = 21.102 ms, Max = 21.102 ms
IQR = 0.000 ms, LowerFence = 21.102 ms, UpperFence = 21.102 ms
ConfidenceInterval = [NaN ms; NaN ms] (CI 99.9%), Margin = NaN ms (NaN% of Mean)
Skewness = NaN, Kurtosis = NaN, MValue = 2
-------------------- Histogram --------------------
[21.102 ms ; 21.102 ms) | @
---------------------------------------------------

KernelCeilingBenchmarks.Ceiling: Dry(IterationCount=1, LaunchCount=1, RunStrategy=ColdStart, UnrollFactor=1, WarmupCount=1) [Kernel=AVX2/FMA 8x6]
Runtime = .NET 10.0.12 (10.0.12, 10.0.1226.42308), X64 RyuJIT x86-64-v4; GC = Concurrent Server
Mean = 13.504 ms, StdErr = 0.000 ms (0.00%), N = 1, StdDev = 0.000 ms
Min = 13.504 ms, Q1 = 13.504 ms, Median = 13.504 ms, Q3 = 13.504 ms, Max = 13.504 ms
IQR = 0.000 ms, LowerFence = 13.504 ms, UpperFence = 13.504 ms
ConfidenceInterval = [NaN ms; NaN ms] (CI 99.9%), Margin = NaN ms (NaN% of Mean)
Skewness = NaN, Kurtosis = NaN, MValue = 2
-------------------- Histogram --------------------
[13.504 ms ; 13.504 ms) | @
---------------------------------------------------

KernelCeilingBenchmarks.Ceiling: Dry(IterationCount=1, LaunchCount=1, RunStrategy=ColdStart, UnrollFactor=1, WarmupCount=1) [Kernel=scalar 4x4]
Runtime = .NET 10.0.12 (10.0.12, 10.0.1226.42308), X64 RyuJIT x86-64-v4; GC = Concurrent Server
Mean = 20.991 ms, StdErr = 0.000 ms (0.00%), N = 1, StdDev = 0.000 ms
Min = 20.991 ms, Q1 = 20.991 ms, Median = 20.991 ms, Q3 = 20.991 ms, Max = 20.991 ms
IQR = 0.000 ms, LowerFence = 20.991 ms, UpperFence = 20.991 ms
ConfidenceInterval = [NaN ms; NaN ms] (CI 99.9%), Margin = NaN ms (NaN% of Mean)
Skewness = NaN, Kurtosis = NaN, MValue = 2
-------------------- Histogram --------------------
[20.991 ms ; 20.991 ms) | @
---------------------------------------------------

// * Summary *

BenchmarkDotNet v0.15.8, Linux Ubuntu 24.04.4 LTS (Noble Numbat)
Intel Xeon Processor 2.10GHz, 1 CPU, 4 logical and 4 physical cores
.NET SDK 10.0.112
  [Host] : .NET 10.0.12 (10.0.12, 10.0.1226.42308), X64 RyuJIT x86-64-v4
  Dry    : .NET 10.0.12 (10.0.12, 10.0.1226.42308), X64 RyuJIT x86-64-v4

Job=Dry  IterationCount=1  LaunchCount=1  
RunStrategy=ColdStart  UnrollFactor=1  WarmupCount=1  

| Method  | Kernel       | Mean     | Error |
|-------- |------------- |---------:|------:|
| Ceiling | AVX-512 16x8 | 21.10 ms |    NA |
| Ceiling | AVX2/FMA 8x6 | 13.50 ms |    NA |
| Ceiling | scalar 4x4   | 20.99 ms |    NA |

// * Warnings *
MinIterationTime
  KernelCeilingBenchmarks.Ceiling: Dry -> The minimum observed iteration time is 21.102ms which is very small. It's recommended to increase it to at least 100ms using more operations.
  KernelCeilingBenchmarks.Ceiling: Dry -> The minimum observed iteration time is 13.504ms which is very small. It's recommended to increase it to at least 100ms using more operations.
  KernelCeilingBenchmarks.Ceiling: Dry -> The minimum observed iteration time is 20.991ms which is very small. It's recommended to increase it to at least 100ms using more operations.

// * Legends *
  Kernel : Value of the 'Kernel' parameter
  Mean   : Arithmetic mean of all measurements
  Error  : Half of 99.9% confidence interval
  1 ms   : 1 Millisecond (0.001 sec)

// ***** BenchmarkRunner: End *****
Run time: 00:00:00 (0.61 sec), executed benchmarks: 3

Global total time: 00:00:14 (14.79 sec), executed benchmarks: 3
// * Artifacts cleanup *
Artifacts cleanup is finished
