// Validating benchmarks:
// ***** BenchmarkRunner: Start   *****
// ***** Found 9 benchmark(s) in total *****
// ***** Building 1 exe(s) in Parallel: Start   *****
// start dotnet  restore --nodeReuse:false /p:UseSharedCompilation=false /p:Deterministic=true /p:Optimize=true /p:ArtifactsPath="/home/user/CSharp_LinearAlgebra/bench/Tensile.Benchmarks/bin/Release/net10.0/Tensile.Benchmarks-Dry-1/" /p:OutDir="/home/user/CSharp_LinearAlgebra/bench/Tensile.Benchmarks/bin/Release/net10.0/Tensile.Benchmarks-Dry-1/bin/Release/net10.0/" /p:OutputPath="/home/user/CSharp_LinearAlgebra/bench/Tensile.Benchmarks/bin/Release/net10.0/Tensile.Benchmarks-Dry-1/bin/Release/net10.0/" /p:PublishDir="/home/user/CSharp_LinearAlgebra/bench/Tensile.Benchmarks/bin/Release/net10.0/Tensile.Benchmarks-Dry-1/publish/" in /home/user/CSharp_LinearAlgebra/bench/Tensile.Benchmarks/bin/Release/net10.0/Tensile.Benchmarks-Dry-1
// command took 2.05 sec and exited with 0
// start dotnet  build -c Release --no-restore --nodeReuse:false /p:UseSharedCompilation=false /p:Deterministic=true /p:Optimize=true /p:ArtifactsPath="/home/user/CSharp_LinearAlgebra/bench/Tensile.Benchmarks/bin/Release/net10.0/Tensile.Benchmarks-Dry-1/" /p:OutDir="/home/user/CSharp_LinearAlgebra/bench/Tensile.Benchmarks/bin/Release/net10.0/Tensile.Benchmarks-Dry-1/bin/Release/net10.0/" /p:OutputPath="/home/user/CSharp_LinearAlgebra/bench/Tensile.Benchmarks/bin/Release/net10.0/Tensile.Benchmarks-Dry-1/bin/Release/net10.0/" /p:PublishDir="/home/user/CSharp_LinearAlgebra/bench/Tensile.Benchmarks/bin/Release/net10.0/Tensile.Benchmarks-Dry-1/publish/" --output "/home/user/CSharp_LinearAlgebra/bench/Tensile.Benchmarks/bin/Release/net10.0/Tensile.Benchmarks-Dry-1/bin/Release/net10.0/" in /home/user/CSharp_LinearAlgebra/bench/Tensile.Benchmarks/bin/Release/net10.0/Tensile.Benchmarks-Dry-1
// command took 18.6 sec and exited with 0
// ***** Done, took 00:00:20 (20.72 sec)   *****
// Found 9 benchmarks:
//   ApiOverheadBenchmarks.'native pointers': Dry(IterationCount=1, LaunchCount=1, RunStrategy=ColdStart, UnrollFactor=1, WarmupCount=1) [N=128]
//   ApiOverheadBenchmarks.'POH storage, direct': Dry(IterationCount=1, LaunchCount=1, RunStrategy=ColdStart, UnrollFactor=1, WarmupCount=1) [N=128]
//   ApiOverheadBenchmarks.'public API': Dry(IterationCount=1, LaunchCount=1, RunStrategy=ColdStart, UnrollFactor=1, WarmupCount=1) [N=128]
//   ApiOverheadBenchmarks.'native pointers': Dry(IterationCount=1, LaunchCount=1, RunStrategy=ColdStart, UnrollFactor=1, WarmupCount=1) [N=512]
//   ApiOverheadBenchmarks.'POH storage, direct': Dry(IterationCount=1, LaunchCount=1, RunStrategy=ColdStart, UnrollFactor=1, WarmupCount=1) [N=512]
//   ApiOverheadBenchmarks.'public API': Dry(IterationCount=1, LaunchCount=1, RunStrategy=ColdStart, UnrollFactor=1, WarmupCount=1) [N=512]
//   ApiOverheadBenchmarks.'native pointers': Dry(IterationCount=1, LaunchCount=1, RunStrategy=ColdStart, UnrollFactor=1, WarmupCount=1) [N=2048]
//   ApiOverheadBenchmarks.'POH storage, direct': Dry(IterationCount=1, LaunchCount=1, RunStrategy=ColdStart, UnrollFactor=1, WarmupCount=1) [N=2048]
//   ApiOverheadBenchmarks.'public API': Dry(IterationCount=1, LaunchCount=1, RunStrategy=ColdStart, UnrollFactor=1, WarmupCount=1) [N=2048]

// **************************
// Benchmark: ApiOverheadBenchmarks.'native pointers': Dry(IterationCount=1, LaunchCount=1, RunStrategy=ColdStart, UnrollFactor=1, WarmupCount=1) [N=128]
// *** Execute ***
// Launch: 1 / 1
// Execute: dotnet Tensile.Benchmarks-Dry-1.dll --anonymousPipes 114 115 --benchmarkName "Tensile.Benchmarks.ApiOverheadBenchmarks.Native(N: 128)" --job Dry --benchmarkId 0 in /home/user/CSharp_LinearAlgebra/bench/Tensile.Benchmarks/bin/Release/net10.0/Tensile.Benchmarks-Dry-1/bin/Release/net10.0
// BeforeAnythingElse

// Benchmark Process Environment Information:
// BenchmarkDotNet v0.15.8
// Runtime=.NET 10.0.12 (10.0.12, 10.0.1226.42308), X64 RyuJIT x86-64-v4
// GC=Concurrent Server
// HardwareIntrinsics=AVX512 F+BW+CD+DQ+VL,AVX2+BMI1+BMI2+F16C+FMA+LZCNT+MOVBE,AVX,SSE3+SSSE3+SSE4.1+SSE4.2+POPCNT,X86Base+SSE+SSE2,AES+PCLMUL VectorSize=256
// Job: Dry(IterationCount=1, LaunchCount=1, RunStrategy=ColdStart, UnrollFactor=1, WarmupCount=1)

// BeforeActualRun
WorkloadActual   1: 1 op, 5766681.00 ns, 5.7667 ms/op

// AfterActualRun
WorkloadResult   1: 1 op, 5766681.00 ns, 5.7667 ms/op
// GC:  0 0 0 0 1
// Threading:  0 0 1

// AfterAll
// Benchmark Process 1873 has exited with code 0.

Mean = 5.767 ms, StdErr = 0.000 ms (0.00%), N = 1, StdDev = 0.000 ms
Min = 5.767 ms, Q1 = 5.767 ms, Median = 5.767 ms, Q3 = 5.767 ms, Max = 5.767 ms
IQR = 0.000 ms, LowerFence = 5.767 ms, UpperFence = 5.767 ms
ConfidenceInterval = [NaN ms; NaN ms] (CI 99.9%), Margin = NaN ms (NaN% of Mean)
Skewness = NaN, Kurtosis = NaN, MValue = 2

// ** Remained 8 (88.9 %) benchmark(s) to run. Estimated finish 2026-09-19 17:11 (0h 0m from now) **
// **************************
// Benchmark: ApiOverheadBenchmarks.'POH storage, direct': Dry(IterationCount=1, LaunchCount=1, RunStrategy=ColdStart, UnrollFactor=1, WarmupCount=1) [N=128]
// *** Execute ***
// Launch: 1 / 1
// Execute: dotnet Tensile.Benchmarks-Dry-1.dll --anonymousPipes 114 115 --benchmarkName "Tensile.Benchmarks.ApiOverheadBenchmarks.Pinned(N: 128)" --job Dry --benchmarkId 1 in /home/user/CSharp_LinearAlgebra/bench/Tensile.Benchmarks/bin/Release/net10.0/Tensile.Benchmarks-Dry-1/bin/Release/net10.0
// BeforeAnythingElse

// Benchmark Process Environment Information:
// BenchmarkDotNet v0.15.8
// Runtime=.NET 10.0.12 (10.0.12, 10.0.1226.42308), X64 RyuJIT x86-64-v4
// GC=Concurrent Server
// HardwareIntrinsics=AVX512 F+BW+CD+DQ+VL,AVX2+BMI1+BMI2+F16C+FMA+LZCNT+MOVBE,AVX,SSE3+SSSE3+SSE4.1+SSE4.2+POPCNT,X86Base+SSE+SSE2,AES+PCLMUL VectorSize=256
// Job: Dry(IterationCount=1, LaunchCount=1, RunStrategy=ColdStart, UnrollFactor=1, WarmupCount=1)

// BeforeActualRun
WorkloadActual   1: 1 op, 6161598.00 ns, 6.1616 ms/op

// AfterActualRun
WorkloadResult   1: 1 op, 6161598.00 ns, 6.1616 ms/op
// GC:  0 0 0 0 1
// Threading:  0 0 1

// AfterAll
// Benchmark Process 1887 has exited with code 0.

Mean = 6.162 ms, StdErr = 0.000 ms (0.00%), N = 1, StdDev = 0.000 ms
Min = 6.162 ms, Q1 = 6.162 ms, Median = 6.162 ms, Q3 = 6.162 ms, Max = 6.162 ms
IQR = 0.000 ms, LowerFence = 6.162 ms, UpperFence = 6.162 ms
ConfidenceInterval = [NaN ms; NaN ms] (CI 99.9%), Margin = NaN ms (NaN% of Mean)
Skewness = NaN, Kurtosis = NaN, MValue = 2

// ** Remained 7 (77.8 %) benchmark(s) to run. Estimated finish 2026-09-19 17:11 (0h 0m from now) **
// **************************
// Benchmark: ApiOverheadBenchmarks.'public API': Dry(IterationCount=1, LaunchCount=1, RunStrategy=ColdStart, UnrollFactor=1, WarmupCount=1) [N=128]
// *** Execute ***
// Launch: 1 / 1
// Execute: dotnet Tensile.Benchmarks-Dry-1.dll --anonymousPipes 114 115 --benchmarkName "Tensile.Benchmarks.ApiOverheadBenchmarks.PublicApi(N: 128)" --job Dry --benchmarkId 2 in /home/user/CSharp_LinearAlgebra/bench/Tensile.Benchmarks/bin/Release/net10.0/Tensile.Benchmarks-Dry-1/bin/Release/net10.0
// BeforeAnythingElse

// Benchmark Process Environment Information:
// BenchmarkDotNet v0.15.8
// Runtime=.NET 10.0.12 (10.0.12, 10.0.1226.42308), X64 RyuJIT x86-64-v4
// GC=Concurrent Server
// HardwareIntrinsics=AVX512 F+BW+CD+DQ+VL,AVX2+BMI1+BMI2+F16C+FMA+LZCNT+MOVBE,AVX,SSE3+SSSE3+SSE4.1+SSE4.2+POPCNT,X86Base+SSE+SSE2,AES+PCLMUL VectorSize=256
// Job: Dry(IterationCount=1, LaunchCount=1, RunStrategy=ColdStart, UnrollFactor=1, WarmupCount=1)

// BeforeActualRun
WorkloadActual   1: 1 op, 7874492.00 ns, 7.8745 ms/op

// AfterActualRun
WorkloadResult   1: 1 op, 7874492.00 ns, 7.8745 ms/op
// GC:  0 0 0 0 1
// Threading:  0 0 1

// AfterAll
// Benchmark Process 1900 has exited with code 0.

Mean = 7.874 ms, StdErr = 0.000 ms (0.00%), N = 1, StdDev = 0.000 ms
Min = 7.874 ms, Q1 = 7.874 ms, Median = 7.874 ms, Q3 = 7.874 ms, Max = 7.874 ms
IQR = 0.000 ms, LowerFence = 7.874 ms, UpperFence = 7.874 ms
ConfidenceInterval = [NaN ms; NaN ms] (CI 99.9%), Margin = NaN ms (NaN% of Mean)
Skewness = NaN, Kurtosis = NaN, MValue = 2

// ** Remained 6 (66.7 %) benchmark(s) to run. Estimated finish 2026-09-19 17:11 (0h 0m from now) **
// **************************
// Benchmark: ApiOverheadBenchmarks.'native pointers': Dry(IterationCount=1, LaunchCount=1, RunStrategy=ColdStart, UnrollFactor=1, WarmupCount=1) [N=512]
// *** Execute ***
// Launch: 1 / 1
// Execute: dotnet Tensile.Benchmarks-Dry-1.dll --anonymousPipes 114 115 --benchmarkName "Tensile.Benchmarks.ApiOverheadBenchmarks.Native(N: 512)" --job Dry --benchmarkId 3 in /home/user/CSharp_LinearAlgebra/bench/Tensile.Benchmarks/bin/Release/net10.0/Tensile.Benchmarks-Dry-1/bin/Release/net10.0
// BeforeAnythingElse

// Benchmark Process Environment Information:
// BenchmarkDotNet v0.15.8
// Runtime=.NET 10.0.12 (10.0.12, 10.0.1226.42308), X64 RyuJIT x86-64-v4
// GC=Concurrent Server
// HardwareIntrinsics=AVX512 F+BW+CD+DQ+VL,AVX2+BMI1+BMI2+F16C+FMA+LZCNT+MOVBE,AVX,SSE3+SSSE3+SSE4.1+SSE4.2+POPCNT,X86Base+SSE+SSE2,AES+PCLMUL VectorSize=256
// Job: Dry(IterationCount=1, LaunchCount=1, RunStrategy=ColdStart, UnrollFactor=1, WarmupCount=1)

// BeforeActualRun
WorkloadActual   1: 1 op, 23519722.00 ns, 23.5197 ms/op

// AfterActualRun
WorkloadResult   1: 1 op, 23519722.00 ns, 23.5197 ms/op
// GC:  0 0 0 28768 1
// Threading:  37 0 1

// AfterAll
// Benchmark Process 1913 has exited with code 0.

Mean = 23.520 ms, StdErr = 0.000 ms (0.00%), N = 1, StdDev = 0.000 ms
Min = 23.520 ms, Q1 = 23.520 ms, Median = 23.520 ms, Q3 = 23.520 ms, Max = 23.520 ms
IQR = 0.000 ms, LowerFence = 23.520 ms, UpperFence = 23.520 ms
ConfidenceInterval = [NaN ms; NaN ms] (CI 99.9%), Margin = NaN ms (NaN% of Mean)
Skewness = NaN, Kurtosis = NaN, MValue = 2

// ** Remained 5 (55.6 %) benchmark(s) to run. Estimated finish 2026-09-19 17:11 (0h 0m from now) **
// **************************
// Benchmark: ApiOverheadBenchmarks.'POH storage, direct': Dry(IterationCount=1, LaunchCount=1, RunStrategy=ColdStart, UnrollFactor=1, WarmupCount=1) [N=512]
// *** Execute ***
// Launch: 1 / 1
// Execute: dotnet Tensile.Benchmarks-Dry-1.dll --anonymousPipes 114 115 --benchmarkName "Tensile.Benchmarks.ApiOverheadBenchmarks.Pinned(N: 512)" --job Dry --benchmarkId 4 in /home/user/CSharp_LinearAlgebra/bench/Tensile.Benchmarks/bin/Release/net10.0/Tensile.Benchmarks-Dry-1/bin/Release/net10.0
// BeforeAnythingElse

// Benchmark Process Environment Information:
// BenchmarkDotNet v0.15.8
// Runtime=.NET 10.0.12 (10.0.12, 10.0.1226.42308), X64 RyuJIT x86-64-v4
// GC=Concurrent Server
// HardwareIntrinsics=AVX512 F+BW+CD+DQ+VL,AVX2+BMI1+BMI2+F16C+FMA+LZCNT+MOVBE,AVX,SSE3+SSSE3+SSE4.1+SSE4.2+POPCNT,X86Base+SSE+SSE2,AES+PCLMUL VectorSize=256
// Job: Dry(IterationCount=1, LaunchCount=1, RunStrategy=ColdStart, UnrollFactor=1, WarmupCount=1)

// BeforeActualRun
WorkloadActual   1: 1 op, 22709849.00 ns, 22.7098 ms/op

// AfterActualRun
WorkloadResult   1: 1 op, 22709849.00 ns, 22.7098 ms/op
// GC:  0 0 0 26800 1
// Threading:  34 0 1

// AfterAll
// Benchmark Process 1933 has exited with code 0.

Mean = 22.710 ms, StdErr = 0.000 ms (0.00%), N = 1, StdDev = 0.000 ms
Min = 22.710 ms, Q1 = 22.710 ms, Median = 22.710 ms, Q3 = 22.710 ms, Max = 22.710 ms
IQR = 0.000 ms, LowerFence = 22.710 ms, UpperFence = 22.710 ms
ConfidenceInterval = [NaN ms; NaN ms] (CI 99.9%), Margin = NaN ms (NaN% of Mean)
Skewness = NaN, Kurtosis = NaN, MValue = 2

// ** Remained 4 (44.4 %) benchmark(s) to run. Estimated finish 2026-09-19 17:11 (0h 0m from now) **
// **************************
// Benchmark: ApiOverheadBenchmarks.'public API': Dry(IterationCount=1, LaunchCount=1, RunStrategy=ColdStart, UnrollFactor=1, WarmupCount=1) [N=512]
// *** Execute ***
// Launch: 1 / 1
// Execute: dotnet Tensile.Benchmarks-Dry-1.dll --anonymousPipes 114 115 --benchmarkName "Tensile.Benchmarks.ApiOverheadBenchmarks.PublicApi(N: 512)" --job Dry --benchmarkId 5 in /home/user/CSharp_LinearAlgebra/bench/Tensile.Benchmarks/bin/Release/net10.0/Tensile.Benchmarks-Dry-1/bin/Release/net10.0
// BeforeAnythingElse

// Benchmark Process Environment Information:
// BenchmarkDotNet v0.15.8
// Runtime=.NET 10.0.12 (10.0.12, 10.0.1226.42308), X64 RyuJIT x86-64-v4
// GC=Concurrent Server
// HardwareIntrinsics=AVX512 F+BW+CD+DQ+VL,AVX2+BMI1+BMI2+F16C+FMA+LZCNT+MOVBE,AVX,SSE3+SSSE3+SSE4.1+SSE4.2+POPCNT,X86Base+SSE+SSE2,AES+PCLMUL VectorSize=256
// Job: Dry(IterationCount=1, LaunchCount=1, RunStrategy=ColdStart, UnrollFactor=1, WarmupCount=1)

// BeforeActualRun
WorkloadActual   1: 1 op, 25231399.00 ns, 25.2314 ms/op

// AfterActualRun
WorkloadResult   1: 1 op, 25231399.00 ns, 25.2314 ms/op
// GC:  0 0 0 26424 1
// Threading:  31 0 1

// AfterAll
// Benchmark Process 1952 has exited with code 0.

Mean = 25.231 ms, StdErr = 0.000 ms (0.00%), N = 1, StdDev = 0.000 ms
Min = 25.231 ms, Q1 = 25.231 ms, Median = 25.231 ms, Q3 = 25.231 ms, Max = 25.231 ms
IQR = 0.000 ms, LowerFence = 25.231 ms, UpperFence = 25.231 ms
ConfidenceInterval = [NaN ms; NaN ms] (CI 99.9%), Margin = NaN ms (NaN% of Mean)
Skewness = NaN, Kurtosis = NaN, MValue = 2

// ** Remained 3 (33.3 %) benchmark(s) to run. Estimated finish 2026-09-19 17:11 (0h 0m from now) **
// **************************
// Benchmark: ApiOverheadBenchmarks.'native pointers': Dry(IterationCount=1, LaunchCount=1, RunStrategy=ColdStart, UnrollFactor=1, WarmupCount=1) [N=2048]
// *** Execute ***
// Launch: 1 / 1
// Execute: dotnet Tensile.Benchmarks-Dry-1.dll --anonymousPipes 114 115 --benchmarkName "Tensile.Benchmarks.ApiOverheadBenchmarks.Native(N: 2048)" --job Dry --benchmarkId 6 in /home/user/CSharp_LinearAlgebra/bench/Tensile.Benchmarks/bin/Release/net10.0/Tensile.Benchmarks-Dry-1/bin/Release/net10.0
// BeforeAnythingElse

// Benchmark Process Environment Information:
// BenchmarkDotNet v0.15.8
// Runtime=.NET 10.0.12 (10.0.12, 10.0.1226.42308), X64 RyuJIT x86-64-v4
// GC=Concurrent Server
// HardwareIntrinsics=AVX512 F+BW+CD+DQ+VL,AVX2+BMI1+BMI2+F16C+FMA+LZCNT+MOVBE,AVX,SSE3+SSSE3+SSE4.1+SSE4.2+POPCNT,X86Base+SSE+SSE2,AES+PCLMUL VectorSize=256
// Job: Dry(IterationCount=1, LaunchCount=1, RunStrategy=ColdStart, UnrollFactor=1, WarmupCount=1)

// BeforeActualRun
WorkloadActual   1: 1 op, 210519923.00 ns, 210.5199 ms/op

// AfterActualRun
WorkloadResult   1: 1 op, 210519923.00 ns, 210.5199 ms/op
// GC:  0 0 0 286968 1
// Threading:  380 1 1

// AfterAll
// Benchmark Process 1972 has exited with code 0.

Mean = 210.520 ms, StdErr = 0.000 ms (0.00%), N = 1, StdDev = 0.000 ms
Min = 210.520 ms, Q1 = 210.520 ms, Median = 210.520 ms, Q3 = 210.520 ms, Max = 210.520 ms
IQR = 0.000 ms, LowerFence = 210.520 ms, UpperFence = 210.520 ms
ConfidenceInterval = [NaN ms; NaN ms] (CI 99.9%), Margin = NaN ms (NaN% of Mean)
Skewness = NaN, Kurtosis = NaN, MValue = 2

// ** Remained 2 (22.2 %) benchmark(s) to run. Estimated finish 2026-09-19 17:11 (0h 0m from now) **
// **************************
// Benchmark: ApiOverheadBenchmarks.'POH storage, direct': Dry(IterationCount=1, LaunchCount=1, RunStrategy=ColdStart, UnrollFactor=1, WarmupCount=1) [N=2048]
// *** Execute ***
// Launch: 1 / 1
// Execute: dotnet Tensile.Benchmarks-Dry-1.dll --anonymousPipes 114 115 --benchmarkName "Tensile.Benchmarks.ApiOverheadBenchmarks.Pinned(N: 2048)" --job Dry --benchmarkId 7 in /home/user/CSharp_LinearAlgebra/bench/Tensile.Benchmarks/bin/Release/net10.0/Tensile.Benchmarks-Dry-1/bin/Release/net10.0
// BeforeAnythingElse

// Benchmark Process Environment Information:
// BenchmarkDotNet v0.15.8
// Runtime=.NET 10.0.12 (10.0.12, 10.0.1226.42308), X64 RyuJIT x86-64-v4
// GC=Concurrent Server
// HardwareIntrinsics=AVX512 F+BW+CD+DQ+VL,AVX2+BMI1+BMI2+F16C+FMA+LZCNT+MOVBE,AVX,SSE3+SSSE3+SSE4.1+SSE4.2+POPCNT,X86Base+SSE+SSE2,AES+PCLMUL VectorSize=256
// Job: Dry(IterationCount=1, LaunchCount=1, RunStrategy=ColdStart, UnrollFactor=1, WarmupCount=1)

// BeforeActualRun
WorkloadActual   1: 1 op, 200392257.00 ns, 200.3923 ms/op

// AfterActualRun
WorkloadResult   1: 1 op, 200392257.00 ns, 200.3923 ms/op
// GC:  0 0 0 283984 1
// Threading:  371 0 1

// AfterAll
// Benchmark Process 1992 has exited with code 0.

Mean = 200.392 ms, StdErr = 0.000 ms (0.00%), N = 1, StdDev = 0.000 ms
Min = 200.392 ms, Q1 = 200.392 ms, Median = 200.392 ms, Q3 = 200.392 ms, Max = 200.392 ms
IQR = 0.000 ms, LowerFence = 200.392 ms, UpperFence = 200.392 ms
ConfidenceInterval = [NaN ms; NaN ms] (CI 99.9%), Margin = NaN ms (NaN% of Mean)
Skewness = NaN, Kurtosis = NaN, MValue = 2

// ** Remained 1 (11.1 %) benchmark(s) to run. Estimated finish 2026-09-19 17:11 (0h 0m from now) **
// **************************
// Benchmark: ApiOverheadBenchmarks.'public API': Dry(IterationCount=1, LaunchCount=1, RunStrategy=ColdStart, UnrollFactor=1, WarmupCount=1) [N=2048]
// *** Execute ***
// Launch: 1 / 1
// Execute: dotnet Tensile.Benchmarks-Dry-1.dll --anonymousPipes 114 115 --benchmarkName "Tensile.Benchmarks.ApiOverheadBenchmarks.PublicApi(N: 2048)" --job Dry --benchmarkId 8 in /home/user/CSharp_LinearAlgebra/bench/Tensile.Benchmarks/bin/Release/net10.0/Tensile.Benchmarks-Dry-1/bin/Release/net10.0
// BeforeAnythingElse

// Benchmark Process Environment Information:
// BenchmarkDotNet v0.15.8
// Runtime=.NET 10.0.12 (10.0.12, 10.0.1226.42308), X64 RyuJIT x86-64-v4
// GC=Concurrent Server
// HardwareIntrinsics=AVX512 F+BW+CD+DQ+VL,AVX2+BMI1+BMI2+F16C+FMA+LZCNT+MOVBE,AVX,SSE3+SSSE3+SSE4.1+SSE4.2+POPCNT,X86Base+SSE+SSE2,AES+PCLMUL VectorSize=256
// Job: Dry(IterationCount=1, LaunchCount=1, RunStrategy=ColdStart, UnrollFactor=1, WarmupCount=1)

// BeforeActualRun
WorkloadActual   1: 1 op, 176801865.00 ns, 176.8019 ms/op

// AfterActualRun
WorkloadResult   1: 1 op, 176801865.00 ns, 176.8019 ms/op
// GC:  0 0 0 285312 1
// Threading:  378 0 1

// AfterAll
// Benchmark Process 2012 has exited with code 0.

Mean = 176.802 ms, StdErr = 0.000 ms (0.00%), N = 1, StdDev = 0.000 ms
Min = 176.802 ms, Q1 = 176.802 ms, Median = 176.802 ms, Q3 = 176.802 ms, Max = 176.802 ms
IQR = 0.000 ms, LowerFence = 176.802 ms, UpperFence = 176.802 ms
ConfidenceInterval = [NaN ms; NaN ms] (CI 99.9%), Margin = NaN ms (NaN% of Mean)
Skewness = NaN, Kurtosis = NaN, MValue = 2

// ** Remained 0 (0.0 %) benchmark(s) to run. Estimated finish 2026-09-19 17:11 (0h 0m from now) **
// ***** BenchmarkRunner: Finish  *****

// * Export *
  BenchmarkDotNet.Artifacts/results/Tensile.Benchmarks.ApiOverheadBenchmarks-report.csv
  BenchmarkDotNet.Artifacts/results/Tensile.Benchmarks.ApiOverheadBenchmarks-report-github.md
  BenchmarkDotNet.Artifacts/results/Tensile.Benchmarks.ApiOverheadBenchmarks-report.html

// * Detailed results *
ApiOverheadBenchmarks.'native pointers': Dry(IterationCount=1, LaunchCount=1, RunStrategy=ColdStart, UnrollFactor=1, WarmupCount=1) [N=128]
Runtime = .NET 10.0.12 (10.0.12, 10.0.1226.42308), X64 RyuJIT x86-64-v4; GC = Concurrent Server
Mean = 5.767 ms, StdErr = 0.000 ms (0.00%), N = 1, StdDev = 0.000 ms
Min = 5.767 ms, Q1 = 5.767 ms, Median = 5.767 ms, Q3 = 5.767 ms, Max = 5.767 ms
IQR = 0.000 ms, LowerFence = 5.767 ms, UpperFence = 5.767 ms
ConfidenceInterval = [NaN ms; NaN ms] (CI 99.9%), Margin = NaN ms (NaN% of Mean)
Skewness = NaN, Kurtosis = NaN, MValue = 2
-------------------- Histogram --------------------
[5.767 ms ; 5.767 ms) | @
---------------------------------------------------

ApiOverheadBenchmarks.'POH storage, direct': Dry(IterationCount=1, LaunchCount=1, RunStrategy=ColdStart, UnrollFactor=1, WarmupCount=1) [N=128]
Runtime = .NET 10.0.12 (10.0.12, 10.0.1226.42308), X64 RyuJIT x86-64-v4; GC = Concurrent Server
Mean = 6.162 ms, StdErr = 0.000 ms (0.00%), N = 1, StdDev = 0.000 ms
Min = 6.162 ms, Q1 = 6.162 ms, Median = 6.162 ms, Q3 = 6.162 ms, Max = 6.162 ms
IQR = 0.000 ms, LowerFence = 6.162 ms, UpperFence = 6.162 ms
ConfidenceInterval = [NaN ms; NaN ms] (CI 99.9%), Margin = NaN ms (NaN% of Mean)
Skewness = NaN, Kurtosis = NaN, MValue = 2
-------------------- Histogram --------------------
[6.162 ms ; 6.162 ms) | @
---------------------------------------------------

ApiOverheadBenchmarks.'public API': Dry(IterationCount=1, LaunchCount=1, RunStrategy=ColdStart, UnrollFactor=1, WarmupCount=1) [N=128]
Runtime = .NET 10.0.12 (10.0.12, 10.0.1226.42308), X64 RyuJIT x86-64-v4; GC = Concurrent Server
Mean = 7.874 ms, StdErr = 0.000 ms (0.00%), N = 1, StdDev = 0.000 ms
Min = 7.874 ms, Q1 = 7.874 ms, Median = 7.874 ms, Q3 = 7.874 ms, Max = 7.874 ms
IQR = 0.000 ms, LowerFence = 7.874 ms, UpperFence = 7.874 ms
ConfidenceInterval = [NaN ms; NaN ms] (CI 99.9%), Margin = NaN ms (NaN% of Mean)
Skewness = NaN, Kurtosis = NaN, MValue = 2
-------------------- Histogram --------------------
[7.874 ms ; 7.874 ms) | @
---------------------------------------------------

ApiOverheadBenchmarks.'native pointers': Dry(IterationCount=1, LaunchCount=1, RunStrategy=ColdStart, UnrollFactor=1, WarmupCount=1) [N=512]
Runtime = .NET 10.0.12 (10.0.12, 10.0.1226.42308), X64 RyuJIT x86-64-v4; GC = Concurrent Server
Mean = 23.520 ms, StdErr = 0.000 ms (0.00%), N = 1, StdDev = 0.000 ms
Min = 23.520 ms, Q1 = 23.520 ms, Median = 23.520 ms, Q3 = 23.520 ms, Max = 23.520 ms
IQR = 0.000 ms, LowerFence = 23.520 ms, UpperFence = 23.520 ms
ConfidenceInterval = [NaN ms; NaN ms] (CI 99.9%), Margin = NaN ms (NaN% of Mean)
Skewness = NaN, Kurtosis = NaN, MValue = 2
-------------------- Histogram --------------------
[23.520 ms ; 23.520 ms) | @
---------------------------------------------------

ApiOverheadBenchmarks.'POH storage, direct': Dry(IterationCount=1, LaunchCount=1, RunStrategy=ColdStart, UnrollFactor=1, WarmupCount=1) [N=512]
Runtime = .NET 10.0.12 (10.0.12, 10.0.1226.42308), X64 RyuJIT x86-64-v4; GC = Concurrent Server
Mean = 22.710 ms, StdErr = 0.000 ms (0.00%), N = 1, StdDev = 0.000 ms
Min = 22.710 ms, Q1 = 22.710 ms, Median = 22.710 ms, Q3 = 22.710 ms, Max = 22.710 ms
IQR = 0.000 ms, LowerFence = 22.710 ms, UpperFence = 22.710 ms
ConfidenceInterval = [NaN ms; NaN ms] (CI 99.9%), Margin = NaN ms (NaN% of Mean)
Skewness = NaN, Kurtosis = NaN, MValue = 2
-------------------- Histogram --------------------
[22.710 ms ; 22.710 ms) | @
---------------------------------------------------

ApiOverheadBenchmarks.'public API': Dry(IterationCount=1, LaunchCount=1, RunStrategy=ColdStart, UnrollFactor=1, WarmupCount=1) [N=512]
Runtime = .NET 10.0.12 (10.0.12, 10.0.1226.42308), X64 RyuJIT x86-64-v4; GC = Concurrent Server
Mean = 25.231 ms, StdErr = 0.000 ms (0.00%), N = 1, StdDev = 0.000 ms
Min = 25.231 ms, Q1 = 25.231 ms, Median = 25.231 ms, Q3 = 25.231 ms, Max = 25.231 ms
IQR = 0.000 ms, LowerFence = 25.231 ms, UpperFence = 25.231 ms
ConfidenceInterval = [NaN ms; NaN ms] (CI 99.9%), Margin = NaN ms (NaN% of Mean)
Skewness = NaN, Kurtosis = NaN, MValue = 2
-------------------- Histogram --------------------
[25.231 ms ; 25.231 ms) | @
---------------------------------------------------

ApiOverheadBenchmarks.'native pointers': Dry(IterationCount=1, LaunchCount=1, RunStrategy=ColdStart, UnrollFactor=1, WarmupCount=1) [N=2048]
Runtime = .NET 10.0.12 (10.0.12, 10.0.1226.42308), X64 RyuJIT x86-64-v4; GC = Concurrent Server
Mean = 210.520 ms, StdErr = 0.000 ms (0.00%), N = 1, StdDev = 0.000 ms
Min = 210.520 ms, Q1 = 210.520 ms, Median = 210.520 ms, Q3 = 210.520 ms, Max = 210.520 ms
IQR = 0.000 ms, LowerFence = 210.520 ms, UpperFence = 210.520 ms
ConfidenceInterval = [NaN ms; NaN ms] (CI 99.9%), Margin = NaN ms (NaN% of Mean)
Skewness = NaN, Kurtosis = NaN, MValue = 2
-------------------- Histogram --------------------
[210.520 ms ; 210.520 ms) | @
---------------------------------------------------

ApiOverheadBenchmarks.'POH storage, direct': Dry(IterationCount=1, LaunchCount=1, RunStrategy=ColdStart, UnrollFactor=1, WarmupCount=1) [N=2048]
Runtime = .NET 10.0.12 (10.0.12, 10.0.1226.42308), X64 RyuJIT x86-64-v4; GC = Concurrent Server
Mean = 200.392 ms, StdErr = 0.000 ms (0.00%), N = 1, StdDev = 0.000 ms
Min = 200.392 ms, Q1 = 200.392 ms, Median = 200.392 ms, Q3 = 200.392 ms, Max = 200.392 ms
IQR = 0.000 ms, LowerFence = 200.392 ms, UpperFence = 200.392 ms
ConfidenceInterval = [NaN ms; NaN ms] (CI 99.9%), Margin = NaN ms (NaN% of Mean)
Skewness = NaN, Kurtosis = NaN, MValue = 2
-------------------- Histogram --------------------
[200.392 ms ; 200.392 ms) | @
---------------------------------------------------

ApiOverheadBenchmarks.'public API': Dry(IterationCount=1, LaunchCount=1, RunStrategy=ColdStart, UnrollFactor=1, WarmupCount=1) [N=2048]
Runtime = .NET 10.0.12 (10.0.12, 10.0.1226.42308), X64 RyuJIT x86-64-v4; GC = Concurrent Server
Mean = 176.802 ms, StdErr = 0.000 ms (0.00%), N = 1, StdDev = 0.000 ms
Min = 176.802 ms, Q1 = 176.802 ms, Median = 176.802 ms, Q3 = 176.802 ms, Max = 176.802 ms
IQR = 0.000 ms, LowerFence = 176.802 ms, UpperFence = 176.802 ms
ConfidenceInterval = [NaN ms; NaN ms] (CI 99.9%), Margin = NaN ms (NaN% of Mean)
Skewness = NaN, Kurtosis = NaN, MValue = 2
-------------------- Histogram --------------------
[176.802 ms ; 176.802 ms) | @
---------------------------------------------------

// * Summary *

BenchmarkDotNet v0.15.8, Linux Ubuntu 24.04.4 LTS (Noble Numbat)
Intel Xeon Processor 2.80GHz, 1 CPU, 4 logical and 4 physical cores
.NET SDK 10.0.112
  [Host] : .NET 10.0.12 (10.0.12, 10.0.1226.42308), X64 RyuJIT x86-64-v4
  Dry    : .NET 10.0.12 (10.0.12, 10.0.1226.42308), X64 RyuJIT x86-64-v4

Job=Dry  IterationCount=1  LaunchCount=1  
RunStrategy=ColdStart  UnrollFactor=1  WarmupCount=1  

| Method                | N    | Mean       | Error | Ratio | Allocated | Alloc Ratio |
|---------------------- |----- |-----------:|------:|------:|----------:|------------:|
| 'native pointers'     | 128  |   5.767 ms |    NA |  1.00 |         - |          NA |
| 'POH storage, direct' | 128  |   6.162 ms |    NA |  1.07 |         - |          NA |
| 'public API'          | 128  |   7.874 ms |    NA |  1.37 |         - |          NA |
|                       |      |            |       |       |           |             |
| 'native pointers'     | 512  |  23.520 ms |    NA |  1.00 |   28768 B |        1.00 |
| 'POH storage, direct' | 512  |  22.710 ms |    NA |  0.97 |   26800 B |        0.93 |
| 'public API'          | 512  |  25.231 ms |    NA |  1.07 |   26424 B |        0.92 |
|                       |      |            |       |       |           |             |
| 'native pointers'     | 2048 | 210.520 ms |    NA |  1.00 |  286968 B |        1.00 |
| 'POH storage, direct' | 2048 | 200.392 ms |    NA |  0.95 |  283984 B |        0.99 |
| 'public API'          | 2048 | 176.802 ms |    NA |  0.84 |  285312 B |        0.99 |

// * Warnings *
MinIterationTime
  ApiOverheadBenchmarks.'native pointers': Dry     -> The minimum observed iteration time is 5.767ms which is very small. It's recommended to increase it to at least 100ms using more operations.
  ApiOverheadBenchmarks.'POH storage, direct': Dry -> The minimum observed iteration time is 6.162ms which is very small. It's recommended to increase it to at least 100ms using more operations.
  ApiOverheadBenchmarks.'public API': Dry          -> The minimum observed iteration time is 7.874ms which is very small. It's recommended to increase it to at least 100ms using more operations.
  ApiOverheadBenchmarks.'native pointers': Dry     -> The minimum observed iteration time is 23.52ms which is very small. It's recommended to increase it to at least 100ms using more operations.
  ApiOverheadBenchmarks.'POH storage, direct': Dry -> The minimum observed iteration time is 22.71ms which is very small. It's recommended to increase it to at least 100ms using more operations.
  ApiOverheadBenchmarks.'public API': Dry          -> The minimum observed iteration time is 25.231ms which is very small. It's recommended to increase it to at least 100ms using more operations.

// * Legends *
  N           : Value of the 'N' parameter
  Mean        : Arithmetic mean of all measurements
  Error       : Half of 99.9% confidence interval
  Ratio       : Mean of the ratio distribution ([Current]/[Baseline])
  Allocated   : Allocated memory per single operation (managed only, inclusive, 1KB = 1024B)
  Alloc Ratio : Allocated memory ratio distribution ([Current]/[Baseline])
  1 ms        : 1 Millisecond (0.001 sec)

// * Diagnostic Output - MemoryDiagnoser *


// ***** BenchmarkRunner: End *****
Run time: 00:00:03 (3.61 sec), executed benchmarks: 9

Global total time: 00:00:24 (24.46 sec), executed benchmarks: 9
// * Artifacts cleanup *
Artifacts cleanup is finished
