// Validating benchmarks:
// ***** BenchmarkRunner: Start   *****
// ***** Found 6 benchmark(s) in total *****
// ***** Building 1 exe(s) in Parallel: Start   *****
// start dotnet  restore --nodeReuse:false /p:UseSharedCompilation=false /p:Deterministic=true /p:Optimize=true /p:ArtifactsPath="/home/user/CSharp_LinearAlgebra/bench/Tensile.Benchmarks/bin/Release/net10.0/Tensile.Benchmarks-Dry-1/" /p:OutDir="/home/user/CSharp_LinearAlgebra/bench/Tensile.Benchmarks/bin/Release/net10.0/Tensile.Benchmarks-Dry-1/bin/Release/net10.0/" /p:OutputPath="/home/user/CSharp_LinearAlgebra/bench/Tensile.Benchmarks/bin/Release/net10.0/Tensile.Benchmarks-Dry-1/bin/Release/net10.0/" /p:PublishDir="/home/user/CSharp_LinearAlgebra/bench/Tensile.Benchmarks/bin/Release/net10.0/Tensile.Benchmarks-Dry-1/publish/" in /home/user/CSharp_LinearAlgebra/bench/Tensile.Benchmarks/bin/Release/net10.0/Tensile.Benchmarks-Dry-1
// command took 2.03 sec and exited with 0
// start dotnet  build -c Release --no-restore --nodeReuse:false /p:UseSharedCompilation=false /p:Deterministic=true /p:Optimize=true /p:ArtifactsPath="/home/user/CSharp_LinearAlgebra/bench/Tensile.Benchmarks/bin/Release/net10.0/Tensile.Benchmarks-Dry-1/" /p:OutDir="/home/user/CSharp_LinearAlgebra/bench/Tensile.Benchmarks/bin/Release/net10.0/Tensile.Benchmarks-Dry-1/bin/Release/net10.0/" /p:OutputPath="/home/user/CSharp_LinearAlgebra/bench/Tensile.Benchmarks/bin/Release/net10.0/Tensile.Benchmarks-Dry-1/bin/Release/net10.0/" /p:PublishDir="/home/user/CSharp_LinearAlgebra/bench/Tensile.Benchmarks/bin/Release/net10.0/Tensile.Benchmarks-Dry-1/publish/" --output "/home/user/CSharp_LinearAlgebra/bench/Tensile.Benchmarks/bin/Release/net10.0/Tensile.Benchmarks-Dry-1/bin/Release/net10.0/" in /home/user/CSharp_LinearAlgebra/bench/Tensile.Benchmarks/bin/Release/net10.0/Tensile.Benchmarks-Dry-1
// command took 19.35 sec and exited with 0
// ***** Done, took 00:00:21 (21.45 sec)   *****
// Found 6 benchmarks:
//   ThreadScalingBenchmarks.Threaded: Dry(IterationCount=1, LaunchCount=1, RunStrategy=ColdStart, UnrollFactor=1, WarmupCount=1) [N=512, Threads=1]
//   ThreadScalingBenchmarks.Threaded: Dry(IterationCount=1, LaunchCount=1, RunStrategy=ColdStart, UnrollFactor=1, WarmupCount=1) [N=512, Threads=2]
//   ThreadScalingBenchmarks.Threaded: Dry(IterationCount=1, LaunchCount=1, RunStrategy=ColdStart, UnrollFactor=1, WarmupCount=1) [N=512, Threads=4]
//   ThreadScalingBenchmarks.Threaded: Dry(IterationCount=1, LaunchCount=1, RunStrategy=ColdStart, UnrollFactor=1, WarmupCount=1) [N=2048, Threads=1]
//   ThreadScalingBenchmarks.Threaded: Dry(IterationCount=1, LaunchCount=1, RunStrategy=ColdStart, UnrollFactor=1, WarmupCount=1) [N=2048, Threads=2]
//   ThreadScalingBenchmarks.Threaded: Dry(IterationCount=1, LaunchCount=1, RunStrategy=ColdStart, UnrollFactor=1, WarmupCount=1) [N=2048, Threads=4]

// **************************
// Benchmark: ThreadScalingBenchmarks.Threaded: Dry(IterationCount=1, LaunchCount=1, RunStrategy=ColdStart, UnrollFactor=1, WarmupCount=1) [N=512, Threads=1]
// *** Execute ***
// Launch: 1 / 1
// Execute: dotnet Tensile.Benchmarks-Dry-1.dll --anonymousPipes 131 132 --benchmarkName "Tensile.Benchmarks.ThreadScalingBenchmarks.Threaded(N: 512, Threads: 1)" --job Dry --benchmarkId 0 in /home/user/CSharp_LinearAlgebra/bench/Tensile.Benchmarks/bin/Release/net10.0/Tensile.Benchmarks-Dry-1/bin/Release/net10.0
// BeforeAnythingElse

// Benchmark Process Environment Information:
// BenchmarkDotNet v0.15.8
// Runtime=.NET 10.0.12 (10.0.12, 10.0.1226.42308), X64 RyuJIT x86-64-v4
// GC=Concurrent Server
// HardwareIntrinsics=AVX512 F+BW+CD+DQ+VL,AVX2+BMI1+BMI2+F16C+FMA+LZCNT+MOVBE,AVX,SSE3+SSSE3+SSE4.1+SSE4.2+POPCNT,X86Base+SSE+SSE2,AES+PCLMUL VectorSize=256
// Job: Dry(IterationCount=1, LaunchCount=1, RunStrategy=ColdStart, UnrollFactor=1, WarmupCount=1)

// BeforeActualRun
WorkloadActual   1: 1 op, 22659659.00 ns, 22.6597 ms/op

// AfterActualRun
WorkloadResult   1: 1 op, 22659659.00 ns, 22.6597 ms/op

// AfterAll
// Benchmark Process 3531 has exited with code 0.

Mean = 22.660 ms, StdErr = 0.000 ms (0.00%), N = 1, StdDev = 0.000 ms
Min = 22.660 ms, Q1 = 22.660 ms, Median = 22.660 ms, Q3 = 22.660 ms, Max = 22.660 ms
IQR = 0.000 ms, LowerFence = 22.660 ms, UpperFence = 22.660 ms
ConfidenceInterval = [NaN ms; NaN ms] (CI 99.9%), Margin = NaN ms (NaN% of Mean)
Skewness = NaN, Kurtosis = NaN, MValue = 2

// ** Remained 5 (83.3 %) benchmark(s) to run. Estimated finish 2026-09-19 17:14 (0h 0m from now) **
// **************************
// Benchmark: ThreadScalingBenchmarks.Threaded: Dry(IterationCount=1, LaunchCount=1, RunStrategy=ColdStart, UnrollFactor=1, WarmupCount=1) [N=512, Threads=2]
// *** Execute ***
// Launch: 1 / 1
// Execute: dotnet Tensile.Benchmarks-Dry-1.dll --anonymousPipes 131 132 --benchmarkName "Tensile.Benchmarks.ThreadScalingBenchmarks.Threaded(N: 512, Threads: 2)" --job Dry --benchmarkId 1 in /home/user/CSharp_LinearAlgebra/bench/Tensile.Benchmarks/bin/Release/net10.0/Tensile.Benchmarks-Dry-1/bin/Release/net10.0
// BeforeAnythingElse

// Benchmark Process Environment Information:
// BenchmarkDotNet v0.15.8
// Runtime=.NET 10.0.12 (10.0.12, 10.0.1226.42308), X64 RyuJIT x86-64-v4
// GC=Concurrent Server
// HardwareIntrinsics=AVX512 F+BW+CD+DQ+VL,AVX2+BMI1+BMI2+F16C+FMA+LZCNT+MOVBE,AVX,SSE3+SSSE3+SSE4.1+SSE4.2+POPCNT,X86Base+SSE+SSE2,AES+PCLMUL VectorSize=256
// Job: Dry(IterationCount=1, LaunchCount=1, RunStrategy=ColdStart, UnrollFactor=1, WarmupCount=1)

// BeforeActualRun
WorkloadActual   1: 1 op, 22505187.00 ns, 22.5052 ms/op

// AfterActualRun
WorkloadResult   1: 1 op, 22505187.00 ns, 22.5052 ms/op

// AfterAll
// Benchmark Process 3545 has exited with code 0.

Mean = 22.505 ms, StdErr = 0.000 ms (0.00%), N = 1, StdDev = 0.000 ms
Min = 22.505 ms, Q1 = 22.505 ms, Median = 22.505 ms, Q3 = 22.505 ms, Max = 22.505 ms
IQR = 0.000 ms, LowerFence = 22.505 ms, UpperFence = 22.505 ms
ConfidenceInterval = [NaN ms; NaN ms] (CI 99.9%), Margin = NaN ms (NaN% of Mean)
Skewness = NaN, Kurtosis = NaN, MValue = 2

// ** Remained 4 (66.7 %) benchmark(s) to run. Estimated finish 2026-09-19 17:14 (0h 0m from now) **
// **************************
// Benchmark: ThreadScalingBenchmarks.Threaded: Dry(IterationCount=1, LaunchCount=1, RunStrategy=ColdStart, UnrollFactor=1, WarmupCount=1) [N=512, Threads=4]
// *** Execute ***
// Launch: 1 / 1
// Execute: dotnet Tensile.Benchmarks-Dry-1.dll --anonymousPipes 131 132 --benchmarkName "Tensile.Benchmarks.ThreadScalingBenchmarks.Threaded(N: 512, Threads: 4)" --job Dry --benchmarkId 2 in /home/user/CSharp_LinearAlgebra/bench/Tensile.Benchmarks/bin/Release/net10.0/Tensile.Benchmarks-Dry-1/bin/Release/net10.0
// BeforeAnythingElse

// Benchmark Process Environment Information:
// BenchmarkDotNet v0.15.8
// Runtime=.NET 10.0.12 (10.0.12, 10.0.1226.42308), X64 RyuJIT x86-64-v4
// GC=Concurrent Server
// HardwareIntrinsics=AVX512 F+BW+CD+DQ+VL,AVX2+BMI1+BMI2+F16C+FMA+LZCNT+MOVBE,AVX,SSE3+SSSE3+SSE4.1+SSE4.2+POPCNT,X86Base+SSE+SSE2,AES+PCLMUL VectorSize=256
// Job: Dry(IterationCount=1, LaunchCount=1, RunStrategy=ColdStart, UnrollFactor=1, WarmupCount=1)

// BeforeActualRun
WorkloadActual   1: 1 op, 22806844.00 ns, 22.8068 ms/op

// AfterActualRun
WorkloadResult   1: 1 op, 22806844.00 ns, 22.8068 ms/op

// AfterAll
// Benchmark Process 3561 has exited with code 0.

Mean = 22.807 ms, StdErr = 0.000 ms (0.00%), N = 1, StdDev = 0.000 ms
Min = 22.807 ms, Q1 = 22.807 ms, Median = 22.807 ms, Q3 = 22.807 ms, Max = 22.807 ms
IQR = 0.000 ms, LowerFence = 22.807 ms, UpperFence = 22.807 ms
ConfidenceInterval = [NaN ms; NaN ms] (CI 99.9%), Margin = NaN ms (NaN% of Mean)
Skewness = NaN, Kurtosis = NaN, MValue = 2

// ** Remained 3 (50.0 %) benchmark(s) to run. Estimated finish 2026-09-19 17:14 (0h 0m from now) **
// **************************
// Benchmark: ThreadScalingBenchmarks.Threaded: Dry(IterationCount=1, LaunchCount=1, RunStrategy=ColdStart, UnrollFactor=1, WarmupCount=1) [N=2048, Threads=1]
// *** Execute ***
// Launch: 1 / 1
// Execute: dotnet Tensile.Benchmarks-Dry-1.dll --anonymousPipes 131 132 --benchmarkName "Tensile.Benchmarks.ThreadScalingBenchmarks.Threaded(N: 2048, Threads: 1)" --job Dry --benchmarkId 3 in /home/user/CSharp_LinearAlgebra/bench/Tensile.Benchmarks/bin/Release/net10.0/Tensile.Benchmarks-Dry-1/bin/Release/net10.0
// BeforeAnythingElse

// Benchmark Process Environment Information:
// BenchmarkDotNet v0.15.8
// Runtime=.NET 10.0.12 (10.0.12, 10.0.1226.42308), X64 RyuJIT x86-64-v4
// GC=Concurrent Server
// HardwareIntrinsics=AVX512 F+BW+CD+DQ+VL,AVX2+BMI1+BMI2+F16C+FMA+LZCNT+MOVBE,AVX,SSE3+SSSE3+SSE4.1+SSE4.2+POPCNT,X86Base+SSE+SSE2,AES+PCLMUL VectorSize=256
// Job: Dry(IterationCount=1, LaunchCount=1, RunStrategy=ColdStart, UnrollFactor=1, WarmupCount=1)

// BeforeActualRun
WorkloadActual   1: 1 op, 391867858.00 ns, 391.8679 ms/op

// AfterActualRun
WorkloadResult   1: 1 op, 391867858.00 ns, 391.8679 ms/op

// AfterAll
// Benchmark Process 3579 has exited with code 0.

Mean = 391.868 ms, StdErr = 0.000 ms (0.00%), N = 1, StdDev = 0.000 ms
Min = 391.868 ms, Q1 = 391.868 ms, Median = 391.868 ms, Q3 = 391.868 ms, Max = 391.868 ms
IQR = 0.000 ms, LowerFence = 391.868 ms, UpperFence = 391.868 ms
ConfidenceInterval = [NaN ms; NaN ms] (CI 99.9%), Margin = NaN ms (NaN% of Mean)
Skewness = NaN, Kurtosis = NaN, MValue = 2

// ** Remained 2 (33.3 %) benchmark(s) to run. Estimated finish 2026-09-19 17:14 (0h 0m from now) **
// **************************
// Benchmark: ThreadScalingBenchmarks.Threaded: Dry(IterationCount=1, LaunchCount=1, RunStrategy=ColdStart, UnrollFactor=1, WarmupCount=1) [N=2048, Threads=2]
// *** Execute ***
// Launch: 1 / 1
// Execute: dotnet Tensile.Benchmarks-Dry-1.dll --anonymousPipes 114 115 --benchmarkName "Tensile.Benchmarks.ThreadScalingBenchmarks.Threaded(N: 2048, Threads: 2)" --job Dry --benchmarkId 4 in /home/user/CSharp_LinearAlgebra/bench/Tensile.Benchmarks/bin/Release/net10.0/Tensile.Benchmarks-Dry-1/bin/Release/net10.0
// BeforeAnythingElse

// Benchmark Process Environment Information:
// BenchmarkDotNet v0.15.8
// Runtime=.NET 10.0.12 (10.0.12, 10.0.1226.42308), X64 RyuJIT x86-64-v4
// GC=Concurrent Server
// HardwareIntrinsics=AVX512 F+BW+CD+DQ+VL,AVX2+BMI1+BMI2+F16C+FMA+LZCNT+MOVBE,AVX,SSE3+SSSE3+SSE4.1+SSE4.2+POPCNT,X86Base+SSE+SSE2,AES+PCLMUL VectorSize=256
// Job: Dry(IterationCount=1, LaunchCount=1, RunStrategy=ColdStart, UnrollFactor=1, WarmupCount=1)

// BeforeActualRun
WorkloadActual   1: 1 op, 242692456.00 ns, 242.6925 ms/op

// AfterActualRun
WorkloadResult   1: 1 op, 242692456.00 ns, 242.6925 ms/op

// AfterAll
// Benchmark Process 3592 has exited with code 0.

Mean = 242.692 ms, StdErr = 0.000 ms (0.00%), N = 1, StdDev = 0.000 ms
Min = 242.692 ms, Q1 = 242.692 ms, Median = 242.692 ms, Q3 = 242.692 ms, Max = 242.692 ms
IQR = 0.000 ms, LowerFence = 242.692 ms, UpperFence = 242.692 ms
ConfidenceInterval = [NaN ms; NaN ms] (CI 99.9%), Margin = NaN ms (NaN% of Mean)
Skewness = NaN, Kurtosis = NaN, MValue = 2

// ** Remained 1 (16.7 %) benchmark(s) to run. Estimated finish 2026-09-19 17:14 (0h 0m from now) **
// **************************
// Benchmark: ThreadScalingBenchmarks.Threaded: Dry(IterationCount=1, LaunchCount=1, RunStrategy=ColdStart, UnrollFactor=1, WarmupCount=1) [N=2048, Threads=4]
// *** Execute ***
// Launch: 1 / 1
// Execute: dotnet Tensile.Benchmarks-Dry-1.dll --anonymousPipes 114 115 --benchmarkName "Tensile.Benchmarks.ThreadScalingBenchmarks.Threaded(N: 2048, Threads: 4)" --job Dry --benchmarkId 5 in /home/user/CSharp_LinearAlgebra/bench/Tensile.Benchmarks/bin/Release/net10.0/Tensile.Benchmarks-Dry-1/bin/Release/net10.0
// BeforeAnythingElse

// Benchmark Process Environment Information:
// BenchmarkDotNet v0.15.8
// Runtime=.NET 10.0.12 (10.0.12, 10.0.1226.42308), X64 RyuJIT x86-64-v4
// GC=Concurrent Server
// HardwareIntrinsics=AVX512 F+BW+CD+DQ+VL,AVX2+BMI1+BMI2+F16C+FMA+LZCNT+MOVBE,AVX,SSE3+SSSE3+SSE4.1+SSE4.2+POPCNT,X86Base+SSE+SSE2,AES+PCLMUL VectorSize=256
// Job: Dry(IterationCount=1, LaunchCount=1, RunStrategy=ColdStart, UnrollFactor=1, WarmupCount=1)

// BeforeActualRun
WorkloadActual   1: 1 op, 187992123.00 ns, 187.9921 ms/op

// AfterActualRun
WorkloadResult   1: 1 op, 187992123.00 ns, 187.9921 ms/op

// AfterAll
// Benchmark Process 3609 has exited with code 0.

Mean = 187.992 ms, StdErr = 0.000 ms (0.00%), N = 1, StdDev = 0.000 ms
Min = 187.992 ms, Q1 = 187.992 ms, Median = 187.992 ms, Q3 = 187.992 ms, Max = 187.992 ms
IQR = 0.000 ms, LowerFence = 187.992 ms, UpperFence = 187.992 ms
ConfidenceInterval = [NaN ms; NaN ms] (CI 99.9%), Margin = NaN ms (NaN% of Mean)
Skewness = NaN, Kurtosis = NaN, MValue = 2

// ** Remained 0 (0.0 %) benchmark(s) to run. Estimated finish 2026-09-19 17:14 (0h 0m from now) **
// ***** BenchmarkRunner: Finish  *****

// * Export *
  BenchmarkDotNet.Artifacts/results/Tensile.Benchmarks.ThreadScalingBenchmarks-report.csv
  BenchmarkDotNet.Artifacts/results/Tensile.Benchmarks.ThreadScalingBenchmarks-report-github.md
  BenchmarkDotNet.Artifacts/results/Tensile.Benchmarks.ThreadScalingBenchmarks-report.html

// * Detailed results *
ThreadScalingBenchmarks.Threaded: Dry(IterationCount=1, LaunchCount=1, RunStrategy=ColdStart, UnrollFactor=1, WarmupCount=1) [N=512, Threads=1]
Runtime = .NET 10.0.12 (10.0.12, 10.0.1226.42308), X64 RyuJIT x86-64-v4; GC = Concurrent Server
Mean = 22.660 ms, StdErr = 0.000 ms (0.00%), N = 1, StdDev = 0.000 ms
Min = 22.660 ms, Q1 = 22.660 ms, Median = 22.660 ms, Q3 = 22.660 ms, Max = 22.660 ms
IQR = 0.000 ms, LowerFence = 22.660 ms, UpperFence = 22.660 ms
ConfidenceInterval = [NaN ms; NaN ms] (CI 99.9%), Margin = NaN ms (NaN% of Mean)
Skewness = NaN, Kurtosis = NaN, MValue = 2
-------------------- Histogram --------------------
[22.660 ms ; 22.660 ms) | @
---------------------------------------------------

ThreadScalingBenchmarks.Threaded: Dry(IterationCount=1, LaunchCount=1, RunStrategy=ColdStart, UnrollFactor=1, WarmupCount=1) [N=512, Threads=2]
Runtime = .NET 10.0.12 (10.0.12, 10.0.1226.42308), X64 RyuJIT x86-64-v4; GC = Concurrent Server
Mean = 22.505 ms, StdErr = 0.000 ms (0.00%), N = 1, StdDev = 0.000 ms
Min = 22.505 ms, Q1 = 22.505 ms, Median = 22.505 ms, Q3 = 22.505 ms, Max = 22.505 ms
IQR = 0.000 ms, LowerFence = 22.505 ms, UpperFence = 22.505 ms
ConfidenceInterval = [NaN ms; NaN ms] (CI 99.9%), Margin = NaN ms (NaN% of Mean)
Skewness = NaN, Kurtosis = NaN, MValue = 2
-------------------- Histogram --------------------
[22.505 ms ; 22.505 ms) | @
---------------------------------------------------

ThreadScalingBenchmarks.Threaded: Dry(IterationCount=1, LaunchCount=1, RunStrategy=ColdStart, UnrollFactor=1, WarmupCount=1) [N=512, Threads=4]
Runtime = .NET 10.0.12 (10.0.12, 10.0.1226.42308), X64 RyuJIT x86-64-v4; GC = Concurrent Server
Mean = 22.807 ms, StdErr = 0.000 ms (0.00%), N = 1, StdDev = 0.000 ms
Min = 22.807 ms, Q1 = 22.807 ms, Median = 22.807 ms, Q3 = 22.807 ms, Max = 22.807 ms
IQR = 0.000 ms, LowerFence = 22.807 ms, UpperFence = 22.807 ms
ConfidenceInterval = [NaN ms; NaN ms] (CI 99.9%), Margin = NaN ms (NaN% of Mean)
Skewness = NaN, Kurtosis = NaN, MValue = 2
-------------------- Histogram --------------------
[22.807 ms ; 22.807 ms) | @
---------------------------------------------------

ThreadScalingBenchmarks.Threaded: Dry(IterationCount=1, LaunchCount=1, RunStrategy=ColdStart, UnrollFactor=1, WarmupCount=1) [N=2048, Threads=1]
Runtime = .NET 10.0.12 (10.0.12, 10.0.1226.42308), X64 RyuJIT x86-64-v4; GC = Concurrent Server
Mean = 391.868 ms, StdErr = 0.000 ms (0.00%), N = 1, StdDev = 0.000 ms
Min = 391.868 ms, Q1 = 391.868 ms, Median = 391.868 ms, Q3 = 391.868 ms, Max = 391.868 ms
IQR = 0.000 ms, LowerFence = 391.868 ms, UpperFence = 391.868 ms
ConfidenceInterval = [NaN ms; NaN ms] (CI 99.9%), Margin = NaN ms (NaN% of Mean)
Skewness = NaN, Kurtosis = NaN, MValue = 2
-------------------- Histogram --------------------
[391.868 ms ; 391.868 ms) | @
---------------------------------------------------

ThreadScalingBenchmarks.Threaded: Dry(IterationCount=1, LaunchCount=1, RunStrategy=ColdStart, UnrollFactor=1, WarmupCount=1) [N=2048, Threads=2]
Runtime = .NET 10.0.12 (10.0.12, 10.0.1226.42308), X64 RyuJIT x86-64-v4; GC = Concurrent Server
Mean = 242.692 ms, StdErr = 0.000 ms (0.00%), N = 1, StdDev = 0.000 ms
Min = 242.692 ms, Q1 = 242.692 ms, Median = 242.692 ms, Q3 = 242.692 ms, Max = 242.692 ms
IQR = 0.000 ms, LowerFence = 242.692 ms, UpperFence = 242.692 ms
ConfidenceInterval = [NaN ms; NaN ms] (CI 99.9%), Margin = NaN ms (NaN% of Mean)
Skewness = NaN, Kurtosis = NaN, MValue = 2
-------------------- Histogram --------------------
[242.692 ms ; 242.692 ms) | @
---------------------------------------------------

ThreadScalingBenchmarks.Threaded: Dry(IterationCount=1, LaunchCount=1, RunStrategy=ColdStart, UnrollFactor=1, WarmupCount=1) [N=2048, Threads=4]
Runtime = .NET 10.0.12 (10.0.12, 10.0.1226.42308), X64 RyuJIT x86-64-v4; GC = Concurrent Server
Mean = 187.992 ms, StdErr = 0.000 ms (0.00%), N = 1, StdDev = 0.000 ms
Min = 187.992 ms, Q1 = 187.992 ms, Median = 187.992 ms, Q3 = 187.992 ms, Max = 187.992 ms
IQR = 0.000 ms, LowerFence = 187.992 ms, UpperFence = 187.992 ms
ConfidenceInterval = [NaN ms; NaN ms] (CI 99.9%), Margin = NaN ms (NaN% of Mean)
Skewness = NaN, Kurtosis = NaN, MValue = 2
-------------------- Histogram --------------------
[187.992 ms ; 187.992 ms) | @
---------------------------------------------------

// * Summary *

BenchmarkDotNet v0.15.8, Linux Ubuntu 24.04.4 LTS (Noble Numbat)
Intel Xeon Processor 2.80GHz, 1 CPU, 4 logical and 4 physical cores
.NET SDK 10.0.112
  [Host] : .NET 10.0.12 (10.0.12, 10.0.1226.42308), X64 RyuJIT x86-64-v4
  Dry    : .NET 10.0.12 (10.0.12, 10.0.1226.42308), X64 RyuJIT x86-64-v4

Job=Dry  IterationCount=1  LaunchCount=1  
RunStrategy=ColdStart  UnrollFactor=1  WarmupCount=1  

| Method   | N    | Threads | Mean      | Error |
|--------- |----- |-------- |----------:|------:|
| Threaded | 512  | 1       |  22.66 ms |    NA |
| Threaded | 512  | 2       |  22.51 ms |    NA |
| Threaded | 512  | 4       |  22.81 ms |    NA |
| Threaded | 2048 | 1       | 391.87 ms |    NA |
| Threaded | 2048 | 2       | 242.69 ms |    NA |
| Threaded | 2048 | 4       | 187.99 ms |    NA |

// * Warnings *
MinIterationTime
  ThreadScalingBenchmarks.Threaded: Dry -> The minimum observed iteration time is 22.66ms which is very small. It's recommended to increase it to at least 100ms using more operations.
  ThreadScalingBenchmarks.Threaded: Dry -> The minimum observed iteration time is 22.505ms which is very small. It's recommended to increase it to at least 100ms using more operations.
  ThreadScalingBenchmarks.Threaded: Dry -> The minimum observed iteration time is 22.807ms which is very small. It's recommended to increase it to at least 100ms using more operations.

// * Legends *
  N       : Value of the 'N' parameter
  Threads : Value of the 'Threads' parameter
  Mean    : Arithmetic mean of all measurements
  Error   : Half of 99.9% confidence interval
  1 ms    : 1 Millisecond (0.001 sec)

// ***** BenchmarkRunner: End *****
Run time: 00:00:02 (2.22 sec), executed benchmarks: 6

Global total time: 00:00:23 (23.78 sec), executed benchmarks: 6
// * Artifacts cleanup *
Artifacts cleanup is finished
