// Validating benchmarks:
// ***** BenchmarkRunner: Start   *****
// ***** Found 6 benchmark(s) in total *****
// ***** Building 1 exe(s) in Parallel: Start   *****
// start dotnet  restore --nodeReuse:false /p:UseSharedCompilation=false /p:Deterministic=true /p:Optimize=true /p:ArtifactsPath="/home/user/CSharp_LinearAlgebra/bench/Tensile.Benchmarks/bin/Release/net10.0/Tensile.Benchmarks-Dry-1/" /p:OutDir="/home/user/CSharp_LinearAlgebra/bench/Tensile.Benchmarks/bin/Release/net10.0/Tensile.Benchmarks-Dry-1/bin/Release/net10.0/" /p:OutputPath="/home/user/CSharp_LinearAlgebra/bench/Tensile.Benchmarks/bin/Release/net10.0/Tensile.Benchmarks-Dry-1/bin/Release/net10.0/" /p:PublishDir="/home/user/CSharp_LinearAlgebra/bench/Tensile.Benchmarks/bin/Release/net10.0/Tensile.Benchmarks-Dry-1/publish/" in /home/user/CSharp_LinearAlgebra/bench/Tensile.Benchmarks/bin/Release/net10.0/Tensile.Benchmarks-Dry-1
// command took 2.06 sec and exited with 0
// start dotnet  build -c Release --no-restore --nodeReuse:false /p:UseSharedCompilation=false /p:Deterministic=true /p:Optimize=true /p:ArtifactsPath="/home/user/CSharp_LinearAlgebra/bench/Tensile.Benchmarks/bin/Release/net10.0/Tensile.Benchmarks-Dry-1/" /p:OutDir="/home/user/CSharp_LinearAlgebra/bench/Tensile.Benchmarks/bin/Release/net10.0/Tensile.Benchmarks-Dry-1/bin/Release/net10.0/" /p:OutputPath="/home/user/CSharp_LinearAlgebra/bench/Tensile.Benchmarks/bin/Release/net10.0/Tensile.Benchmarks-Dry-1/bin/Release/net10.0/" /p:PublishDir="/home/user/CSharp_LinearAlgebra/bench/Tensile.Benchmarks/bin/Release/net10.0/Tensile.Benchmarks-Dry-1/publish/" --output "/home/user/CSharp_LinearAlgebra/bench/Tensile.Benchmarks/bin/Release/net10.0/Tensile.Benchmarks-Dry-1/bin/Release/net10.0/" in /home/user/CSharp_LinearAlgebra/bench/Tensile.Benchmarks/bin/Release/net10.0/Tensile.Benchmarks-Dry-1
// command took 18.13 sec and exited with 0
// ***** Done, took 00:00:20 (20.26 sec)   *****
// Found 6 benchmarks:
//   ThreadScalingBenchmarks.Threaded: Dry(IterationCount=1, LaunchCount=1, RunStrategy=ColdStart, UnrollFactor=1, WarmupCount=1) [N=512, Threads=1]
//   ThreadScalingBenchmarks.Threaded: Dry(IterationCount=1, LaunchCount=1, RunStrategy=ColdStart, UnrollFactor=1, WarmupCount=1) [N=512, Threads=2]
//   ThreadScalingBenchmarks.Threaded: Dry(IterationCount=1, LaunchCount=1, RunStrategy=ColdStart, UnrollFactor=1, WarmupCount=1) [N=512, Threads=4]
//   ThreadScalingBenchmarks.Threaded: Dry(IterationCount=1, LaunchCount=1, RunStrategy=ColdStart, UnrollFactor=1, WarmupCount=1) [N=2048, Threads=1]
//   ThreadScalingBenchmarks.Threaded: Dry(IterationCount=1, LaunchCount=1, RunStrategy=ColdStart, UnrollFactor=1, WarmupCount=1) [N=2048, Threads=2]
//   ThreadScalingBenchmarks.Threaded: Dry(IterationCount=1, LaunchCount=1, RunStrategy=ColdStart, UnrollFactor=1, WarmupCount=1) [N=2048, Threads=4]

// **************************
// Benchmark: ThreadScalingBenchmarks.Threaded: Dry(IterationCount=1, LaunchCount=1, RunStrategy=ColdStart, UnrollFactor=1, WarmupCount=1) [N=512, Threads=1]
// *** Execute ***
// Launch: 1 / 1
// Execute: dotnet Tensile.Benchmarks-Dry-1.dll --anonymousPipes 131 132 --benchmarkName "Tensile.Benchmarks.ThreadScalingBenchmarks.Threaded(N: 512, Threads: 1)" --job Dry --benchmarkId 0 in /home/user/CSharp_LinearAlgebra/bench/Tensile.Benchmarks/bin/Release/net10.0/Tensile.Benchmarks-Dry-1/bin/Release/net10.0
// BeforeAnythingElse

// Benchmark Process Environment Information:
// BenchmarkDotNet v0.15.8
// Runtime=.NET 10.0.12 (10.0.12, 10.0.1226.42308), X64 RyuJIT x86-64-v4
// GC=Concurrent Server
// HardwareIntrinsics=AVX512 F+BW+CD+DQ+VL,AVX2+BMI1+BMI2+F16C+FMA+LZCNT+MOVBE,AVX,SSE3+SSSE3+SSE4.1+SSE4.2+POPCNT,X86Base+SSE+SSE2,AES+PCLMUL VectorSize=256
// Job: Dry(IterationCount=1, LaunchCount=1, RunStrategy=ColdStart, UnrollFactor=1, WarmupCount=1)

// BeforeActualRun
WorkloadActual   1: 1 op, 22833151.00 ns, 22.8332 ms/op

// AfterActualRun
WorkloadResult   1: 1 op, 22833151.00 ns, 22.8332 ms/op

// AfterAll
// Benchmark Process 2381 has exited with code 0.

Mean = 22.833 ms, StdErr = 0.000 ms (0.00%), N = 1, StdDev = 0.000 ms
Min = 22.833 ms, Q1 = 22.833 ms, Median = 22.833 ms, Q3 = 22.833 ms, Max = 22.833 ms
IQR = 0.000 ms, LowerFence = 22.833 ms, UpperFence = 22.833 ms
ConfidenceInterval = [NaN ms; NaN ms] (CI 99.9%), Margin = NaN ms (NaN% of Mean)
Skewness = NaN, Kurtosis = NaN, MValue = 2

// ** Remained 5 (83.3 %) benchmark(s) to run. Estimated finish 2026-09-19 17:11 (0h 0m from now) **
// **************************
// Benchmark: ThreadScalingBenchmarks.Threaded: Dry(IterationCount=1, LaunchCount=1, RunStrategy=ColdStart, UnrollFactor=1, WarmupCount=1) [N=512, Threads=2]
// *** Execute ***
// Launch: 1 / 1
// Execute: dotnet Tensile.Benchmarks-Dry-1.dll --anonymousPipes 131 132 --benchmarkName "Tensile.Benchmarks.ThreadScalingBenchmarks.Threaded(N: 512, Threads: 2)" --job Dry --benchmarkId 1 in /home/user/CSharp_LinearAlgebra/bench/Tensile.Benchmarks/bin/Release/net10.0/Tensile.Benchmarks-Dry-1/bin/Release/net10.0
// BeforeAnythingElse

// Benchmark Process Environment Information:
// BenchmarkDotNet v0.15.8
// Runtime=.NET 10.0.12 (10.0.12, 10.0.1226.42308), X64 RyuJIT x86-64-v4
// GC=Concurrent Server
// HardwareIntrinsics=AVX512 F+BW+CD+DQ+VL,AVX2+BMI1+BMI2+F16C+FMA+LZCNT+MOVBE,AVX,SSE3+SSSE3+SSE4.1+SSE4.2+POPCNT,X86Base+SSE+SSE2,AES+PCLMUL VectorSize=256
// Job: Dry(IterationCount=1, LaunchCount=1, RunStrategy=ColdStart, UnrollFactor=1, WarmupCount=1)

// BeforeActualRun
WorkloadActual   1: 1 op, 35666114.00 ns, 35.6661 ms/op

// AfterActualRun
WorkloadResult   1: 1 op, 35666114.00 ns, 35.6661 ms/op

// AfterAll
// Benchmark Process 2395 has exited with code 0.

Mean = 35.666 ms, StdErr = 0.000 ms (0.00%), N = 1, StdDev = 0.000 ms
Min = 35.666 ms, Q1 = 35.666 ms, Median = 35.666 ms, Q3 = 35.666 ms, Max = 35.666 ms
IQR = 0.000 ms, LowerFence = 35.666 ms, UpperFence = 35.666 ms
ConfidenceInterval = [NaN ms; NaN ms] (CI 99.9%), Margin = NaN ms (NaN% of Mean)
Skewness = NaN, Kurtosis = NaN, MValue = 2

// ** Remained 4 (66.7 %) benchmark(s) to run. Estimated finish 2026-09-19 17:11 (0h 0m from now) **
// **************************
// Benchmark: ThreadScalingBenchmarks.Threaded: Dry(IterationCount=1, LaunchCount=1, RunStrategy=ColdStart, UnrollFactor=1, WarmupCount=1) [N=512, Threads=4]
// *** Execute ***
// Launch: 1 / 1
// Execute: dotnet Tensile.Benchmarks-Dry-1.dll --anonymousPipes 131 132 --benchmarkName "Tensile.Benchmarks.ThreadScalingBenchmarks.Threaded(N: 512, Threads: 4)" --job Dry --benchmarkId 2 in /home/user/CSharp_LinearAlgebra/bench/Tensile.Benchmarks/bin/Release/net10.0/Tensile.Benchmarks-Dry-1/bin/Release/net10.0
// BeforeAnythingElse

// Benchmark Process Environment Information:
// BenchmarkDotNet v0.15.8
// Runtime=.NET 10.0.12 (10.0.12, 10.0.1226.42308), X64 RyuJIT x86-64-v4
// GC=Concurrent Server
// HardwareIntrinsics=AVX512 F+BW+CD+DQ+VL,AVX2+BMI1+BMI2+F16C+FMA+LZCNT+MOVBE,AVX,SSE3+SSSE3+SSE4.1+SSE4.2+POPCNT,X86Base+SSE+SSE2,AES+PCLMUL VectorSize=256
// Job: Dry(IterationCount=1, LaunchCount=1, RunStrategy=ColdStart, UnrollFactor=1, WarmupCount=1)

// BeforeActualRun
WorkloadActual   1: 1 op, 23136557.00 ns, 23.1366 ms/op

// AfterActualRun
WorkloadResult   1: 1 op, 23136557.00 ns, 23.1366 ms/op

// AfterAll
// Benchmark Process 2411 has exited with code 0.

Mean = 23.137 ms, StdErr = 0.000 ms (0.00%), N = 1, StdDev = 0.000 ms
Min = 23.137 ms, Q1 = 23.137 ms, Median = 23.137 ms, Q3 = 23.137 ms, Max = 23.137 ms
IQR = 0.000 ms, LowerFence = 23.137 ms, UpperFence = 23.137 ms
ConfidenceInterval = [NaN ms; NaN ms] (CI 99.9%), Margin = NaN ms (NaN% of Mean)
Skewness = NaN, Kurtosis = NaN, MValue = 2

// ** Remained 3 (50.0 %) benchmark(s) to run. Estimated finish 2026-09-19 17:11 (0h 0m from now) **
// **************************
// Benchmark: ThreadScalingBenchmarks.Threaded: Dry(IterationCount=1, LaunchCount=1, RunStrategy=ColdStart, UnrollFactor=1, WarmupCount=1) [N=2048, Threads=1]
// *** Execute ***
// Launch: 1 / 1
// Execute: dotnet Tensile.Benchmarks-Dry-1.dll --anonymousPipes 131 132 --benchmarkName "Tensile.Benchmarks.ThreadScalingBenchmarks.Threaded(N: 2048, Threads: 1)" --job Dry --benchmarkId 3 in /home/user/CSharp_LinearAlgebra/bench/Tensile.Benchmarks/bin/Release/net10.0/Tensile.Benchmarks-Dry-1/bin/Release/net10.0
// BeforeAnythingElse

// Benchmark Process Environment Information:
// BenchmarkDotNet v0.15.8
// Runtime=.NET 10.0.12 (10.0.12, 10.0.1226.42308), X64 RyuJIT x86-64-v4
// GC=Concurrent Server
// HardwareIntrinsics=AVX512 F+BW+CD+DQ+VL,AVX2+BMI1+BMI2+F16C+FMA+LZCNT+MOVBE,AVX,SSE3+SSSE3+SSE4.1+SSE4.2+POPCNT,X86Base+SSE+SSE2,AES+PCLMUL VectorSize=256
// Job: Dry(IterationCount=1, LaunchCount=1, RunStrategy=ColdStart, UnrollFactor=1, WarmupCount=1)

// BeforeActualRun
WorkloadActual   1: 1 op, 396662494.00 ns, 396.6625 ms/op

// AfterActualRun
WorkloadResult   1: 1 op, 396662494.00 ns, 396.6625 ms/op

// AfterAll
// Benchmark Process 2429 has exited with code 0.

Mean = 396.662 ms, StdErr = 0.000 ms (0.00%), N = 1, StdDev = 0.000 ms
Min = 396.662 ms, Q1 = 396.662 ms, Median = 396.662 ms, Q3 = 396.662 ms, Max = 396.662 ms
IQR = 0.000 ms, LowerFence = 396.662 ms, UpperFence = 396.662 ms
ConfidenceInterval = [NaN ms; NaN ms] (CI 99.9%), Margin = NaN ms (NaN% of Mean)
Skewness = NaN, Kurtosis = NaN, MValue = 2

// ** Remained 2 (33.3 %) benchmark(s) to run. Estimated finish 2026-09-19 17:11 (0h 0m from now) **
// **************************
// Benchmark: ThreadScalingBenchmarks.Threaded: Dry(IterationCount=1, LaunchCount=1, RunStrategy=ColdStart, UnrollFactor=1, WarmupCount=1) [N=2048, Threads=2]
// *** Execute ***
// Launch: 1 / 1
// Execute: dotnet Tensile.Benchmarks-Dry-1.dll --anonymousPipes 131 132 --benchmarkName "Tensile.Benchmarks.ThreadScalingBenchmarks.Threaded(N: 2048, Threads: 2)" --job Dry --benchmarkId 4 in /home/user/CSharp_LinearAlgebra/bench/Tensile.Benchmarks/bin/Release/net10.0/Tensile.Benchmarks-Dry-1/bin/Release/net10.0
// BeforeAnythingElse

// Benchmark Process Environment Information:
// BenchmarkDotNet v0.15.8
// Runtime=.NET 10.0.12 (10.0.12, 10.0.1226.42308), X64 RyuJIT x86-64-v4
// GC=Concurrent Server
// HardwareIntrinsics=AVX512 F+BW+CD+DQ+VL,AVX2+BMI1+BMI2+F16C+FMA+LZCNT+MOVBE,AVX,SSE3+SSSE3+SSE4.1+SSE4.2+POPCNT,X86Base+SSE+SSE2,AES+PCLMUL VectorSize=256
// Job: Dry(IterationCount=1, LaunchCount=1, RunStrategy=ColdStart, UnrollFactor=1, WarmupCount=1)

// BeforeActualRun
WorkloadActual   1: 1 op, 227339118.00 ns, 227.3391 ms/op

// AfterActualRun
WorkloadResult   1: 1 op, 227339118.00 ns, 227.3391 ms/op

// AfterAll
// Benchmark Process 2442 has exited with code 0.

Mean = 227.339 ms, StdErr = 0.000 ms (0.00%), N = 1, StdDev = 0.000 ms
Min = 227.339 ms, Q1 = 227.339 ms, Median = 227.339 ms, Q3 = 227.339 ms, Max = 227.339 ms
IQR = 0.000 ms, LowerFence = 227.339 ms, UpperFence = 227.339 ms
ConfidenceInterval = [NaN ms; NaN ms] (CI 99.9%), Margin = NaN ms (NaN% of Mean)
Skewness = NaN, Kurtosis = NaN, MValue = 2

// ** Remained 1 (16.7 %) benchmark(s) to run. Estimated finish 2026-09-19 17:11 (0h 0m from now) **
// **************************
// Benchmark: ThreadScalingBenchmarks.Threaded: Dry(IterationCount=1, LaunchCount=1, RunStrategy=ColdStart, UnrollFactor=1, WarmupCount=1) [N=2048, Threads=4]
// *** Execute ***
// Launch: 1 / 1
// Execute: dotnet Tensile.Benchmarks-Dry-1.dll --anonymousPipes 131 132 --benchmarkName "Tensile.Benchmarks.ThreadScalingBenchmarks.Threaded(N: 2048, Threads: 4)" --job Dry --benchmarkId 5 in /home/user/CSharp_LinearAlgebra/bench/Tensile.Benchmarks/bin/Release/net10.0/Tensile.Benchmarks-Dry-1/bin/Release/net10.0
// BeforeAnythingElse

// Benchmark Process Environment Information:
// BenchmarkDotNet v0.15.8
// Runtime=.NET 10.0.12 (10.0.12, 10.0.1226.42308), X64 RyuJIT x86-64-v4
// GC=Concurrent Server
// HardwareIntrinsics=AVX512 F+BW+CD+DQ+VL,AVX2+BMI1+BMI2+F16C+FMA+LZCNT+MOVBE,AVX,SSE3+SSSE3+SSE4.1+SSE4.2+POPCNT,X86Base+SSE+SSE2,AES+PCLMUL VectorSize=256
// Job: Dry(IterationCount=1, LaunchCount=1, RunStrategy=ColdStart, UnrollFactor=1, WarmupCount=1)

// BeforeActualRun
WorkloadActual   1: 1 op, 193662981.00 ns, 193.6630 ms/op

// AfterActualRun
WorkloadResult   1: 1 op, 193662981.00 ns, 193.6630 ms/op

// AfterAll
// Benchmark Process 2459 has exited with code 0.

Mean = 193.663 ms, StdErr = 0.000 ms (0.00%), N = 1, StdDev = 0.000 ms
Min = 193.663 ms, Q1 = 193.663 ms, Median = 193.663 ms, Q3 = 193.663 ms, Max = 193.663 ms
IQR = 0.000 ms, LowerFence = 193.663 ms, UpperFence = 193.663 ms
ConfidenceInterval = [NaN ms; NaN ms] (CI 99.9%), Margin = NaN ms (NaN% of Mean)
Skewness = NaN, Kurtosis = NaN, MValue = 2

// ** Remained 0 (0.0 %) benchmark(s) to run. Estimated finish 2026-09-19 17:11 (0h 0m from now) **
// ***** BenchmarkRunner: Finish  *****

// * Export *
  BenchmarkDotNet.Artifacts/results/Tensile.Benchmarks.ThreadScalingBenchmarks-report.csv
  BenchmarkDotNet.Artifacts/results/Tensile.Benchmarks.ThreadScalingBenchmarks-report-github.md
  BenchmarkDotNet.Artifacts/results/Tensile.Benchmarks.ThreadScalingBenchmarks-report.html

// * Detailed results *
ThreadScalingBenchmarks.Threaded: Dry(IterationCount=1, LaunchCount=1, RunStrategy=ColdStart, UnrollFactor=1, WarmupCount=1) [N=512, Threads=1]
Runtime = .NET 10.0.12 (10.0.12, 10.0.1226.42308), X64 RyuJIT x86-64-v4; GC = Concurrent Server
Mean = 22.833 ms, StdErr = 0.000 ms (0.00%), N = 1, StdDev = 0.000 ms
Min = 22.833 ms, Q1 = 22.833 ms, Median = 22.833 ms, Q3 = 22.833 ms, Max = 22.833 ms
IQR = 0.000 ms, LowerFence = 22.833 ms, UpperFence = 22.833 ms
ConfidenceInterval = [NaN ms; NaN ms] (CI 99.9%), Margin = NaN ms (NaN% of Mean)
Skewness = NaN, Kurtosis = NaN, MValue = 2
-------------------- Histogram --------------------
[22.833 ms ; 22.833 ms) | @
---------------------------------------------------

ThreadScalingBenchmarks.Threaded: Dry(IterationCount=1, LaunchCount=1, RunStrategy=ColdStart, UnrollFactor=1, WarmupCount=1) [N=512, Threads=2]
Runtime = .NET 10.0.12 (10.0.12, 10.0.1226.42308), X64 RyuJIT x86-64-v4; GC = Concurrent Server
Mean = 35.666 ms, StdErr = 0.000 ms (0.00%), N = 1, StdDev = 0.000 ms
Min = 35.666 ms, Q1 = 35.666 ms, Median = 35.666 ms, Q3 = 35.666 ms, Max = 35.666 ms
IQR = 0.000 ms, LowerFence = 35.666 ms, UpperFence = 35.666 ms
ConfidenceInterval = [NaN ms; NaN ms] (CI 99.9%), Margin = NaN ms (NaN% of Mean)
Skewness = NaN, Kurtosis = NaN, MValue = 2
-------------------- Histogram --------------------
[35.666 ms ; 35.666 ms) | @
---------------------------------------------------

ThreadScalingBenchmarks.Threaded: Dry(IterationCount=1, LaunchCount=1, RunStrategy=ColdStart, UnrollFactor=1, WarmupCount=1) [N=512, Threads=4]
Runtime = .NET 10.0.12 (10.0.12, 10.0.1226.42308), X64 RyuJIT x86-64-v4; GC = Concurrent Server
Mean = 23.137 ms, StdErr = 0.000 ms (0.00%), N = 1, StdDev = 0.000 ms
Min = 23.137 ms, Q1 = 23.137 ms, Median = 23.137 ms, Q3 = 23.137 ms, Max = 23.137 ms
IQR = 0.000 ms, LowerFence = 23.137 ms, UpperFence = 23.137 ms
ConfidenceInterval = [NaN ms; NaN ms] (CI 99.9%), Margin = NaN ms (NaN% of Mean)
Skewness = NaN, Kurtosis = NaN, MValue = 2
-------------------- Histogram --------------------
[23.137 ms ; 23.137 ms) | @
---------------------------------------------------

ThreadScalingBenchmarks.Threaded: Dry(IterationCount=1, LaunchCount=1, RunStrategy=ColdStart, UnrollFactor=1, WarmupCount=1) [N=2048, Threads=1]
Runtime = .NET 10.0.12 (10.0.12, 10.0.1226.42308), X64 RyuJIT x86-64-v4; GC = Concurrent Server
Mean = 396.662 ms, StdErr = 0.000 ms (0.00%), N = 1, StdDev = 0.000 ms
Min = 396.662 ms, Q1 = 396.662 ms, Median = 396.662 ms, Q3 = 396.662 ms, Max = 396.662 ms
IQR = 0.000 ms, LowerFence = 396.662 ms, UpperFence = 396.662 ms
ConfidenceInterval = [NaN ms; NaN ms] (CI 99.9%), Margin = NaN ms (NaN% of Mean)
Skewness = NaN, Kurtosis = NaN, MValue = 2
-------------------- Histogram --------------------
[396.662 ms ; 396.662 ms) | @
---------------------------------------------------

ThreadScalingBenchmarks.Threaded: Dry(IterationCount=1, LaunchCount=1, RunStrategy=ColdStart, UnrollFactor=1, WarmupCount=1) [N=2048, Threads=2]
Runtime = .NET 10.0.12 (10.0.12, 10.0.1226.42308), X64 RyuJIT x86-64-v4; GC = Concurrent Server
Mean = 227.339 ms, StdErr = 0.000 ms (0.00%), N = 1, StdDev = 0.000 ms
Min = 227.339 ms, Q1 = 227.339 ms, Median = 227.339 ms, Q3 = 227.339 ms, Max = 227.339 ms
IQR = 0.000 ms, LowerFence = 227.339 ms, UpperFence = 227.339 ms
ConfidenceInterval = [NaN ms; NaN ms] (CI 99.9%), Margin = NaN ms (NaN% of Mean)
Skewness = NaN, Kurtosis = NaN, MValue = 2
-------------------- Histogram --------------------
[227.339 ms ; 227.339 ms) | @
---------------------------------------------------

ThreadScalingBenchmarks.Threaded: Dry(IterationCount=1, LaunchCount=1, RunStrategy=ColdStart, UnrollFactor=1, WarmupCount=1) [N=2048, Threads=4]
Runtime = .NET 10.0.12 (10.0.12, 10.0.1226.42308), X64 RyuJIT x86-64-v4; GC = Concurrent Server
Mean = 193.663 ms, StdErr = 0.000 ms (0.00%), N = 1, StdDev = 0.000 ms
Min = 193.663 ms, Q1 = 193.663 ms, Median = 193.663 ms, Q3 = 193.663 ms, Max = 193.663 ms
IQR = 0.000 ms, LowerFence = 193.663 ms, UpperFence = 193.663 ms
ConfidenceInterval = [NaN ms; NaN ms] (CI 99.9%), Margin = NaN ms (NaN% of Mean)
Skewness = NaN, Kurtosis = NaN, MValue = 2
-------------------- Histogram --------------------
[193.663 ms ; 193.663 ms) | @
---------------------------------------------------

// * Summary *

BenchmarkDotNet v0.15.8, Linux Ubuntu 24.04.4 LTS (Noble Numbat)
Intel Xeon Processor 2.80GHz, 1 CPU, 4 logical and 4 physical cores
.NET SDK 10.0.112
  [Host] : .NET 10.0.12 (10.0.12, 10.0.1226.42308), X64 RyuJIT x86-64-v4
  Dry    : .NET 10.0.12 (10.0.12, 10.0.1226.42308), X64 RyuJIT x86-64-v4

Job=Dry  IterationCount=1  LaunchCount=1  
RunStrategy=ColdStart  UnrollFactor=1  WarmupCount=1  

| Method   | N    | Threads | Mean      | Error |
|--------- |----- |-------- |----------:|------:|
| Threaded | 512  | 1       |  22.83 ms |    NA |
| Threaded | 512  | 2       |  35.67 ms |    NA |
| Threaded | 512  | 4       |  23.14 ms |    NA |
| Threaded | 2048 | 1       | 396.66 ms |    NA |
| Threaded | 2048 | 2       | 227.34 ms |    NA |
| Threaded | 2048 | 4       | 193.66 ms |    NA |

// * Warnings *
MinIterationTime
  ThreadScalingBenchmarks.Threaded: Dry -> The minimum observed iteration time is 22.833ms which is very small. It's recommended to increase it to at least 100ms using more operations.
  ThreadScalingBenchmarks.Threaded: Dry -> The minimum observed iteration time is 35.666ms which is very small. It's recommended to increase it to at least 100ms using more operations.
  ThreadScalingBenchmarks.Threaded: Dry -> The minimum observed iteration time is 23.137ms which is very small. It's recommended to increase it to at least 100ms using more operations.

// * Legends *
  N       : Value of the 'N' parameter
  Threads : Value of the 'Threads' parameter
  Mean    : Arithmetic mean of all measurements
  Error   : Half of 99.9% confidence interval
  1 ms    : 1 Millisecond (0.001 sec)

// ***** BenchmarkRunner: End *****
Run time: 00:00:02 (2.26 sec), executed benchmarks: 6

Global total time: 00:00:22 (22.63 sec), executed benchmarks: 6
// * Artifacts cleanup *
Artifacts cleanup is finished
