// Validating benchmarks:
// ***** BenchmarkRunner: Start   *****
// ***** Found 6 benchmark(s) in total *****
// ***** Building 1 exe(s) in Parallel: Start   *****
// start dotnet  restore --nodeReuse:false /p:UseSharedCompilation=false /p:Deterministic=true /p:Optimize=true /p:ArtifactsPath="/home/user/CSharp_LinearAlgebra/bench/Tensile.Benchmarks/bin/Release/net10.0/Tensile.Benchmarks-Dry-1/" /p:OutDir="/home/user/CSharp_LinearAlgebra/bench/Tensile.Benchmarks/bin/Release/net10.0/Tensile.Benchmarks-Dry-1/bin/Release/net10.0/" /p:OutputPath="/home/user/CSharp_LinearAlgebra/bench/Tensile.Benchmarks/bin/Release/net10.0/Tensile.Benchmarks-Dry-1/bin/Release/net10.0/" /p:PublishDir="/home/user/CSharp_LinearAlgebra/bench/Tensile.Benchmarks/bin/Release/net10.0/Tensile.Benchmarks-Dry-1/publish/" in /home/user/CSharp_LinearAlgebra/bench/Tensile.Benchmarks/bin/Release/net10.0/Tensile.Benchmarks-Dry-1
// command took 2.11 sec and exited with 0
// start dotnet  build -c Release --no-restore --nodeReuse:false /p:UseSharedCompilation=false /p:Deterministic=true /p:Optimize=true /p:ArtifactsPath="/home/user/CSharp_LinearAlgebra/bench/Tensile.Benchmarks/bin/Release/net10.0/Tensile.Benchmarks-Dry-1/" /p:OutDir="/home/user/CSharp_LinearAlgebra/bench/Tensile.Benchmarks/bin/Release/net10.0/Tensile.Benchmarks-Dry-1/bin/Release/net10.0/" /p:OutputPath="/home/user/CSharp_LinearAlgebra/bench/Tensile.Benchmarks/bin/Release/net10.0/Tensile.Benchmarks-Dry-1/bin/Release/net10.0/" /p:PublishDir="/home/user/CSharp_LinearAlgebra/bench/Tensile.Benchmarks/bin/Release/net10.0/Tensile.Benchmarks-Dry-1/publish/" --output "/home/user/CSharp_LinearAlgebra/bench/Tensile.Benchmarks/bin/Release/net10.0/Tensile.Benchmarks-Dry-1/bin/Release/net10.0/" in /home/user/CSharp_LinearAlgebra/bench/Tensile.Benchmarks/bin/Release/net10.0/Tensile.Benchmarks-Dry-1
// command took 17.93 sec and exited with 0
// ***** Done, took 00:00:20 (20.1 sec)   *****
// Found 6 benchmarks:
//   ThreadScalingBenchmarks.Threaded: Dry(IterationCount=1, LaunchCount=1, RunStrategy=ColdStart, UnrollFactor=1, WarmupCount=1) [N=512, Threads=1]
//   ThreadScalingBenchmarks.Threaded: Dry(IterationCount=1, LaunchCount=1, RunStrategy=ColdStart, UnrollFactor=1, WarmupCount=1) [N=512, Threads=2]
//   ThreadScalingBenchmarks.Threaded: Dry(IterationCount=1, LaunchCount=1, RunStrategy=ColdStart, UnrollFactor=1, WarmupCount=1) [N=512, Threads=4]
//   ThreadScalingBenchmarks.Threaded: Dry(IterationCount=1, LaunchCount=1, RunStrategy=ColdStart, UnrollFactor=1, WarmupCount=1) [N=2048, Threads=1]
//   ThreadScalingBenchmarks.Threaded: Dry(IterationCount=1, LaunchCount=1, RunStrategy=ColdStart, UnrollFactor=1, WarmupCount=1) [N=2048, Threads=2]
//   ThreadScalingBenchmarks.Threaded: Dry(IterationCount=1, LaunchCount=1, RunStrategy=ColdStart, UnrollFactor=1, WarmupCount=1) [N=2048, Threads=4]

// **************************
// Benchmark: ThreadScalingBenchmarks.Threaded: Dry(IterationCount=1, LaunchCount=1, RunStrategy=ColdStart, UnrollFactor=1, WarmupCount=1) [N=512, Threads=1]
// *** Execute ***
// Launch: 1 / 1
// Execute: dotnet Tensile.Benchmarks-Dry-1.dll --anonymousPipes 131 132 --benchmarkName "Tensile.Benchmarks.ThreadScalingBenchmarks.Threaded(N: 512, Threads: 1)" --job Dry --benchmarkId 0 in /home/user/CSharp_LinearAlgebra/bench/Tensile.Benchmarks/bin/Release/net10.0/Tensile.Benchmarks-Dry-1/bin/Release/net10.0
// BeforeAnythingElse

// Benchmark Process Environment Information:
// BenchmarkDotNet v0.15.8
// Runtime=.NET 10.0.12 (10.0.12, 10.0.1226.42308), X64 RyuJIT x86-64-v4
// GC=Concurrent Server
// HardwareIntrinsics=AVX512 F+BW+CD+DQ+VL,AVX2+BMI1+BMI2+F16C+FMA+LZCNT+MOVBE,AVX,SSE3+SSSE3+SSE4.1+SSE4.2+POPCNT,X86Base+SSE+SSE2,AES+PCLMUL VectorSize=256
// Job: Dry(IterationCount=1, LaunchCount=1, RunStrategy=ColdStart, UnrollFactor=1, WarmupCount=1)

// BeforeActualRun
WorkloadActual   1: 1 op, 23054492.00 ns, 23.0545 ms/op

// AfterActualRun
WorkloadResult   1: 1 op, 23054492.00 ns, 23.0545 ms/op

// AfterAll
// Benchmark Process 2818 has exited with code 0.

Mean = 23.054 ms, StdErr = 0.000 ms (0.00%), N = 1, StdDev = 0.000 ms
Min = 23.054 ms, Q1 = 23.054 ms, Median = 23.054 ms, Q3 = 23.054 ms, Max = 23.054 ms
IQR = 0.000 ms, LowerFence = 23.054 ms, UpperFence = 23.054 ms
ConfidenceInterval = [NaN ms; NaN ms] (CI 99.9%), Margin = NaN ms (NaN% of Mean)
Skewness = NaN, Kurtosis = NaN, MValue = 2

// ** Remained 5 (83.3 %) benchmark(s) to run. Estimated finish 2026-09-19 17:12 (0h 0m from now) **
// **************************
// Benchmark: ThreadScalingBenchmarks.Threaded: Dry(IterationCount=1, LaunchCount=1, RunStrategy=ColdStart, UnrollFactor=1, WarmupCount=1) [N=512, Threads=2]
// *** Execute ***
// Launch: 1 / 1
// Execute: dotnet Tensile.Benchmarks-Dry-1.dll --anonymousPipes 131 132 --benchmarkName "Tensile.Benchmarks.ThreadScalingBenchmarks.Threaded(N: 512, Threads: 2)" --job Dry --benchmarkId 1 in /home/user/CSharp_LinearAlgebra/bench/Tensile.Benchmarks/bin/Release/net10.0/Tensile.Benchmarks-Dry-1/bin/Release/net10.0
// BeforeAnythingElse

// Benchmark Process Environment Information:
// BenchmarkDotNet v0.15.8
// Runtime=.NET 10.0.12 (10.0.12, 10.0.1226.42308), X64 RyuJIT x86-64-v4
// GC=Concurrent Server
// HardwareIntrinsics=AVX512 F+BW+CD+DQ+VL,AVX2+BMI1+BMI2+F16C+FMA+LZCNT+MOVBE,AVX,SSE3+SSSE3+SSE4.1+SSE4.2+POPCNT,X86Base+SSE+SSE2,AES+PCLMUL VectorSize=256
// Job: Dry(IterationCount=1, LaunchCount=1, RunStrategy=ColdStart, UnrollFactor=1, WarmupCount=1)

// BeforeActualRun
WorkloadActual   1: 1 op, 23389996.00 ns, 23.3900 ms/op

// AfterActualRun
WorkloadResult   1: 1 op, 23389996.00 ns, 23.3900 ms/op

// AfterAll
// Benchmark Process 2832 has exited with code 0.

Mean = 23.390 ms, StdErr = 0.000 ms (0.00%), N = 1, StdDev = 0.000 ms
Min = 23.390 ms, Q1 = 23.390 ms, Median = 23.390 ms, Q3 = 23.390 ms, Max = 23.390 ms
IQR = 0.000 ms, LowerFence = 23.390 ms, UpperFence = 23.390 ms
ConfidenceInterval = [NaN ms; NaN ms] (CI 99.9%), Margin = NaN ms (NaN% of Mean)
Skewness = NaN, Kurtosis = NaN, MValue = 2

// ** Remained 4 (66.7 %) benchmark(s) to run. Estimated finish 2026-09-19 17:12 (0h 0m from now) **
// **************************
// Benchmark: ThreadScalingBenchmarks.Threaded: Dry(IterationCount=1, LaunchCount=1, RunStrategy=ColdStart, UnrollFactor=1, WarmupCount=1) [N=512, Threads=4]
// *** Execute ***
// Launch: 1 / 1
// Execute: dotnet Tensile.Benchmarks-Dry-1.dll --anonymousPipes 131 132 --benchmarkName "Tensile.Benchmarks.ThreadScalingBenchmarks.Threaded(N: 512, Threads: 4)" --job Dry --benchmarkId 2 in /home/user/CSharp_LinearAlgebra/bench/Tensile.Benchmarks/bin/Release/net10.0/Tensile.Benchmarks-Dry-1/bin/Release/net10.0
// BeforeAnythingElse

// Benchmark Process Environment Information:
// BenchmarkDotNet v0.15.8
// Runtime=.NET 10.0.12 (10.0.12, 10.0.1226.42308), X64 RyuJIT x86-64-v4
// GC=Concurrent Server
// HardwareIntrinsics=AVX512 F+BW+CD+DQ+VL,AVX2+BMI1+BMI2+F16C+FMA+LZCNT+MOVBE,AVX,SSE3+SSSE3+SSE4.1+SSE4.2+POPCNT,X86Base+SSE+SSE2,AES+PCLMUL VectorSize=256
// Job: Dry(IterationCount=1, LaunchCount=1, RunStrategy=ColdStart, UnrollFactor=1, WarmupCount=1)

// BeforeActualRun
WorkloadActual   1: 1 op, 22374146.00 ns, 22.3741 ms/op

// AfterActualRun
WorkloadResult   1: 1 op, 22374146.00 ns, 22.3741 ms/op

// AfterAll
// Benchmark Process 2848 has exited with code 0.

Mean = 22.374 ms, StdErr = 0.000 ms (0.00%), N = 1, StdDev = 0.000 ms
Min = 22.374 ms, Q1 = 22.374 ms, Median = 22.374 ms, Q3 = 22.374 ms, Max = 22.374 ms
IQR = 0.000 ms, LowerFence = 22.374 ms, UpperFence = 22.374 ms
ConfidenceInterval = [NaN ms; NaN ms] (CI 99.9%), Margin = NaN ms (NaN% of Mean)
Skewness = NaN, Kurtosis = NaN, MValue = 2

// ** Remained 3 (50.0 %) benchmark(s) to run. Estimated finish 2026-09-19 17:12 (0h 0m from now) **
// **************************
// Benchmark: ThreadScalingBenchmarks.Threaded: Dry(IterationCount=1, LaunchCount=1, RunStrategy=ColdStart, UnrollFactor=1, WarmupCount=1) [N=2048, Threads=1]
// *** Execute ***
// Launch: 1 / 1
// Execute: dotnet Tensile.Benchmarks-Dry-1.dll --anonymousPipes 131 132 --benchmarkName "Tensile.Benchmarks.ThreadScalingBenchmarks.Threaded(N: 2048, Threads: 1)" --job Dry --benchmarkId 3 in /home/user/CSharp_LinearAlgebra/bench/Tensile.Benchmarks/bin/Release/net10.0/Tensile.Benchmarks-Dry-1/bin/Release/net10.0
// BeforeAnythingElse

// Benchmark Process Environment Information:
// BenchmarkDotNet v0.15.8
// Runtime=.NET 10.0.12 (10.0.12, 10.0.1226.42308), X64 RyuJIT x86-64-v4
// GC=Concurrent Server
// HardwareIntrinsics=AVX512 F+BW+CD+DQ+VL,AVX2+BMI1+BMI2+F16C+FMA+LZCNT+MOVBE,AVX,SSE3+SSSE3+SSE4.1+SSE4.2+POPCNT,X86Base+SSE+SSE2,AES+PCLMUL VectorSize=256
// Job: Dry(IterationCount=1, LaunchCount=1, RunStrategy=ColdStart, UnrollFactor=1, WarmupCount=1)

// BeforeActualRun
WorkloadActual   1: 1 op, 402835980.00 ns, 402.8360 ms/op

// AfterActualRun
WorkloadResult   1: 1 op, 402835980.00 ns, 402.8360 ms/op

// AfterAll
// Benchmark Process 2866 has exited with code 0.

Mean = 402.836 ms, StdErr = 0.000 ms (0.00%), N = 1, StdDev = 0.000 ms
Min = 402.836 ms, Q1 = 402.836 ms, Median = 402.836 ms, Q3 = 402.836 ms, Max = 402.836 ms
IQR = 0.000 ms, LowerFence = 402.836 ms, UpperFence = 402.836 ms
ConfidenceInterval = [NaN ms; NaN ms] (CI 99.9%), Margin = NaN ms (NaN% of Mean)
Skewness = NaN, Kurtosis = NaN, MValue = 2

// ** Remained 2 (33.3 %) benchmark(s) to run. Estimated finish 2026-09-19 17:12 (0h 0m from now) **
// **************************
// Benchmark: ThreadScalingBenchmarks.Threaded: Dry(IterationCount=1, LaunchCount=1, RunStrategy=ColdStart, UnrollFactor=1, WarmupCount=1) [N=2048, Threads=2]
// *** Execute ***
// Launch: 1 / 1
// Execute: dotnet Tensile.Benchmarks-Dry-1.dll --anonymousPipes 114 115 --benchmarkName "Tensile.Benchmarks.ThreadScalingBenchmarks.Threaded(N: 2048, Threads: 2)" --job Dry --benchmarkId 4 in /home/user/CSharp_LinearAlgebra/bench/Tensile.Benchmarks/bin/Release/net10.0/Tensile.Benchmarks-Dry-1/bin/Release/net10.0
// BeforeAnythingElse

// Benchmark Process Environment Information:
// BenchmarkDotNet v0.15.8
// Runtime=.NET 10.0.12 (10.0.12, 10.0.1226.42308), X64 RyuJIT x86-64-v4
// GC=Concurrent Server
// HardwareIntrinsics=AVX512 F+BW+CD+DQ+VL,AVX2+BMI1+BMI2+F16C+FMA+LZCNT+MOVBE,AVX,SSE3+SSSE3+SSE4.1+SSE4.2+POPCNT,X86Base+SSE+SSE2,AES+PCLMUL VectorSize=256
// Job: Dry(IterationCount=1, LaunchCount=1, RunStrategy=ColdStart, UnrollFactor=1, WarmupCount=1)

// BeforeActualRun
WorkloadActual   1: 1 op, 247500133.00 ns, 247.5001 ms/op

// AfterActualRun
WorkloadResult   1: 1 op, 247500133.00 ns, 247.5001 ms/op

// AfterAll
// Benchmark Process 2879 has exited with code 0.

Mean = 247.500 ms, StdErr = 0.000 ms (0.00%), N = 1, StdDev = 0.000 ms
Min = 247.500 ms, Q1 = 247.500 ms, Median = 247.500 ms, Q3 = 247.500 ms, Max = 247.500 ms
IQR = 0.000 ms, LowerFence = 247.500 ms, UpperFence = 247.500 ms
ConfidenceInterval = [NaN ms; NaN ms] (CI 99.9%), Margin = NaN ms (NaN% of Mean)
Skewness = NaN, Kurtosis = NaN, MValue = 2

// ** Remained 1 (16.7 %) benchmark(s) to run. Estimated finish 2026-09-19 17:12 (0h 0m from now) **
// **************************
// Benchmark: ThreadScalingBenchmarks.Threaded: Dry(IterationCount=1, LaunchCount=1, RunStrategy=ColdStart, UnrollFactor=1, WarmupCount=1) [N=2048, Threads=4]
// *** Execute ***
// Launch: 1 / 1
// Execute: dotnet Tensile.Benchmarks-Dry-1.dll --anonymousPipes 114 115 --benchmarkName "Tensile.Benchmarks.ThreadScalingBenchmarks.Threaded(N: 2048, Threads: 4)" --job Dry --benchmarkId 5 in /home/user/CSharp_LinearAlgebra/bench/Tensile.Benchmarks/bin/Release/net10.0/Tensile.Benchmarks-Dry-1/bin/Release/net10.0
// BeforeAnythingElse

// Benchmark Process Environment Information:
// BenchmarkDotNet v0.15.8
// Runtime=.NET 10.0.12 (10.0.12, 10.0.1226.42308), X64 RyuJIT x86-64-v4
// GC=Concurrent Server
// HardwareIntrinsics=AVX512 F+BW+CD+DQ+VL,AVX2+BMI1+BMI2+F16C+FMA+LZCNT+MOVBE,AVX,SSE3+SSSE3+SSE4.1+SSE4.2+POPCNT,X86Base+SSE+SSE2,AES+PCLMUL VectorSize=256
// Job: Dry(IterationCount=1, LaunchCount=1, RunStrategy=ColdStart, UnrollFactor=1, WarmupCount=1)

// BeforeActualRun
WorkloadActual   1: 1 op, 193146313.00 ns, 193.1463 ms/op

// AfterActualRun
WorkloadResult   1: 1 op, 193146313.00 ns, 193.1463 ms/op

// AfterAll
// Benchmark Process 2898 has exited with code 0.

Mean = 193.146 ms, StdErr = 0.000 ms (0.00%), N = 1, StdDev = 0.000 ms
Min = 193.146 ms, Q1 = 193.146 ms, Median = 193.146 ms, Q3 = 193.146 ms, Max = 193.146 ms
IQR = 0.000 ms, LowerFence = 193.146 ms, UpperFence = 193.146 ms
ConfidenceInterval = [NaN ms; NaN ms] (CI 99.9%), Margin = NaN ms (NaN% of Mean)
Skewness = NaN, Kurtosis = NaN, MValue = 2

// ** Remained 0 (0.0 %) benchmark(s) to run. Estimated finish 2026-09-19 17:12 (0h 0m from now) **
// ***** BenchmarkRunner: Finish  *****

// * Export *
  BenchmarkDotNet.Artifacts/results/Tensile.Benchmarks.ThreadScalingBenchmarks-report.csv
  BenchmarkDotNet.Artifacts/results/Tensile.Benchmarks.ThreadScalingBenchmarks-report-github.md
  BenchmarkDotNet.Artifacts/results/Tensile.Benchmarks.ThreadScalingBenchmarks-report.html

// * Detailed results *
ThreadScalingBenchmarks.Threaded: Dry(IterationCount=1, LaunchCount=1, RunStrategy=ColdStart, UnrollFactor=1, WarmupCount=1) [N=512, Threads=1]
Runtime = .NET 10.0.12 (10.0.12, 10.0.1226.42308), X64 RyuJIT x86-64-v4; GC = Concurrent Server
Mean = 23.054 ms, StdErr = 0.000 ms (0.00%), N = 1, StdDev = 0.000 ms
Min = 23.054 ms, Q1 = 23.054 ms, Median = 23.054 ms, Q3 = 23.054 ms, Max = 23.054 ms
IQR = 0.000 ms, LowerFence = 23.054 ms, UpperFence = 23.054 ms
ConfidenceInterval = [NaN ms; NaN ms] (CI 99.9%), Margin = NaN ms (NaN% of Mean)
Skewness = NaN, Kurtosis = NaN, MValue = 2
-------------------- Histogram --------------------
[23.054 ms ; 23.054 ms) | @
---------------------------------------------------

ThreadScalingBenchmarks.Threaded: Dry(IterationCount=1, LaunchCount=1, RunStrategy=ColdStart, UnrollFactor=1, WarmupCount=1) [N=512, Threads=2]
Runtime = .NET 10.0.12 (10.0.12, 10.0.1226.42308), X64 RyuJIT x86-64-v4; GC = Concurrent Server
Mean = 23.390 ms, StdErr = 0.000 ms (0.00%), N = 1, StdDev = 0.000 ms
Min = 23.390 ms, Q1 = 23.390 ms, Median = 23.390 ms, Q3 = 23.390 ms, Max = 23.390 ms
IQR = 0.000 ms, LowerFence = 23.390 ms, UpperFence = 23.390 ms
ConfidenceInterval = [NaN ms; NaN ms] (CI 99.9%), Margin = NaN ms (NaN% of Mean)
Skewness = NaN, Kurtosis = NaN, MValue = 2
-------------------- Histogram --------------------
[23.390 ms ; 23.390 ms) | @
---------------------------------------------------

ThreadScalingBenchmarks.Threaded: Dry(IterationCount=1, LaunchCount=1, RunStrategy=ColdStart, UnrollFactor=1, WarmupCount=1) [N=512, Threads=4]
Runtime = .NET 10.0.12 (10.0.12, 10.0.1226.42308), X64 RyuJIT x86-64-v4; GC = Concurrent Server
Mean = 22.374 ms, StdErr = 0.000 ms (0.00%), N = 1, StdDev = 0.000 ms
Min = 22.374 ms, Q1 = 22.374 ms, Median = 22.374 ms, Q3 = 22.374 ms, Max = 22.374 ms
IQR = 0.000 ms, LowerFence = 22.374 ms, UpperFence = 22.374 ms
ConfidenceInterval = [NaN ms; NaN ms] (CI 99.9%), Margin = NaN ms (NaN% of Mean)
Skewness = NaN, Kurtosis = NaN, MValue = 2
-------------------- Histogram --------------------
[22.374 ms ; 22.374 ms) | @
---------------------------------------------------

ThreadScalingBenchmarks.Threaded: Dry(IterationCount=1, LaunchCount=1, RunStrategy=ColdStart, UnrollFactor=1, WarmupCount=1) [N=2048, Threads=1]
Runtime = .NET 10.0.12 (10.0.12, 10.0.1226.42308), X64 RyuJIT x86-64-v4; GC = Concurrent Server
Mean = 402.836 ms, StdErr = 0.000 ms (0.00%), N = 1, StdDev = 0.000 ms
Min = 402.836 ms, Q1 = 402.836 ms, Median = 402.836 ms, Q3 = 402.836 ms, Max = 402.836 ms
IQR = 0.000 ms, LowerFence = 402.836 ms, UpperFence = 402.836 ms
ConfidenceInterval = [NaN ms; NaN ms] (CI 99.9%), Margin = NaN ms (NaN% of Mean)
Skewness = NaN, Kurtosis = NaN, MValue = 2
-------------------- Histogram --------------------
[402.836 ms ; 402.836 ms) | @
---------------------------------------------------

ThreadScalingBenchmarks.Threaded: Dry(IterationCount=1, LaunchCount=1, RunStrategy=ColdStart, UnrollFactor=1, WarmupCount=1) [N=2048, Threads=2]
Runtime = .NET 10.0.12 (10.0.12, 10.0.1226.42308), X64 RyuJIT x86-64-v4; GC = Concurrent Server
Mean = 247.500 ms, StdErr = 0.000 ms (0.00%), N = 1, StdDev = 0.000 ms
Min = 247.500 ms, Q1 = 247.500 ms, Median = 247.500 ms, Q3 = 247.500 ms, Max = 247.500 ms
IQR = 0.000 ms, LowerFence = 247.500 ms, UpperFence = 247.500 ms
ConfidenceInterval = [NaN ms; NaN ms] (CI 99.9%), Margin = NaN ms (NaN% of Mean)
Skewness = NaN, Kurtosis = NaN, MValue = 2
-------------------- Histogram --------------------
[247.500 ms ; 247.500 ms) | @
---------------------------------------------------

ThreadScalingBenchmarks.Threaded: Dry(IterationCount=1, LaunchCount=1, RunStrategy=ColdStart, UnrollFactor=1, WarmupCount=1) [N=2048, Threads=4]
Runtime = .NET 10.0.12 (10.0.12, 10.0.1226.42308), X64 RyuJIT x86-64-v4; GC = Concurrent Server
Mean = 193.146 ms, StdErr = 0.000 ms (0.00%), N = 1, StdDev = 0.000 ms
Min = 193.146 ms, Q1 = 193.146 ms, Median = 193.146 ms, Q3 = 193.146 ms, Max = 193.146 ms
IQR = 0.000 ms, LowerFence = 193.146 ms, UpperFence = 193.146 ms
ConfidenceInterval = [NaN ms; NaN ms] (CI 99.9%), Margin = NaN ms (NaN% of Mean)
Skewness = NaN, Kurtosis = NaN, MValue = 2
-------------------- Histogram --------------------
[193.146 ms ; 193.146 ms) | @
---------------------------------------------------

// * Summary *

BenchmarkDotNet v0.15.8, Linux Ubuntu 24.04.4 LTS (Noble Numbat)
Intel Xeon Processor 2.80GHz, 1 CPU, 4 logical and 4 physical cores
.NET SDK 10.0.112
  [Host] : .NET 10.0.12 (10.0.12, 10.0.1226.42308), X64 RyuJIT x86-64-v4
  Dry    : .NET 10.0.12 (10.0.12, 10.0.1226.42308), X64 RyuJIT x86-64-v4

Job=Dry  IterationCount=1  LaunchCount=1  
RunStrategy=ColdStart  UnrollFactor=1  WarmupCount=1  

| Method   | N    | Threads | Mean      | Error |
|--------- |----- |-------- |----------:|------:|
| Threaded | 512  | 1       |  23.05 ms |    NA |
| Threaded | 512  | 2       |  23.39 ms |    NA |
| Threaded | 512  | 4       |  22.37 ms |    NA |
| Threaded | 2048 | 1       | 402.84 ms |    NA |
| Threaded | 2048 | 2       | 247.50 ms |    NA |
| Threaded | 2048 | 4       | 193.15 ms |    NA |

// * Warnings *
MinIterationTime
  ThreadScalingBenchmarks.Threaded: Dry -> The minimum observed iteration time is 23.054ms which is very small. It's recommended to increase it to at least 100ms using more operations.
  ThreadScalingBenchmarks.Threaded: Dry -> The minimum observed iteration time is 23.39ms which is very small. It's recommended to increase it to at least 100ms using more operations.
  ThreadScalingBenchmarks.Threaded: Dry -> The minimum observed iteration time is 22.374ms which is very small. It's recommended to increase it to at least 100ms using more operations.

// * Legends *
  N       : Value of the 'N' parameter
  Threads : Value of the 'Threads' parameter
  Mean    : Arithmetic mean of all measurements
  Error   : Half of 99.9% confidence interval
  1 ms    : 1 Millisecond (0.001 sec)

// ***** BenchmarkRunner: End *****
Run time: 00:00:02 (2.26 sec), executed benchmarks: 6

Global total time: 00:00:22 (22.47 sec), executed benchmarks: 6
// * Artifacts cleanup *
Artifacts cleanup is finished
