// Validating benchmarks:
// ***** BenchmarkRunner: Start   *****
// ***** Found 6 benchmark(s) in total *****
// ***** Building 1 exe(s) in Parallel: Start   *****
// start dotnet  restore --nodeReuse:false /p:UseSharedCompilation=false /p:Deterministic=true /p:Optimize=true /p:ArtifactsPath="/home/user/CSharp_LinearAlgebra/bench/Tensile.Benchmarks/bin/Release/net10.0/Tensile.Benchmarks-Dry-1/" /p:OutDir="/home/user/CSharp_LinearAlgebra/bench/Tensile.Benchmarks/bin/Release/net10.0/Tensile.Benchmarks-Dry-1/bin/Release/net10.0/" /p:OutputPath="/home/user/CSharp_LinearAlgebra/bench/Tensile.Benchmarks/bin/Release/net10.0/Tensile.Benchmarks-Dry-1/bin/Release/net10.0/" /p:PublishDir="/home/user/CSharp_LinearAlgebra/bench/Tensile.Benchmarks/bin/Release/net10.0/Tensile.Benchmarks-Dry-1/publish/" in /home/user/CSharp_LinearAlgebra/bench/Tensile.Benchmarks/bin/Release/net10.0/Tensile.Benchmarks-Dry-1
// command took 2.08 sec and exited with 0
// start dotnet  build -c Release --no-restore --nodeReuse:false /p:UseSharedCompilation=false /p:Deterministic=true /p:Optimize=true /p:ArtifactsPath="/home/user/CSharp_LinearAlgebra/bench/Tensile.Benchmarks/bin/Release/net10.0/Tensile.Benchmarks-Dry-1/" /p:OutDir="/home/user/CSharp_LinearAlgebra/bench/Tensile.Benchmarks/bin/Release/net10.0/Tensile.Benchmarks-Dry-1/bin/Release/net10.0/" /p:OutputPath="/home/user/CSharp_LinearAlgebra/bench/Tensile.Benchmarks/bin/Release/net10.0/Tensile.Benchmarks-Dry-1/bin/Release/net10.0/" /p:PublishDir="/home/user/CSharp_LinearAlgebra/bench/Tensile.Benchmarks/bin/Release/net10.0/Tensile.Benchmarks-Dry-1/publish/" --output "/home/user/CSharp_LinearAlgebra/bench/Tensile.Benchmarks/bin/Release/net10.0/Tensile.Benchmarks-Dry-1/bin/Release/net10.0/" in /home/user/CSharp_LinearAlgebra/bench/Tensile.Benchmarks/bin/Release/net10.0/Tensile.Benchmarks-Dry-1
// command took 17.76 sec and exited with 0
// ***** Done, took 00:00:19 (19.91 sec)   *****
// Found 6 benchmarks:
//   ThreadScalingBenchmarks.Threaded: Dry(IterationCount=1, LaunchCount=1, RunStrategy=ColdStart, UnrollFactor=1, WarmupCount=1) [N=2048, Threads=4]
//   ThreadScalingBenchmarks.Threaded: Dry(IterationCount=1, LaunchCount=1, RunStrategy=ColdStart, UnrollFactor=1, WarmupCount=1) [N=2048, Threads=2]
//   ThreadScalingBenchmarks.Threaded: Dry(IterationCount=1, LaunchCount=1, RunStrategy=ColdStart, UnrollFactor=1, WarmupCount=1) [N=2048, Threads=1]
//   ThreadScalingBenchmarks.Threaded: Dry(IterationCount=1, LaunchCount=1, RunStrategy=ColdStart, UnrollFactor=1, WarmupCount=1) [N=512, Threads=4]
//   ThreadScalingBenchmarks.Threaded: Dry(IterationCount=1, LaunchCount=1, RunStrategy=ColdStart, UnrollFactor=1, WarmupCount=1) [N=512, Threads=2]
//   ThreadScalingBenchmarks.Threaded: Dry(IterationCount=1, LaunchCount=1, RunStrategy=ColdStart, UnrollFactor=1, WarmupCount=1) [N=512, Threads=1]

// **************************
// Benchmark: ThreadScalingBenchmarks.Threaded: Dry(IterationCount=1, LaunchCount=1, RunStrategy=ColdStart, UnrollFactor=1, WarmupCount=1) [N=2048, Threads=4]
// *** Execute ***
// Launch: 1 / 1
// Execute: dotnet Tensile.Benchmarks-Dry-1.dll --anonymousPipes 131 132 --benchmarkName "Tensile.Benchmarks.ThreadScalingBenchmarks.Threaded(N: 2048, Threads: 4)" --job Dry --benchmarkId 0 in /home/user/CSharp_LinearAlgebra/bench/Tensile.Benchmarks/bin/Release/net10.0/Tensile.Benchmarks-Dry-1/bin/Release/net10.0
// BeforeAnythingElse

// Benchmark Process Environment Information:
// BenchmarkDotNet v0.15.8
// Runtime=.NET 10.0.12 (10.0.12, 10.0.1226.42308), X64 RyuJIT x86-64-v4
// GC=Concurrent Server
// HardwareIntrinsics=AVX512 F+BW+CD+DQ+VL,AVX2+BMI1+BMI2+F16C+FMA+LZCNT+MOVBE,AVX,SSE3+SSSE3+SSE4.1+SSE4.2+POPCNT,X86Base+SSE+SSE2,AES+PCLMUL VectorSize=256
// Job: Dry(IterationCount=1, LaunchCount=1, RunStrategy=ColdStart, UnrollFactor=1, WarmupCount=1)

// BeforeActualRun
WorkloadActual   1: 1 op, 202296399.00 ns, 202.2964 ms/op

// AfterActualRun
WorkloadResult   1: 1 op, 202296399.00 ns, 202.2964 ms/op

// AfterAll
// Benchmark Process 3979 has exited with code 0.

Mean = 202.296 ms, StdErr = 0.000 ms (0.00%), N = 1, StdDev = 0.000 ms
Min = 202.296 ms, Q1 = 202.296 ms, Median = 202.296 ms, Q3 = 202.296 ms, Max = 202.296 ms
IQR = 0.000 ms, LowerFence = 202.296 ms, UpperFence = 202.296 ms
ConfidenceInterval = [NaN ms; NaN ms] (CI 99.9%), Margin = NaN ms (NaN% of Mean)
Skewness = NaN, Kurtosis = NaN, MValue = 2

// ** Remained 5 (83.3 %) benchmark(s) to run. Estimated finish 2026-09-19 17:15 (0h 0m from now) **
// **************************
// Benchmark: ThreadScalingBenchmarks.Threaded: Dry(IterationCount=1, LaunchCount=1, RunStrategy=ColdStart, UnrollFactor=1, WarmupCount=1) [N=2048, Threads=2]
// *** Execute ***
// Launch: 1 / 1
// Execute: dotnet Tensile.Benchmarks-Dry-1.dll --anonymousPipes 131 132 --benchmarkName "Tensile.Benchmarks.ThreadScalingBenchmarks.Threaded(N: 2048, Threads: 2)" --job Dry --benchmarkId 1 in /home/user/CSharp_LinearAlgebra/bench/Tensile.Benchmarks/bin/Release/net10.0/Tensile.Benchmarks-Dry-1/bin/Release/net10.0
// BeforeAnythingElse

// Benchmark Process Environment Information:
// BenchmarkDotNet v0.15.8
// Runtime=.NET 10.0.12 (10.0.12, 10.0.1226.42308), X64 RyuJIT x86-64-v4
// GC=Concurrent Server
// HardwareIntrinsics=AVX512 F+BW+CD+DQ+VL,AVX2+BMI1+BMI2+F16C+FMA+LZCNT+MOVBE,AVX,SSE3+SSSE3+SSE4.1+SSE4.2+POPCNT,X86Base+SSE+SSE2,AES+PCLMUL VectorSize=256
// Job: Dry(IterationCount=1, LaunchCount=1, RunStrategy=ColdStart, UnrollFactor=1, WarmupCount=1)

// BeforeActualRun
WorkloadActual   1: 1 op, 222089449.00 ns, 222.0894 ms/op

// AfterActualRun
WorkloadResult   1: 1 op, 222089449.00 ns, 222.0894 ms/op

// AfterAll
// Benchmark Process 3999 has exited with code 0.

Mean = 222.089 ms, StdErr = 0.000 ms (0.00%), N = 1, StdDev = 0.000 ms
Min = 222.089 ms, Q1 = 222.089 ms, Median = 222.089 ms, Q3 = 222.089 ms, Max = 222.089 ms
IQR = 0.000 ms, LowerFence = 222.089 ms, UpperFence = 222.089 ms
ConfidenceInterval = [NaN ms; NaN ms] (CI 99.9%), Margin = NaN ms (NaN% of Mean)
Skewness = NaN, Kurtosis = NaN, MValue = 2

// ** Remained 4 (66.7 %) benchmark(s) to run. Estimated finish 2026-09-19 17:15 (0h 0m from now) **
// **************************
// Benchmark: ThreadScalingBenchmarks.Threaded: Dry(IterationCount=1, LaunchCount=1, RunStrategy=ColdStart, UnrollFactor=1, WarmupCount=1) [N=2048, Threads=1]
// *** Execute ***
// Launch: 1 / 1
// Execute: dotnet Tensile.Benchmarks-Dry-1.dll --anonymousPipes 131 132 --benchmarkName "Tensile.Benchmarks.ThreadScalingBenchmarks.Threaded(N: 2048, Threads: 1)" --job Dry --benchmarkId 2 in /home/user/CSharp_LinearAlgebra/bench/Tensile.Benchmarks/bin/Release/net10.0/Tensile.Benchmarks-Dry-1/bin/Release/net10.0
// BeforeAnythingElse

// Benchmark Process Environment Information:
// BenchmarkDotNet v0.15.8
// Runtime=.NET 10.0.12 (10.0.12, 10.0.1226.42308), X64 RyuJIT x86-64-v4
// GC=Concurrent Server
// HardwareIntrinsics=AVX512 F+BW+CD+DQ+VL,AVX2+BMI1+BMI2+F16C+FMA+LZCNT+MOVBE,AVX,SSE3+SSSE3+SSE4.1+SSE4.2+POPCNT,X86Base+SSE+SSE2,AES+PCLMUL VectorSize=256
// Job: Dry(IterationCount=1, LaunchCount=1, RunStrategy=ColdStart, UnrollFactor=1, WarmupCount=1)

// BeforeActualRun
WorkloadActual   1: 1 op, 398627004.00 ns, 398.6270 ms/op

// AfterActualRun
WorkloadResult   1: 1 op, 398627004.00 ns, 398.6270 ms/op

// AfterAll
// Benchmark Process 4015 has exited with code 0.

Mean = 398.627 ms, StdErr = 0.000 ms (0.00%), N = 1, StdDev = 0.000 ms
Min = 398.627 ms, Q1 = 398.627 ms, Median = 398.627 ms, Q3 = 398.627 ms, Max = 398.627 ms
IQR = 0.000 ms, LowerFence = 398.627 ms, UpperFence = 398.627 ms
ConfidenceInterval = [NaN ms; NaN ms] (CI 99.9%), Margin = NaN ms (NaN% of Mean)
Skewness = NaN, Kurtosis = NaN, MValue = 2

// ** Remained 3 (50.0 %) benchmark(s) to run. Estimated finish 2026-09-19 17:15 (0h 0m from now) **
// **************************
// Benchmark: ThreadScalingBenchmarks.Threaded: Dry(IterationCount=1, LaunchCount=1, RunStrategy=ColdStart, UnrollFactor=1, WarmupCount=1) [N=512, Threads=4]
// *** Execute ***
// Launch: 1 / 1
// Execute: dotnet Tensile.Benchmarks-Dry-1.dll --anonymousPipes 131 132 --benchmarkName "Tensile.Benchmarks.ThreadScalingBenchmarks.Threaded(N: 512, Threads: 4)" --job Dry --benchmarkId 3 in /home/user/CSharp_LinearAlgebra/bench/Tensile.Benchmarks/bin/Release/net10.0/Tensile.Benchmarks-Dry-1/bin/Release/net10.0
// BeforeAnythingElse

// Benchmark Process Environment Information:
// BenchmarkDotNet v0.15.8
// Runtime=.NET 10.0.12 (10.0.12, 10.0.1226.42308), X64 RyuJIT x86-64-v4
// GC=Concurrent Server
// HardwareIntrinsics=AVX512 F+BW+CD+DQ+VL,AVX2+BMI1+BMI2+F16C+FMA+LZCNT+MOVBE,AVX,SSE3+SSSE3+SSE4.1+SSE4.2+POPCNT,X86Base+SSE+SSE2,AES+PCLMUL VectorSize=256
// Job: Dry(IterationCount=1, LaunchCount=1, RunStrategy=ColdStart, UnrollFactor=1, WarmupCount=1)

// BeforeActualRun
WorkloadActual   1: 1 op, 23354174.00 ns, 23.3542 ms/op

// AfterActualRun
WorkloadResult   1: 1 op, 23354174.00 ns, 23.3542 ms/op

// AfterAll
// Benchmark Process 4030 has exited with code 0.

Mean = 23.354 ms, StdErr = 0.000 ms (0.00%), N = 1, StdDev = 0.000 ms
Min = 23.354 ms, Q1 = 23.354 ms, Median = 23.354 ms, Q3 = 23.354 ms, Max = 23.354 ms
IQR = 0.000 ms, LowerFence = 23.354 ms, UpperFence = 23.354 ms
ConfidenceInterval = [NaN ms; NaN ms] (CI 99.9%), Margin = NaN ms (NaN% of Mean)
Skewness = NaN, Kurtosis = NaN, MValue = 2

// ** Remained 2 (33.3 %) benchmark(s) to run. Estimated finish 2026-09-19 17:15 (0h 0m from now) **
// **************************
// Benchmark: ThreadScalingBenchmarks.Threaded: Dry(IterationCount=1, LaunchCount=1, RunStrategy=ColdStart, UnrollFactor=1, WarmupCount=1) [N=512, Threads=2]
// *** Execute ***
// Launch: 1 / 1
// Execute: dotnet Tensile.Benchmarks-Dry-1.dll --anonymousPipes 112 113 --benchmarkName "Tensile.Benchmarks.ThreadScalingBenchmarks.Threaded(N: 512, Threads: 2)" --job Dry --benchmarkId 4 in /home/user/CSharp_LinearAlgebra/bench/Tensile.Benchmarks/bin/Release/net10.0/Tensile.Benchmarks-Dry-1/bin/Release/net10.0
// BeforeAnythingElse

// Benchmark Process Environment Information:
// BenchmarkDotNet v0.15.8
// Runtime=.NET 10.0.12 (10.0.12, 10.0.1226.42308), X64 RyuJIT x86-64-v4
// GC=Concurrent Server
// HardwareIntrinsics=AVX512 F+BW+CD+DQ+VL,AVX2+BMI1+BMI2+F16C+FMA+LZCNT+MOVBE,AVX,SSE3+SSSE3+SSE4.1+SSE4.2+POPCNT,X86Base+SSE+SSE2,AES+PCLMUL VectorSize=256
// Job: Dry(IterationCount=1, LaunchCount=1, RunStrategy=ColdStart, UnrollFactor=1, WarmupCount=1)

// BeforeActualRun
WorkloadActual   1: 1 op, 23367029.00 ns, 23.3670 ms/op

// AfterActualRun
WorkloadResult   1: 1 op, 23367029.00 ns, 23.3670 ms/op

// AfterAll
// Benchmark Process 4048 has exited with code 0.

Mean = 23.367 ms, StdErr = 0.000 ms (0.00%), N = 1, StdDev = 0.000 ms
Min = 23.367 ms, Q1 = 23.367 ms, Median = 23.367 ms, Q3 = 23.367 ms, Max = 23.367 ms
IQR = 0.000 ms, LowerFence = 23.367 ms, UpperFence = 23.367 ms
ConfidenceInterval = [NaN ms; NaN ms] (CI 99.9%), Margin = NaN ms (NaN% of Mean)
Skewness = NaN, Kurtosis = NaN, MValue = 2

// ** Remained 1 (16.7 %) benchmark(s) to run. Estimated finish 2026-09-19 17:15 (0h 0m from now) **
// **************************
// Benchmark: ThreadScalingBenchmarks.Threaded: Dry(IterationCount=1, LaunchCount=1, RunStrategy=ColdStart, UnrollFactor=1, WarmupCount=1) [N=512, Threads=1]
// *** Execute ***
// Launch: 1 / 1
// Execute: dotnet Tensile.Benchmarks-Dry-1.dll --anonymousPipes 114 115 --benchmarkName "Tensile.Benchmarks.ThreadScalingBenchmarks.Threaded(N: 512, Threads: 1)" --job Dry --benchmarkId 5 in /home/user/CSharp_LinearAlgebra/bench/Tensile.Benchmarks/bin/Release/net10.0/Tensile.Benchmarks-Dry-1/bin/Release/net10.0
// BeforeAnythingElse

// Benchmark Process Environment Information:
// BenchmarkDotNet v0.15.8
// Runtime=.NET 10.0.12 (10.0.12, 10.0.1226.42308), X64 RyuJIT x86-64-v4
// GC=Concurrent Server
// HardwareIntrinsics=AVX512 F+BW+CD+DQ+VL,AVX2+BMI1+BMI2+F16C+FMA+LZCNT+MOVBE,AVX,SSE3+SSSE3+SSE4.1+SSE4.2+POPCNT,X86Base+SSE+SSE2,AES+PCLMUL VectorSize=256
// Job: Dry(IterationCount=1, LaunchCount=1, RunStrategy=ColdStart, UnrollFactor=1, WarmupCount=1)

// BeforeActualRun
WorkloadActual   1: 1 op, 23284308.00 ns, 23.2843 ms/op

// AfterActualRun
WorkloadResult   1: 1 op, 23284308.00 ns, 23.2843 ms/op

// AfterAll
// Benchmark Process 4064 has exited with code 0.

Mean = 23.284 ms, StdErr = 0.000 ms (0.00%), N = 1, StdDev = 0.000 ms
Min = 23.284 ms, Q1 = 23.284 ms, Median = 23.284 ms, Q3 = 23.284 ms, Max = 23.284 ms
IQR = 0.000 ms, LowerFence = 23.284 ms, UpperFence = 23.284 ms
ConfidenceInterval = [NaN ms; NaN ms] (CI 99.9%), Margin = NaN ms (NaN% of Mean)
Skewness = NaN, Kurtosis = NaN, MValue = 2

// ** Remained 0 (0.0 %) benchmark(s) to run. Estimated finish 2026-09-19 17:15 (0h 0m from now) **
// ***** BenchmarkRunner: Finish  *****

// * Export *
  BenchmarkDotNet.Artifacts/results/Tensile.Benchmarks.ThreadScalingBenchmarks-report.csv
  BenchmarkDotNet.Artifacts/results/Tensile.Benchmarks.ThreadScalingBenchmarks-report-github.md
  BenchmarkDotNet.Artifacts/results/Tensile.Benchmarks.ThreadScalingBenchmarks-report.html

// * Detailed results *
ThreadScalingBenchmarks.Threaded: Dry(IterationCount=1, LaunchCount=1, RunStrategy=ColdStart, UnrollFactor=1, WarmupCount=1) [N=2048, Threads=4]
Runtime = .NET 10.0.12 (10.0.12, 10.0.1226.42308), X64 RyuJIT x86-64-v4; GC = Concurrent Server
Mean = 202.296 ms, StdErr = 0.000 ms (0.00%), N = 1, StdDev = 0.000 ms
Min = 202.296 ms, Q1 = 202.296 ms, Median = 202.296 ms, Q3 = 202.296 ms, Max = 202.296 ms
IQR = 0.000 ms, LowerFence = 202.296 ms, UpperFence = 202.296 ms
ConfidenceInterval = [NaN ms; NaN ms] (CI 99.9%), Margin = NaN ms (NaN% of Mean)
Skewness = NaN, Kurtosis = NaN, MValue = 2
-------------------- Histogram --------------------
[202.296 ms ; 202.296 ms) | @
---------------------------------------------------

ThreadScalingBenchmarks.Threaded: Dry(IterationCount=1, LaunchCount=1, RunStrategy=ColdStart, UnrollFactor=1, WarmupCount=1) [N=2048, Threads=2]
Runtime = .NET 10.0.12 (10.0.12, 10.0.1226.42308), X64 RyuJIT x86-64-v4; GC = Concurrent Server
Mean = 222.089 ms, StdErr = 0.000 ms (0.00%), N = 1, StdDev = 0.000 ms
Min = 222.089 ms, Q1 = 222.089 ms, Median = 222.089 ms, Q3 = 222.089 ms, Max = 222.089 ms
IQR = 0.000 ms, LowerFence = 222.089 ms, UpperFence = 222.089 ms
ConfidenceInterval = [NaN ms; NaN ms] (CI 99.9%), Margin = NaN ms (NaN% of Mean)
Skewness = NaN, Kurtosis = NaN, MValue = 2
-------------------- Histogram --------------------
[222.089 ms ; 222.089 ms) | @
---------------------------------------------------

ThreadScalingBenchmarks.Threaded: Dry(IterationCount=1, LaunchCount=1, RunStrategy=ColdStart, UnrollFactor=1, WarmupCount=1) [N=2048, Threads=1]
Runtime = .NET 10.0.12 (10.0.12, 10.0.1226.42308), X64 RyuJIT x86-64-v4; GC = Concurrent Server
Mean = 398.627 ms, StdErr = 0.000 ms (0.00%), N = 1, StdDev = 0.000 ms
Min = 398.627 ms, Q1 = 398.627 ms, Median = 398.627 ms, Q3 = 398.627 ms, Max = 398.627 ms
IQR = 0.000 ms, LowerFence = 398.627 ms, UpperFence = 398.627 ms
ConfidenceInterval = [NaN ms; NaN ms] (CI 99.9%), Margin = NaN ms (NaN% of Mean)
Skewness = NaN, Kurtosis = NaN, MValue = 2
-------------------- Histogram --------------------
[398.627 ms ; 398.627 ms) | @
---------------------------------------------------

ThreadScalingBenchmarks.Threaded: Dry(IterationCount=1, LaunchCount=1, RunStrategy=ColdStart, UnrollFactor=1, WarmupCount=1) [N=512, Threads=4]
Runtime = .NET 10.0.12 (10.0.12, 10.0.1226.42308), X64 RyuJIT x86-64-v4; GC = Concurrent Server
Mean = 23.354 ms, StdErr = 0.000 ms (0.00%), N = 1, StdDev = 0.000 ms
Min = 23.354 ms, Q1 = 23.354 ms, Median = 23.354 ms, Q3 = 23.354 ms, Max = 23.354 ms
IQR = 0.000 ms, LowerFence = 23.354 ms, UpperFence = 23.354 ms
ConfidenceInterval = [NaN ms; NaN ms] (CI 99.9%), Margin = NaN ms (NaN% of Mean)
Skewness = NaN, Kurtosis = NaN, MValue = 2
-------------------- Histogram --------------------
[23.354 ms ; 23.354 ms) | @
---------------------------------------------------

ThreadScalingBenchmarks.Threaded: Dry(IterationCount=1, LaunchCount=1, RunStrategy=ColdStart, UnrollFactor=1, WarmupCount=1) [N=512, Threads=2]
Runtime = .NET 10.0.12 (10.0.12, 10.0.1226.42308), X64 RyuJIT x86-64-v4; GC = Concurrent Server
Mean = 23.367 ms, StdErr = 0.000 ms (0.00%), N = 1, StdDev = 0.000 ms
Min = 23.367 ms, Q1 = 23.367 ms, Median = 23.367 ms, Q3 = 23.367 ms, Max = 23.367 ms
IQR = 0.000 ms, LowerFence = 23.367 ms, UpperFence = 23.367 ms
ConfidenceInterval = [NaN ms; NaN ms] (CI 99.9%), Margin = NaN ms (NaN% of Mean)
Skewness = NaN, Kurtosis = NaN, MValue = 2
-------------------- Histogram --------------------
[23.367 ms ; 23.367 ms) | @
---------------------------------------------------

ThreadScalingBenchmarks.Threaded: Dry(IterationCount=1, LaunchCount=1, RunStrategy=ColdStart, UnrollFactor=1, WarmupCount=1) [N=512, Threads=1]
Runtime = .NET 10.0.12 (10.0.12, 10.0.1226.42308), X64 RyuJIT x86-64-v4; GC = Concurrent Server
Mean = 23.284 ms, StdErr = 0.000 ms (0.00%), N = 1, StdDev = 0.000 ms
Min = 23.284 ms, Q1 = 23.284 ms, Median = 23.284 ms, Q3 = 23.284 ms, Max = 23.284 ms
IQR = 0.000 ms, LowerFence = 23.284 ms, UpperFence = 23.284 ms
ConfidenceInterval = [NaN ms; NaN ms] (CI 99.9%), Margin = NaN ms (NaN% of Mean)
Skewness = NaN, Kurtosis = NaN, MValue = 2
-------------------- Histogram --------------------
[23.284 ms ; 23.284 ms) | @
---------------------------------------------------

// * Summary *

BenchmarkDotNet v0.15.8, Linux Ubuntu 24.04.4 LTS (Noble Numbat)
Intel Xeon Processor 2.80GHz, 1 CPU, 4 logical and 4 physical cores
.NET SDK 10.0.112
  [Host] : .NET 10.0.12 (10.0.12, 10.0.1226.42308), X64 RyuJIT x86-64-v4
  Dry    : .NET 10.0.12 (10.0.12, 10.0.1226.42308), X64 RyuJIT x86-64-v4

Job=Dry  IterationCount=1  LaunchCount=1  
RunStrategy=ColdStart  UnrollFactor=1  WarmupCount=1  

| Method   | N    | Threads | Mean      | Error |
|--------- |----- |-------- |----------:|------:|
| Threaded | 2048 | 4       | 202.30 ms |    NA |
| Threaded | 2048 | 2       | 222.09 ms |    NA |
| Threaded | 2048 | 1       | 398.63 ms |    NA |
| Threaded | 512  | 4       |  23.35 ms |    NA |
| Threaded | 512  | 2       |  23.37 ms |    NA |
| Threaded | 512  | 1       |  23.28 ms |    NA |

// * Warnings *
MinIterationTime
  ThreadScalingBenchmarks.Threaded: Dry -> The minimum observed iteration time is 23.354ms which is very small. It's recommended to increase it to at least 100ms using more operations.
  ThreadScalingBenchmarks.Threaded: Dry -> The minimum observed iteration time is 23.367ms which is very small. It's recommended to increase it to at least 100ms using more operations.
  ThreadScalingBenchmarks.Threaded: Dry -> The minimum observed iteration time is 23.284ms which is very small. It's recommended to increase it to at least 100ms using more operations.

// * Legends *
  N       : Value of the 'N' parameter
  Threads : Value of the 'Threads' parameter
  Mean    : Arithmetic mean of all measurements
  Error   : Half of 99.9% confidence interval
  1 ms    : 1 Millisecond (0.001 sec)

// ***** BenchmarkRunner: End *****
Run time: 00:00:02 (2.21 sec), executed benchmarks: 6

Global total time: 00:00:22 (22.24 sec), executed benchmarks: 6
// * Artifacts cleanup *
Artifacts cleanup is finished
